05-16 15:36:26.134 16689 16689 I HwActionMenuItemView: HwActionMenuItemView
05-16 15:36:26.135 16689 16689 I ReflectUtil: reflect mIcon success in set object
05-16 15:36:26.135 16689 16689 I HwActionMenuItemView: HwActionMenuItemView
05-16 15:36:26.136 16689 16689 I ReflectUtil: reflect mIcon success in set object
05-16 15:36:26.136 16689 16689 I HwActionMenuItemView: HwActionMenuItemView
05-16 15:36:26.136 16689 16689 I ReflectUtil: reflect mIcon success in set object
05-16 15:36:26.137 16689 16689 I HwActionMenuItemView: HwActionMenuItemView
05-16 15:36:26.137 16689 16689 I ReflectUtil: reflect mIcon success in set object
05-16 15:36:26.138 16689 16689 I HwActionMenuItemView: HwActionMenuItemView
05-16 15:36:26.138 16689 16689 I ReflectUtil: reflect mIcon success in set object
05-16 15:36:26.139 16689 16689 I HwActionMenuItemView: HwActionMenuItemView
05-16 15:36:26.139 16689 16689 I ReflectUtil: reflect mIcon success in set object
05-16 15:36:26.140 16689 16689 I HwActionMenuItemView: HwActionMenuItemView
05-16 15:36:26.140 16689 16689 I ReflectUtil: reflect mIcon success in set object
05-16 15:36:26.141 16689 16689 I HwActionMenuItemView: HwActionMenuItemView
05-16 15:36:26.141 16689 16689 I ReflectUtil: reflect mIcon success in set object
05-16 15:36:26.141 16689 16689 I HwActionMenuItemView: HwActionMenuItemView
05-16 15:36:26.141 16689 16689 I ReflectUtil: reflect mIcon success in set object
05-16 15:36:26.142 16689 16689 I HwActionMenuItemView: HwActionMenuItemView
05-16 15:36:26.142 16689 16689 I ReflectUtil: reflect mIcon success in set object
05-16 15:36:26.143 16689 16689 I HwActionMenuItemView: HwActionMenuItemView
05-16 15:36:26.143 16689 16689 I ReflectUtil: reflect mIcon success in set object
05-16 15:36:26.143 16689 16689 I HwActionMenuItemView: HwActionMenuItemView
05-16 15:36:26.144 16689 16689 I ReflectUtil: reflect mIcon success in set object
05-16 15:36:26.144 16689 16689 I HwActionMenuItemView: HwActionMenuItemView
05-16 15:36:26.144 16689 16689 I ReflectUtil: reflect mIcon success in set object
05-16 15:36:26.145 16689 16689 I FileManager-10.4.0.301 | HiDiskCommonUtil: getTestDemo --> null
05-16 15:36:26.147 16689 16689 I HwActionMenuItemView: HwActionMenuItemView
05-16 15:36:26.147 16689 16689 I ReflectUtil: reflect mIcon success in set object
05-16 15:36:26.148 16689 16689 I HwActionMenuItemView: HwActionMenuItemView
05-16 15:36:26.148 16689 16689 I ReflectUtil: reflect mIcon success in set object
05-16 15:36:26.148 16689 16689 I HwActionMenuItemView: HwActionMenuItemView
05-16 15:36:26.148 16689 16689 I ReflectUtil: reflect mIcon success in set object
05-16 15:36:26.149 16689 16689 I HwActionMenuItemView: HwActionMenuItemView
05-16 15:36:26.149 16689 16689 I ReflectUtil: reflect mIcon success in set object
05-16 15:36:26.150 16689 16689 I HwActionMenuItemView: HwActionMenuItemView
05-16 15:36:26.150 16689 16689 I ReflectUtil: reflect mIcon success in set object
05-16 15:36:26.150 16689 16689 I HwActionMenuItemView: HwActionMenuItemView
05-16 15:36:26.151 16689 16689 I ReflectUtil: reflect mIcon success in set object
05-16 15:36:26.151 16689 16689 I HwActionMenuItemView: HwActionMenuItemView
05-16 15:36:26.151 16689 16689 I ReflectUtil: reflect mIcon success in set object
05-16 15:36:26.152 16689 16689 I HwActionMenuItemView: HwActionMenuItemView
05-16 15:36:26.153 16689 16689 I ReflectUtil: reflect mIcon success in set object
05-16 15:36:26.154 16689 16689 I HwActionMenuItemView: HwActionMenuItemView
05-16 15:36:26.154 16689 16689 I ReflectUtil: reflect mIcon success in set object
05-16 15:36:26.155 16689 16689 I HwActionMenuItemView: HwActionMenuItemView
05-16 15:36:26.155 16689 16689 I ReflectUtil: reflect mIcon success in set object
05-16 15:36:26.156 16689 16689 I HwActionMenuItemView: HwActionMenuItemView
05-16 15:36:26.156 16689 16689 I ReflectUtil: reflect mIcon success in set object
05-16 15:36:26.156 16689 16689 I HwActionMenuItemView: HwActionMenuItemView
05-16 15:36:26.156 16689 16689 I ReflectUtil: reflect mIcon success in set object
05-16 15:36:26.158 16689 16689 I FileManager-10.4.0.301 | HiDiskCommonUtil: hwid login
05-16 15:36:26.176 16689 16689 I FileManager-10.4.0.301 | XListView: stopRefresh mPullRefreshing false
05-16 15:36:26.176 16689 16689 I FileManager-10.4.0.301 | HiDiskCommonUtil: getTestDemo --> null
05-16 15:36:26.180 16689 16689 I FileManager-10.4.0.301 | HiDiskCommonUtil: hwid login
05-16 15:36:26.181 16689 16689 I FileManager-10.4.0.301 | HiDiskCommonUtil: getTestDemo --> null
05-16 15:36:26.184 16689 16689 I FileManager-10.4.0.301 | HiDiskCommonUtil: hwid login
05-16 15:36:26.187 16689 16689 I FileManager-10.4.0.301 | HiDiskCommonUtil: getTestDemo --> null
05-16 15:36:26.189 16689 16689 I HwActionMenuItemView: HwActionMenuItemView
05-16 15:36:26.191 16689 16689 I ReflectUtil: reflect mIcon success in set object
05-16 15:36:26.192 16689 16689 I HwActionMenuItemView: HwActionMenuItemView
05-16 15:36:26.194 16689 16689 I ReflectUtil: reflect mIcon success in set object
05-16 15:36:26.195 16689 16689 I HwActionMenuItemView: HwActionMenuItemView
05-16 15:36:26.197 16689 16689 I ReflectUtil: reflect mIcon success in set object
05-16 15:36:26.198 16689 16689 I HwActionMenuItemView: HwActionMenuItemView
05-16 15:36:26.198 16689 16689 I ReflectUtil: reflect mIcon success in set object
05-16 15:36:26.199 16689 16689 I HwActionMenuItemView: HwActionMenuItemView
05-16 15:36:26.199 16689 16689 I ReflectUtil: reflect mIcon success in set object
05-16 15:36:26.200 16689 16689 I HwActionMenuItemView: HwActionMenuItemView
05-16 15:36:26.200 16689 16689 I ReflectUtil: reflect mIcon success in set object
05-16 15:36:26.200 16689 16689 I HwActionMenuItemView: HwActionMenuItemView
05-16 15:36:26.200 16689 16689 I ReflectUtil: reflect mIcon success in set object
05-16 15:36:26.201 16689 16689 I HwActionMenuItemView: HwActionMenuItemView
05-16 15:36:26.201 16689 16689 I ReflectUtil: reflect mIcon success in set object
05-16 15:36:26.212 16689 16689 D HwWidgetFactoryImpl: getAppDefinedPrimaryColor has Color=0xf2f2f2f2 set by setStatusBarColor()
05-16 15:36:26.262   875  1062 W JankService: processEntry, not beta version or commercial log off
05-16 15:36:26.428  2465  2465 D StatusBarIconController: setIconVisibility icon is null or visibility not change visibility=false
05-16 15:36:26.430  2465  2465 D NetWorkUtils: mVSimCurCardType is -1
05-16 15:36:26.431  2465  2465 D StatusBarIconController: setIconVisibility icon is null or visibility not change visibility=false
05-16 15:36:26.432  2465  2465 D NetWorkUtils: mVSimCurCardType is -1
05-16 15:36:26.433  2465  2465 D StatusBarIconController: setIconVisibility icon is null or visibility not change visibility=false
05-16 15:36:26.433  2465  2465 D NetWorkUtils: mVSimCurCardType is -1
05-16 15:36:26.434  2465  2465 I Tile.WifiTile: setWifiIndicators  CallbackInfo = CallbackInfo[enabled=true,connected=true,wifiSignalIconId=2130838423,enabledDesc="H2",activityIn=true,activityOut=true,wifiSignalContentDescription=WLAN 信号强度满格。]
05-16 15:36:26.642  1498  2381 D HwArpVerifier: performPollAndLog:
05-16 15:36:26.646  1498  2381 D hw_netstat: total/253/780,android.uid.phone:1001/219/540,com.roadside.assistance11/0/240,unknown:0/34/0
05-16 15:36:26.780  1498  2325 E WificondControl: Noise: 0, Snr: -1, Chload: -1
05-16 15:36:26.780  1498  2325 E HwWifiStatStore: updateLinkSpeed  linkSpeed =72 lastSpdLev=2 index=2
05-16 15:36:26.781  1498  2327 D HwWifiCHRStateManager: handleMessage : 1001
05-16 15:36:26.781  1498  2327 D HwWifiCHRStateManager: handleUpdateChannel:2457
05-16 15:36:26.781  2411  2411 D wpa_supplicant: sta hidl pwrPercentBoostModesetInternal
05-16 15:36:26.805  1498  1498 D WiFi_PRO: MSG_RETURN_AP_CURRY_RSSI rssi = -45
05-16 15:36:26.805  1498  2400 I HuaweiWifiWatchdogStateMachine: POta txb txg rxg:0, 12, 0. Lr =0% Totpkt=12
05-16 15:36:26.805  1498  1498 I QosMonitor: queryRtt: rtt_type = 3
05-16 15:36:26.806  1498  1498 I QosMonitor: postEventFromNative: msg=100,arg1=4,arg2=10
05-16 15:36:26.806  1498  1498 I QosMonitor: postEventFromNative: msg=100,arg1=0,arg2=10
05-16 15:36:26.807  1498  1498 I MQoS    : rtt=384,tcp_tx_pkts=136581,tcp_rx_pkts=213195
05-16 15:36:26.807  1498  1498 I QosMonitor: resetRtt: rtt_type = 3
05-16 15:36:26.808  1498  2400 I HuaweiWifiWatchdogStateMachine: PTcp RTT:0, rtt pkt=0, tcp_rx=1, tcp_tx=8, tcp_reTran=6, rtRate=0.75
05-16 15:36:26.808  1498  2400 I HuaweiWifiWatchdogStateMachine: after backoff rssi th: -75, next TH:-75
05-16 15:36:26.808  1498  2391 D HwUidTcpMonitor: parseWlanUidTcpStatistics lastUidTcpStatInfo = [ mUid = 10150 mPacketName = com.roadside.assistance11 mLastUpdateTime = 1557992186808 mSendSegs = 2921 mResendSegs = 1259 mRcvSegs = 1399 mRttDuration = 106616 mRttSegs = 224 mMobileSendSegs = 0 mMobileResendSegs = 0 mMobileRcvSegs = 0 mMobileRttDuration = 0 mMobileRttSegs = 0 ]
05-16 15:36:26.808  1498  2391 D HwWifiConnectivityMonitor: ENTER: notifyTopUidTcpInfo, tx = 2, rx = 1, reTx = 0, uid = 1001, tr = 0.0
05-16 15:36:26.808  1498  2391 D HwWifiConnectivityMonitor: ENTER: notifyTopUidTcpInfo, rtt = 128, rttPkts = 1, aveRtt = 128.0, app = android.uid.phone:1001
05-16 15:36:26.808  1498  2391 D HwUidTcpMonitor: parseWlanUidTcpStatistics lastUidTcpStatInfo = [ mUid = 1001 mPacketName = android.uid.phone:1001 mLastUpdateTime = 1557992186808 mSendSegs = 54 mResendSegs = 0 mRcvSegs = 31 mRttDuration = 3376 mRttSegs = 25 mMobileSendSegs = 0 mMobileResendSegs = 0 mMobileRcvSegs = 0 mMobileRttDuration = 0 mMobileRttSegs = 0 ]
05-16 15:36:26.808  1498  2391 D HwUidTcpMonitor: parseMobileUidTcpStatistics tcpStatLines.get(i).startsWith(WIFIPRO_TAG)
05-16 15:36:26.812  1498  5133 I MQoS    : QOS_level:4(4),wifi-link;use signalLvl:4;RAT:4G
05-16 15:36:26.874   834  1040 I Pged-IPgedBinderService: ****action is 2, pid num is 3***
05-16 15:36:26.874   834  1040 I Pged-Freezer: thawPids
05-16 15:36:26.891  2660  3175 D PgedBinderAdapter: unfrz ok, pid: [21425, 17355]
05-16 15:36:26.898   570 17984 W libc    : Set property "hw.wifi.dns_stat" to "7325,5402,3835,1,175375"
05-16 15:36:27.143  1498  2414 I HwNormalizedSpline: DayMode:getBrightnessLevel lux =235.0, mDefaultBrightnessFromLux =57.338085
05-16 15:36:27.432  2465  2465 D StatusBarIconController: setIconVisibility icon is null or visibility not change visibility=false
05-16 15:36:27.434  2465  2465 D NetWorkUtils: mVSimCurCardType is -1
05-16 15:36:27.437  2465  2465 D StatusBarIconController: setIconVisibility icon is null or visibility not change visibility=false
05-16 15:36:27.438  2465  2465 D NetWorkUtils: mVSimCurCardType is -1
05-16 15:36:27.439  2465  2465 D StatusBarIconController: setIconVisibility icon is null or visibility not change visibility=false
05-16 15:36:27.439  2465  2465 D NetWorkUtils: mVSimCurCardType is -1
05-16 15:36:27.440  2465  2465 I Tile.WifiTile: setWifiIndicators  CallbackInfo = CallbackInfo[enabled=true,connected=true,wifiSignalIconId=2130838423,enabledDesc="H2",activityIn=true,activityOut=false,wifiSignalContentDescription=WLAN 信号强度满格。]
05-16 15:36:27.790 16689 16689 V AudioManager: playSoundEffect   effectType: 0
05-16 15:36:27.793 16689 16689 I FileManager-10.4.0.301 | User: updateCurrState 3
05-16 15:36:27.802 16689 16689 E RawDlg  : No field layoutInDisplayCutoutMode in class Landroid/view/WindowManager$LayoutParams; (declaration of 'android.view.WindowManager$LayoutParams' appears in /system/framework/framework.jar!classes2.dex)
05-16 15:36:27.814 16689 16689 D CubicBezierInterpolator: CubicBezierInterpolator  mControlPoint1x = 0.23, mControlPoint1y = 0.06, mControlPoint2x = 0.09, mControlPoint2y = 0.97
05-16 15:36:27.815 16689 16689 D CubicBezierInterpolator: CubicBezierInterpolator  mControlPoint1x = 0.6, mControlPoint1y = 0.9, mControlPoint2x = 0.8, mControlPoint2y = 1.0
05-16 15:36:27.815 16689 16689 D CubicBezierInterpolator: CubicBezierInterpolator  mControlPoint1x = 0.23, mControlPoint1y = 0.06, mControlPoint2x = 0.09, mControlPoint2y = 0.97
05-16 15:36:27.815 16689 16689 D CubicBezierInterpolator: CubicBezierInterpolator  mControlPoint1x = 0.6, mControlPoint1y = 0.9, mControlPoint2x = 0.8, mControlPoint2y = 1.0
05-16 15:36:27.826 16689 16689 D HwRTBlurUtils: check blur style for HwPhoneWindow, themeResId : 0x0206002b, context : android.view.ContextThemeWrapper@864a842, Nhwext : 10, get Blur : disable with , android.graphics.drawable.NinePatchDrawable@32bf053
05-16 15:36:27.831 16689 16739 D OpenGLRenderer:   HWUI Binary is  disabled
05-16 15:36:27.834  1498 13930 V WindowManager: Adding Window{e525a94 u0 com.huawei.hidisk/com.huawei.hidisk.filemanager.FileManager} to AppWindowToken{e5a74a5 token=Token{78229c ActivityRecord{e5e820f u0 com.huawei.hidisk/.filemanager.FileManager t54}}}
05-16 15:36:27.837  1498 13930 V WindowManager: addWindow: New client android.os.BinderProxy@90f3ee7: window=Window{e525a94 u0 com.huawei.hidisk/com.huawei.hidisk.filemanager.FileManager} Callers=com.android.server.wm.HwWindowManagerService.addWindow:606 com.android.server.wm.Session.addToDisplay:204 android.view.IWindowSession$Stub.onTransact:124 com.android.server.wm.Session.onTransact:165 android.os.Binder.execTransact:698 
05-16 15:36:27.838 16689 16739 D OpenGLRenderer:   HWUI Binary is  disabled
05-16 15:36:27.846  1498  2159 D PackageManager: resolve intent for uid:1001, matchs:3, res:ResolveInfo{321d93d com.huawei.android.launcher/.unihome.UniHomeLauncher m=0x108000}
05-16 15:36:27.863   728   728 W surfaceflinger: type=1400 audit(0.0:26442): avc: denied { read } for name="cust" dev="mmcblk0p53" ino=60288 scontext=u:r:surfaceflinger:s0 tcontext=u:object_r:cust_data_file:s0 tclass=lnk_file permissive=0
05-16 15:36:27.863   728   728 D SurfaceFlinger: duplicate layer name: changing com.huawei.hidisk/com.huawei.hidisk.filemanager.FileManager to com.huawei.hidisk/com.huawei.hidisk.filemanager.FileManager#1
05-16 15:36:27.865   532   532 E SELinux : avc:  denied  { find } for interface=vendor.huawei.hardware.hwsched::ISched sid=u:r:surfaceflinger:s0 pid=728 scontext=u:r:surfaceflinger:s0 tcontext=u:object_r:default_android_hwservice:s0 tclass=hwservice_manager permissive=0
05-16 15:36:27.866   728   728 E BufferQueueProducer: [] [hwsched]Can not get hwsched service
05-16 15:36:27.866   728   728 E BufferQueueProducer: [] [hwsched] Sched_config_cust.xml is not exit or file is invalid!
05-16 15:36:27.866   728   728 E BufferQueueProducer: [] [hwsched] LoadFile error, path:(null), error code:3
05-16 15:36:27.883   728   946 E BufferQueueProducer: [] mConsumerName == NULL!!!!!!
05-16 15:36:27.924  1498  2159 D WindowManager: finishDrawingWindow: Window{e525a94 u0 com.huawei.hidisk/com.huawei.hidisk.filemanager.FileManager} mDrawState=DRAW_PENDING
05-16 15:36:27.924 16689 16689 I ViewRootImpl: jank_removeInvalidNode jank list is null
05-16 15:36:27.947  1498  2140 D CubicBezierInterpolator: CubicBezierInterpolator  mControlPoint1x = 0.06, mControlPoint1y = 0.75, mControlPoint2x = 0.52, mControlPoint2y = 1.0
05-16 15:36:27.960  1498  2159 D WindowManager: finishDrawingWindow: Window{e525a94 u0 com.huawei.hidisk/com.huawei.hidisk.filemanager.FileManager} mDrawState=HAS_DRAWN
05-16 15:36:28.007  1498  1498 I TrafficMonitor: update:rxPkts:4,txPkts:0,rxBytes:800,txBytes:0
05-16 15:36:28.007  1498  1498 I TrafficMonitor: start expired. level:-1
05-16 15:36:28.007  1498  1498 I TrafficMonitor: gettimer:interval=2000
05-16 15:36:28.228   765   786 E libnav  : CablComputeBacklightLevel(): UpdateType = DifferentSceneUpdate
05-16 15:36:28.274  1498  2325 E WificondControl: Noise: 0, Snr: -1, Chload: -1
05-16 15:36:28.275  1498  2325 E HwWifiStatStore: updateLinkSpeed  linkSpeed =72 lastSpdLev=2 index=2
05-16 15:36:28.275  1498  2327 D HwWifiCHRStateManager: handleMessage : 1001
05-16 15:36:28.275  1498  2327 D HwWifiCHRStateManager: handleUpdateChannel:2457
05-16 15:36:28.275  2411  2411 D wpa_supplicant: sta hidl pwrPercentBoostModesetInternal
05-16 15:36:28.278  1498  2325 D WifiScoreReport: Score = 100, wifiConnectivityManagerEnabled = false, lowScoreCount = 0
05-16 15:36:28.485 16689 16689 V AudioManager: playSoundEffect   effectType: 0
05-16 15:36:28.486 16689 16689 I FileManager-10.4.0.301 | User: forwardState 0
05-16 15:36:28.487 16689 16689 I FileManager-10.4.0.301 | User: updateCurrState 11
05-16 15:36:28.502 16689 16689 D CubicBezierInterpolator: CubicBezierInterpolator  mControlPoint1x = 0.38, mControlPoint1y = 0.1, mControlPoint2x = 0.0, mControlPoint2y = 0.93
05-16 15:36:28.521 16689 17988 I FileManager-10.4.0.301 | DeleteThread: run Start
05-16 15:36:28.524 16689 17988 I FileManager-10.4.0.301 | DeleteThread: runFileCacheTask Start
05-16 15:36:28.525 16689 17988 I FileManager-10.4.0.301 | DeleteThread: getDeleteFileCacheSize size = 1041172
05-16 15:36:28.525 16689 17988 I FileManager-10.4.0.301 | DeleteThread: procRunFileCacheTask Start
05-16 15:36:28.530  1498  2159 V WindowManager: removeIfPossible: Window{e525a94 u0 com.huawei.hidisk/com.huawei.hidisk.filemanager.FileManager} callers=com.android.server.wm.WindowState.removeIfPossible:2027 com.android.server.wm.WindowManagerService.removeWindow:2083 com.android.server.wm.Session.remove:224 android.view.IWindowSession$Stub.onTransact:242 com.android.server.wm.Session.onTransact:165 
05-16 15:36:28.531 16689 17988 I FileManager-10.4.0.301 | DeleteThread: procRunFileCacheTask End
05-16 15:36:28.532 16689 17988 I FileManager-10.4.0.301 | DeleteThread: runFileCacheTask End
05-16 15:36:28.535 16689 17988 I FileManager-10.4.0.301 | MediaScanUtils: SupportScanFolder action = huawei.intent.action.MEDIA_SCANNER_SCAN_FOLDER
05-16 15:36:28.536  1498  2159 D CubicBezierInterpolator: CubicBezierInterpolator  mControlPoint1x = 0.7, mControlPoint1y = 0.0, mControlPoint2x = 0.19, mControlPoint2y = 1.0
05-16 15:36:28.537  1498  2159 V WindowManager: Not removing Window{e525a94 u0 com.huawei.hidisk/com.huawei.hidisk.filemanager.FileManager EXITING} due to exit animation 
05-16 15:36:28.537 16689 17988 I FileManager-10.4.0.301 | MediaScanUtils: SupportScanFolder action = huawei.intent.action.MEDIA_SCANNER_SCAN_FOLDER
05-16 15:36:28.537  1498  2159 V HwPhoneWindowManager: updateSystemUiColorLw window=Window{7766de2 u0 com.huawei.hidisk/com.huawei.hidisk.filemanager.FileManager},EmuiStyle=1,StatusBarColor=0xf2f2f2f2,NavigationBarColor=0xffffffff, mLastIsEmuiLightStyle=1, mForceNotchStatusBar=false
05-16 15:36:28.538  1498  1782 D HwPhoneWindowManager: Transact:setSystemUIColor to status bar service
05-16 15:36:28.538  2465 17653 I CommandQueue: updateBarBgColor
05-16 15:36:28.538  2465 17653 D CommandQueue: CommandQueue, setBarBackgroundColor
05-16 15:36:28.538  2465  2465 D TintManager: statusBarIconTint=99000000,navigationBarIconTint=99000000
05-16 15:36:28.539 16689 17988 I FileManager-10.4.0.301 | MediaScanUtils: SupportScanFolder action = huawei.intent.action.MEDIA_SCANNER_SCAN_FOLDER
05-16 15:36:28.541  1498  2766 W ActivityManager: Sending non-protected broadcast huawei.intent.action.MEDIA_SCANNER_SCAN_FOLDER from system 16689:com.huawei.hidisk/1001 pkg com.huawei.hidisk
05-16 15:36:28.545  1498  2323 I NetworkPolicy: updateRuleForRestrictBackgroundUL(10012): isForeground=true, isBlacklisted=false, isWhitelisted=true, oldRule=0 (NONE), newRule=1 (ALLOW_METERED), newUidRules=1 (ALLOW_METERED), oldUidRules=0 (NONE)
05-16 15:36:28.546 16689 17988 I FileManager-10.4.0.301 | DeleteThread: run End
05-16 15:36:28.548  5602  5602 D MediaScannerReceiver: action: huawei.intent.action.MEDIA_SCANNER_SCAN_FOLDER
05-16 15:36:28.549  5602  5602 D MediaScannerReceiver: scanFolder 
05-16 15:36:28.553  1498  8644 V BroadcastQueue: Finished with ordered broadcast BroadcastRecord{31827e u0 huawei.intent.action.MEDIA_SCANNER_SCAN_FOLDER}
05-16 15:36:28.556  1498  1498 D HicomMonitor: onSignalStrengthsChanged, signalStrength = SignalStrength: -1 0 -1 255 -102 -135 -1 255 255 15 -108 -7 118 2147483647 2147483647 2147483647 true gw|lte
05-16 15:36:28.556  1498  1498 D HicomMonitor: notifyMobileSignalStrengthChanged: begin
05-16 15:36:28.556  1498  1498 D DaemonMessageAdapter: onMobileSignalStrengthChanged, subId: 0, signalStrength: SignalStrength: -1 0 -1 255 -102 -135 -1 255 255 15 -108 -7 118 2147483647 2147483647 2147483647 true gw|lte
05-16 15:36:28.556  1498  1498 D DaemonMessageAdapter: SignalStrength update result, ss: SignalStrengthInfo: 5341657 mGsmSignalStrength: -1 mWcdmaRscp: -1 mWcdmaEcio: 255 mLteRsrp: -108 mLteRsrq: -7 mCdmaDbm: -102 mCdmaEcio: -135 mEvdoDbm: -1 mEvdoEcio: 255 mLteRssnr: 118
05-16 15:36:28.556  1498  1498 D HicomMonitor: onMobileSignalStrengthChanged is called
05-16 15:36:28.556  1498  1498 I MQoS    : onSignal: mSubId=0,currDataSubID=0
05-16 15:36:28.556  1498  1498 I MQoS    : received cell-signal:4
05-16 15:36:28.559  1498  1498 D HicomMonitor: onSignalStrengthsChanged, signalStrength = SignalStrength: -1 0 -1 255 -102 -135 -1 255 255 18 -108 -10 128 2147483647 2147483647 2147483647 true gw|lte
05-16 15:36:28.559  1498  1498 D HicomMonitor: notifyMobileSignalStrengthChanged: begin
05-16 15:36:28.559  1498  1498 D DaemonMessageAdapter: onMobileSignalStrengthChanged, subId: 0, signalStrength: SignalStrength: -1 0 -1 255 -102 -135 -1 255 255 18 -108 -10 128 2147483647 2147483647 2147483647 true gw|lte
05-16 15:36:28.559  1498  1498 D DaemonMessageAdapter: SignalStrength update result, ss: SignalStrengthInfo: 5341657 mGsmSignalStrength: -1 mWcdmaRscp: -1 mWcdmaEcio: 255 mLteRsrp: -108 mLteRsrq: -10 mCdmaDbm: -102 mCdmaEcio: -135 mEvdoDbm: -1 mEvdoEcio: 255 mLteRssnr: 128
05-16 15:36:28.559  1498  1498 D HicomMonitor: onMobileSignalStrengthChanged is called
05-16 15:36:28.559  1498  1498 I MQoS    : onSignal: mSubId=0,currDataSubID=0
05-16 15:36:28.559  2465  2529 I HwMobileSignalController(0): subId:0 phoneType:2 networktype:13 targetClass:3 masterLevel:3 slaveLevel:2
05-16 15:36:28.560  1498  1498 I MQoS    : received cell-signal:4
05-16 15:36:28.565  2465  2529 I HwMobileSignalController(0): subId:0 phoneType:2 networktype:13 targetClass:3 masterLevel:3 slaveLevel:2
05-16 15:36:28.565 16689 16689 E RawDlg  : No field layoutInDisplayCutoutMode in class Landroid/view/WindowManager$LayoutParams; (declaration of 'android.view.WindowManager$LayoutParams' appears in /system/framework/framework.jar!classes2.dex)
05-16 15:36:28.570 16689 16689 D CubicBezierInterpolator: CubicBezierInterpolator  mControlPoint1x = 0.23, mControlPoint1y = 0.06, mControlPoint2x = 0.09, mControlPoint2y = 0.97
05-16 15:36:28.570 16689 16689 D CubicBezierInterpolator: CubicBezierInterpolator  mControlPoint1x = 0.6, mControlPoint1y = 0.9, mControlPoint2x = 0.8, mControlPoint2y = 1.0
05-16 15:36:28.571 16689 16689 D CubicBezierInterpolator: CubicBezierInterpolator  mControlPoint1x = 0.23, mControlPoint1y = 0.06, mControlPoint2x = 0.09, mControlPoint2y = 0.97
05-16 15:36:28.571 16689 16689 D CubicBezierInterpolator: CubicBezierInterpolator  mControlPoint1x = 0.6, mControlPoint1y = 0.9, mControlPoint2x = 0.8, mControlPoint2y = 1.0
05-16 15:36:28.575 16689 16689 D HwRTBlurUtils: check blur style for HwPhoneWindow, themeResId : 0x0206002b, context : android.view.ContextThemeWrapper@6ffb597, Nhwext : 10, get Blur : disable with , android.graphics.drawable.NinePatchDrawable@dfe8384
05-16 15:36:28.579 16689 16739 D OpenGLRenderer:   HWUI Binary is  disabled
05-16 15:36:28.583  1498  2159 V WindowManager: Adding Window{c5f488a u0 com.huawei.hidisk/com.huawei.hidisk.filemanager.FileManager} to AppWindowToken{e5a74a5 token=Token{78229c ActivityRecord{e5e820f u0 com.huawei.hidisk/.filemanager.FileManager t54}}}
05-16 15:36:28.586  1498  2159 V WindowManager: addWindow: New client android.os.BinderProxy@d5ff2f5: window=Window{c5f488a u0 com.huawei.hidisk/com.huawei.hidisk.filemanager.FileManager} Callers=com.android.server.wm.HwWindowManagerService.addWindow:606 com.android.server.wm.Session.addToDisplay:204 android.view.IWindowSession$Stub.onTransact:124 com.android.server.wm.Session.onTransact:165 android.os.Binder.execTransact:698 
05-16 15:36:28.591 16689 16689 E RawDlg  : No field layoutInDisplayCutoutMode in class Landroid/view/WindowManager$LayoutParams; (declaration of 'android.view.WindowManager$LayoutParams' appears in /system/framework/framework.jar!classes2.dex)
05-16 15:36:28.595 16689 17991 I FileManager-10.4.0.301 | RecentItemTableManager: applyDelBatch
05-16 15:36:28.595 16689 17991 I FileManager-10.4.0.301 | RecentFileProvider: applyBatch --> 1
05-16 15:36:28.600  1498  2159 V WindowManager: removeIfPossible: Window{c5f488a u0 com.huawei.hidisk/com.huawei.hidisk.filemanager.FileManager} callers=com.android.server.wm.WindowState.removeIfPossible:2027 com.android.server.wm.WindowManagerService.removeWindow:2083 com.android.server.wm.Session.remove:224 android.view.IWindowSession$Stub.onTransact:242 com.android.server.wm.Session.onTransact:165 
05-16 15:36:28.601  1498  2159 V WindowManager: postWindowRemoveCleanupLocked: Window{c5f488a u0 com.huawei.hidisk/com.huawei.hidisk.filemanager.FileManager}
05-16 15:36:28.602  1498  2159 V WindowManager: Removing Window{c5f488a u0 com.huawei.hidisk/com.huawei.hidisk.filemanager.FileManager} from AppWindowToken{e5a74a5 token=Token{78229c ActivityRecord{e5e820f u0 com.huawei.hidisk/.filemanager.FileManager t54}}}
05-16 15:36:28.614  1498  2159 V HwPhoneWindowManager: updateSystemUiColorLw window=Window{7766de2 u0 com.huawei.hidisk/com.huawei.hidisk.filemanager.FileManager},EmuiStyle=1,StatusBarColor=0xf2f2f2f2,NavigationBarColor=0xffffffff, mLastIsEmuiLightStyle=1, mForceNotchStatusBar=false
05-16 15:36:28.614  1498  1782 D HwPhoneWindowManager: Transact:setSystemUIColor to status bar service
05-16 15:36:28.615  2465 17653 I CommandQueue: updateBarBgColor
05-16 15:36:28.615  2465 17653 D CommandQueue: CommandQueue, setBarBackgroundColor
05-16 15:36:28.615  2465  2465 D TintManager: statusBarIconTint=99000000,navigationBarIconTint=99000000
05-16 15:36:28.618 16689 16689 W WindowDecorActionBar: should not do the transition or the transition anim is null or it is running or the mContainer view is null or mContainer view hasn't been drawn to screen 
05-16 15:36:28.618 16689 16689 W WindowDecorActionBar: should not do the transition or the transition anim is null or it is running or the mContainer view is null or mContainer view hasn't been drawn to screen 
05-16 15:36:28.618 16689 16689 D HwWidgetFactoryImpl: getAppDefinedPrimaryColor has Color=0xf2f2f2f2 set by setStatusBarColor()
05-16 15:36:28.619 16689 16689 D HwWidgetFactoryImpl: getAppDefinedPrimaryColor has Color=0xf2f2f2f2 set by setStatusBarColor()
05-16 15:36:28.619 16689 16689 W WindowDecorActionBar: should not do the transition or the transition anim is null or it is running or the mContainer view is null or mContainer view hasn't been drawn to screen 
05-16 15:36:28.619 16689 16689 I FileManager-10.4.0.301 | FileListAdapter: notifyDataSetChanged, Collections.sort type :0 Collections.sort isAsc :true
05-16 15:36:28.620 16689 16689 I FileManager-10.4.0.301 | User: forwardState 0
05-16 15:36:28.620 16689 16689 I FileManager-10.4.0.301 | FileBrowserFragment: checkDeleteFiles delFileSize : 1
05-16 15:36:28.620 16689 17975 I FileManager-10.4.0.301 | bwi: query all start
05-16 15:36:28.624 16689 16689 I FileManager-10.4.0.301 | CategoryFragment: addMainFooterView
05-16 15:36:28.624 16689 16689 I FileManager-10.4.0.301 | CategoryFragment: addGridFootView
05-16 15:36:28.626 16689 16689 I FileManager-10.4.0.301 | FileListAdapter: notifyDataSetChanged, Collections.sort type :0 Collections.sort isAsc :true
05-16 15:36:28.631 16689 17975 I FileManager-10.4.0.301 | QueryFileManager: queryCount counts is:71
05-16 15:36:28.632 16689 17975 I FileManager-10.4.0.301 | bwi: query index 0 counts - 71
05-16 15:36:28.636 16689 16689 I FileManager-10.4.0.301 | XListView: stopRefresh mPullRefreshing false
05-16 15:36:28.638 16689 17975 I FileManager-10.4.0.301 | QueryFileManager: queryItemsCount4Other end, counts is 1
05-16 15:36:28.638 16689 16689 I FileManager-10.4.0.301 | HiDiskCommonUtil: hwid login
05-16 15:36:28.638 16689 17975 I FileManager-10.4.0.301 | bwi: query index 1 counts - 1
05-16 15:36:28.641 16689 16689 I FileManager-10.4.0.301 | HiDiskCommonUtil: getTestDemo --> null
05-16 15:36:28.643 16689 16689 I HwActionMenuItemView: HwActionMenuItemView
05-16 15:36:28.646 16689 17975 I FileManager-10.4.0.301 | QueryFileManager: queryItemsCount4Other end, counts is 9
05-16 15:36:28.646 16689 16689 I ReflectUtil: reflect mIcon success in set object
05-16 15:36:28.646 16689 17975 I FileManager-10.4.0.301 | bwi: query index 2 counts - 9
05-16 15:36:28.647 16689 16689 I HwActionMenuItemView: HwActionMenuItemView
05-16 15:36:28.647 16689 16689 I ReflectUtil: reflect mIcon success in set object
05-16 15:36:28.657 16689 17975 I FileManager-10.4.0.301 | QueryFileManager: queryItemsCount4Other end, counts is 0
05-16 15:36:28.658 16689 17975 I FileManager-10.4.0.301 | bwi: query index 3 counts - 0
05-16 15:36:28.663  5602 17990 D Utils   : path:/storage/emulated/0 is primary path
05-16 15:36:28.664 16689 16689 D HwWidgetFactoryImpl: getAppDefinedPrimaryColor has Color=0xf2f2f2f2 set by setStatusBarColor()
05-16 15:36:28.671 16689 16689 V InputMethodManager: Reporting focus gain, without startInput
05-16 15:36:28.672  5602 17990 D MediaScannerService: start scanning volume external: [/storage/emulated/0]
05-16 15:36:28.674 16689 16689 V InputMethodManager: Reporting focus gain, without startInput
05-16 15:36:28.675  2660  2800 I DeviceMonitor: WKLOCK EVT:160 uid:10012 flags:1 pid:5602 tag:MediaScannerService
05-16 15:36:28.686  1498  6258 V BroadcastQueue: Finished with ordered broadcast BroadcastRecord{1681efb u0 android.intent.action.MEDIA_SCANNER_STARTED}
05-16 15:36:28.687  5602 17990 I HWSERVICES: hwnative_get_component:libstagefright,Scanner
05-16 15:36:28.688  5602 17990 I StagefrightMediaScannerEx: StagefrightMediaScanner Constructor
05-16 15:36:28.690  5602 17990 D MediaScanner: setStorageEjectFlag flag = 0
05-16 15:36:28.694  5602 17990 D MediaScannerService: scanCustomDirectories
05-16 15:36:28.695  5602 17990 D MediaScanner: delete nomedia File when scanCustomDirectories
05-16 15:36:28.712 16689 17975 I FileManager-10.4.0.301 | QueryFileManager: queryItemsCount4Other end, counts is 65
05-16 15:36:28.713 16689 17975 I FileManager-10.4.0.301 | bwi: query index 4 counts - 65
05-16 15:36:28.719  1498  2323 I NetworkPolicy: updateRuleForRestrictBackgroundUL(10012): isForeground=false, isBlacklisted=false, isWhitelisted=true, oldRule=1 (ALLOW_METERED), newRule=0 (NONE), newUidRules=0 (NONE), oldUidRules=1 (ALLOW_METERED)
05-16 15:36:28.746  1498  2140 V WindowManager: Exit animation finished in Window{e525a94 u0 com.huawei.hidisk/com.huawei.hidisk.filemanager.FileManager EXITING}: remove=true
05-16 15:36:28.747  1498  2140 E WindowManager: win=Window{e525a94 u0 com.huawei.hidisk/com.huawei.hidisk.filemanager.FileManager EXITING} destroySurfaces: appStopped=false win.mWindowRemovalAllowed=true win.mRemoveOnExit=true
05-16 15:36:28.748  1498  2140 V WindowManager: postWindowRemoveCleanupLocked: Window{e525a94 u0 com.huawei.hidisk/com.huawei.hidisk.filemanager.FileManager}
05-16 15:36:28.748  1498  2140 V WindowManager: Removing Window{e525a94 u0 com.huawei.hidisk/com.huawei.hidisk.filemanager.FileManager} from AppWindowToken{e5a74a5 token=Token{78229c ActivityRecord{e5e820f u0 com.huawei.hidisk/.filemanager.FileManager t54}}}
05-16 15:36:28.751 16689 17975 I FileManager-10.4.0.301 | QueryFileManager: queryItemsCount4Other end, counts is 4
05-16 15:36:28.783 16689 17975 I FileManager-10.4.0.301 | bwi: query index 5 counts - 39
05-16 15:36:28.787 16689 17975 I FileManager-10.4.0.301 | CategoryDBHelper: querydesktopFileCount end, counts is 0
05-16 15:36:28.788 16689 17975 I FileManager-10.4.0.301 | bwi: query index 6 counts - 0
05-16 15:36:28.788 16689 17975 I FileManager-10.4.0.301 | bwi: query index 7 counts - 0
05-16 15:36:28.788 16689 17975 I FileManager-10.4.0.301 | bwi: query all end
05-16 15:36:28.837  5602 17990 E MediaScanner: processDirectory begin path is '/storage/emulated/0/Music/'
05-16 15:36:28.838  5602 17990 E MediaScanner: processDirectory end path is '/storage/emulated/0/Music/'
05-16 15:36:28.839  5602 17990 E MediaScanner: processDirectory begin path is '/storage/emulated/0/Podcasts/'
05-16 15:36:28.840  5602 17990 E MediaScanner: processDirectory end path is '/storage/emulated/0/Podcasts/'
05-16 15:36:28.841  5602 17990 E MediaScanner: processDirectory begin path is '/storage/emulated/0/Ringtones/'
05-16 15:36:28.842  5602 17990 E MediaScanner: processDirectory end path is '/storage/emulated/0/Ringtones/'
05-16 15:36:28.843  5602 17990 E MediaScanner: processDirectory begin path is '/storage/emulated/0/Alarms/'
05-16 15:36:28.843  5602 17990 E MediaScanner: processDirectory end path is '/storage/emulated/0/Alarms/'
05-16 15:36:28.845  5602 17990 E MediaScanner: processDirectory begin path is '/storage/emulated/0/Notifications/'
05-16 15:36:28.845  5602 17990 E MediaScanner: processDirectory end path is '/storage/emulated/0/Notifications/'
05-16 15:36:28.847  5602 17990 E MediaScanner: processDirectory begin path is '/storage/emulated/0/Pictures/'
05-16 15:36:28.854  5602 17990 E MediaScanner: processDirectory end path is '/storage/emulated/0/Pictures/'
05-16 15:36:28.856  5602 17990 E MediaScanner: processDirectory begin path is '/storage/emulated/0/Movies/'
05-16 15:36:28.857  5602 17990 E MediaScanner: processDirectory end path is '/storage/emulated/0/Movies/'
05-16 15:36:28.859  5602 17990 E MediaScanner: processDirectory begin path is '/storage/emulated/0/Download/'
05-16 15:36:28.860  5602 17990 E MediaScanner: processDirectory end path is '/storage/emulated/0/Download/'
05-16 15:36:28.862  5602 17990 E MediaScanner: processDirectory begin path is '/storage/emulated/0/DCIM/'
05-16 15:36:28.865  5602 17990 E MediaScanner: processDirectory end path is '/storage/emulated/0/DCIM/'
05-16 15:36:28.878   765   786 E libnav  : CablComputeBacklightLevel(): UpdateType = DifferentSceneUpdate
05-16 15:36:28.910  5602 17990 E MediaScanner: processDirectory begin path is '/storage/emulated/0'
05-16 15:36:28.912  5602 17990 D MediaScanner: Skipping: /storage/emulated/0/Music/
05-16 15:36:28.913  5602 17990 D MediaScanner: Skipping: /storage/emulated/0/Podcasts/
05-16 15:36:28.914  5602 17990 D MediaScanner: Skipping: /storage/emulated/0/Ringtones/
05-16 15:36:28.915  5602 17990 D MediaScanner: Skipping: /storage/emulated/0/Alarms/
05-16 15:36:28.916  5602 17990 D MediaScanner: Skipping: /storage/emulated/0/Notifications/
05-16 15:36:28.917  5602 17990 D MediaScanner: Skipping: /storage/emulated/0/Pictures/
05-16 15:36:28.918  5602 17990 D MediaScanner: Skipping: /storage/emulated/0/Movies/
05-16 15:36:28.919  5602 17990 D MediaScanner: Skipping: /storage/emulated/0/Download/
05-16 15:36:28.919  5602 17990 D MediaScanner: Skipping: /storage/emulated/0/DCIM/
05-16 15:36:28.958   570 17995 W libc    : Set property "hw.wifi.dns_stat" to "7326,5403,3835,1,175375"
05-16 15:36:29.113  1498  2326 D HwWifiStatStore: handleMessage : 200
05-16 15:36:29.114 16850 17996 D Gallery_Search: wait to Join thread.
05-16 15:36:29.115 16850 17996 D Gallery_Search: Join thread done. cost time: 1
05-16 15:36:29.115 16850 17996 W Gallery_Search: locked false
05-16 15:36:29.147 16850 17996 D Gallery_Search: clear invalid index. batch count 0
05-16 15:36:29.148  1498  1781 W BroadcastQueue: Permission Denial: broadcasting Intent { act=com.huawei.gallery.action.ACTION_CHANGE flg=0x10 } from com.android.gallery3d (pid=16850, uid=10020) requires com.android.gallery3d.permission.SEARCH_CHANGE_NOTIFY due to registered receiver BroadcastFilter{5bda15 u0 ReceiverList{112f7cc 9380 com.android.gallery3d/10020/u0 remote:cd7adff}}
05-16 15:36:29.149 16850 17996 D Gallery_Search: clear invalid index, count: 0
05-16 15:36:29.171 16850 17996 D Gallery_Search: upgrade  0 item for null 
05-16 15:36:29.175 16850 17996 D Gallery_Search: clearInvalidIndex done.
05-16 15:36:29.175 16850 17996 W Gallery_Search: local language doesn't change. no need localize.
05-16 15:36:29.175 16850 17996 D Gallery_Search: update local language done.
05-16 15:36:29.224 16850 17996 D Gallery_Search: total 0 file should be analyzed for search.
05-16 15:36:29.225 16850 17996 D Gallery_Search: local language  zh
05-16 15:36:29.249 16850 16868 W zygote64: Checksum mismatch for dex Gallery2.apk
05-16 15:36:29.249 16850 16868 W zygote64: Checksum mismatch for dex Gallery2.apk
05-16 15:36:29.251  1498  2414 D lux trace:: [117.0/57529310, 152.0/57529512, 152.0/57529712, 129.0/57529914, 122.0/57530115, 123.0/57530316, 129.0/57530520, 131.0/57530719, 127.0/57530921, 130.0/57531126, 133.0/57531327, 139.0/57531530, 133.0/57531728, 117.0/57531929, 119.0/57532129, 120.0/57532332, 126.0/57532532, 121.0/57532733, 119.0/57532934, 118.0/57533136, 116.0/57533337]
05-16 15:36:29.256 16850 17996 D Gallery_Search: update index done (0)address update to local language.
05-16 15:36:29.258 16850 17996 D Gallery_Search: updateIndex done.
05-16 15:36:29.259 16850 17996 D Gallery_Search: searchService stop self 1
05-16 15:36:29.259 16850 16850 D Gallery_Search: stop service
05-16 15:36:29.378  1498  2170 D GestureBackAnimation: GLGestureBackRender-setSide with false
05-16 15:36:29.392  5602 17990 E MediaScanner: processDirectory end path is '/storage/emulated/0'
05-16 15:36:29.396  1498  2170 I GestureNav_Strategy: Gesture failed as up in region(maybe sliping in region)
05-16 15:36:29.406  5602 17990 V Mtp     : notify PC that storage info has changed.
05-16 15:36:29.421 16689 16689 V AudioManager: playSoundEffect   effectType: 0
05-16 15:36:29.422 16689 16689 I FileManager-10.4.0.301 | FileBrowserFragment: storeNaviPosition folderPath.position:32
05-16 15:36:29.434  2465  2465 D StatusBarIconController: setIconVisibility icon is null or visibility not change visibility=false
05-16 15:36:29.435  2465  2465 D NetWorkUtils: mVSimCurCardType is -1
05-16 15:36:29.435  2465  2465 W ResourceType: No package identifier when getting value for resource number 0x00000000
05-16 15:36:29.435  2465  2465 E HwNotchUtils: setIconForView iconId is not found
05-16 15:36:29.435  2465  2465 D StatusBarIconController: setIconVisibility icon is null or visibility not change visibility=false
05-16 15:36:29.436  2465  2465 D NetWorkUtils: mVSimCurCardType is -1
05-16 15:36:29.436  2465  2465 W ResourceType: No package identifier when getting value for resource number 0x00000000
05-16 15:36:29.436  2465  2465 E HwNotchUtils: setIconForView iconId is not found
05-16 15:36:29.436  2465  2465 D StatusBarIconController: setIconVisibility icon is null or visibility not change visibility=false
05-16 15:36:29.436  2465  2465 D NetWorkUtils: mVSimCurCardType is -1
05-16 15:36:29.437  2465  2465 W ResourceType: No package identifier when getting value for resource number 0x00000000
05-16 15:36:29.437  2465  2465 E HwNotchUtils: setIconForView iconId is not found
05-16 15:36:29.437  2465  2465 I Tile.WifiTile: setWifiIndicators  CallbackInfo = CallbackInfo[enabled=true,connected=true,wifiSignalIconId=2130838423,enabledDesc="H2",activityIn=false,activityOut=false,wifiSignalContentDescription=WLAN 信号强度满格。]
05-16 15:36:29.444  1498  6258 I ActivityManager: START u0 {act=android.intent.action.VIEW dat=content://media/external/file/3488 typ=text/plain flg=0x3 hwFlg=0x10 cmp=com.huawei.hidisk/.common.view.activity.open.CustomOpenTypeActivity (has extras)} from uid 1001
05-16 15:36:29.445  1498  6258 I ActivityManager: ActivityRecord info: ActivityInfo{7a54fc6 com.huawei.hidisk.common.view.activity.open.CustomOpenTypeActivity}
05-16 15:36:29.446   714   750 E ANDR-PERF-MPCTL: Invalid profile no. 0, total profiles 0 only
05-16 15:36:29.447   714   750 E ANDR-PERF-OPTSHANDLER: Perflock resource /proc/sys/kernel/sched_spill_nr_run not supported
05-16 15:36:29.447   714   750 E ANDR-PERF-RESOURCEQS: Failed to apply optimization [3, 11]
05-16 15:36:29.447   714   750 E ANDR-PERF-OPTSHANDLER: Perflock resource /proc/sys/kernel/sched_restrict_cluster_spill not supported
05-16 15:36:29.447   714   750 E ANDR-PERF-RESOURCEQS: Failed to apply optimization [3, 13]
05-16 15:36:29.449  1498  6258 V WindowManager: addAppToken: AppWindowToken{98fafd7 token=Token{cf16356 ActivityRecord{b09c971 u0 com.huawei.hidisk/.common.view.activity.open.CustomOpenTypeActivity t54}}} controller={TaskWindowContainerController taskId=54} at 2147483647
05-16 15:36:29.451  2660 18542 I PGServer: android calls fast hibernateApps
05-16 15:36:29.451  2660 18542 I AppFastHibernation: fast hibernate duration: 3000 reason: start activity
05-16 15:36:29.452   834  1040 I Pged-IPgedBinderService: ****action is 1, pid num is 3***
05-16 15:36:29.452   834  1040 I Pged-Freezer: freezePids
05-16 15:36:29.452   834  1040 I Pged-Freezer: Freeze process: 21425
05-16 15:36:29.453   834  1040 I Pged-Freezer: Freeze process: 17355
05-16 15:36:29.454  2660  3175 D PgedBinderAdapter: frz ok, pid: [21425, 17355]
05-16 15:36:29.458 16689 16689 E FileManager-10.4.0.301 | FileBrowserFragment: file error
05-16 15:36:29.461  5602 17990 V HwMediaScannerImpl: freeMem[45858598912] 10%totalMem[5781634662] under /storage/emulated/0
05-16 15:36:29.461  5602 17990 D MediaScanner: scanCustomDirectories total files number is 2727
05-16 15:36:29.461  5602 17990 I StagefrightMediaScannerEx: StagefrightMediaScanner destructor
05-16 15:36:29.467  5602 17990 V MediaProvider: pruneThumbnails 
05-16 15:36:29.470  5602 17990 V MediaProvider: /pruneDeadThumbnailFiles... 
05-16 15:36:29.472  1498  8644 V WindowManager: No longer Stopped: AppWindowToken{98fafd7 token=Token{cf16356 ActivityRecord{b09c971 u0 com.huawei.hidisk/.common.view.activity.open.CustomOpenTypeActivity t54}}}
05-16 15:36:29.474  1498  8644 V WindowManager: findFocusedWindow: AppWindowToken{e5a74a5 token=Token{78229c ActivityRecord{e5e820f u0 com.huawei.hidisk/.filemanager.FileManager t54}}} below Reached focused app=AppWindowToken{98fafd7 token=Token{cf16356 ActivityRecord{b09c971 u0 com.huawei.hidisk/.common.view.activity.open.CustomOpenTypeActivity t54}}}
05-16 15:36:29.477  1498  8644 V WindowManager: No longer Stopped: AppWindowToken{98fafd7 token=Token{cf16356 ActivityRecord{b09c971 u0 com.huawei.hidisk/.common.view.activity.open.CustomOpenTypeActivity t54}}}
05-16 15:36:29.480  1498  8644 D ActivityManager: EVENT_APP_ACTIVITY_DISPLAYED_BEGIN: com.huawei.hidisk/.common.view.activity.open.CustomOpenTypeActivity
05-16 15:36:29.485  1498  8644 V WindowManager: Checking 1 opening apps (frozen=false timeout=false)...
05-16 15:36:29.485  1498  8644 V WindowManager: Check opening app=AppWindowToken{98fafd7 token=Token{cf16356 ActivityRecord{b09c971 u0 com.huawei.hidisk/.common.view.activity.open.CustomOpenTypeActivity t54}}}: allDrawn=false startingDisplayed=false startingMoved=false isRelaunching()=false
05-16 15:36:29.487 16689 16689 V ActivityThread: Skipping new config:{1.0 460mcc3mnc [zh_CN_#Hans] ldltr sw360dp w360dp h732dp 320dpi nrml long port finger -keyb/v/h -nav/h appBounds=Rect(0, 0 - 720, 1520) nonFullScreen=0 suim:1 s.7}, config:{1.0 460mcc3mnc [zh_CN_#Hans] ldltr sw360dp w360dp h732dp 320dpi nrml long port finger -keyb/v/h -nav/h appBounds=Rect(0, 0 - 720, 1520) nonFullScreen=0 suim:1 s.7} for app:com.huawei.hidisk
05-16 15:36:29.490  5602 17990 D MediaScannerService: done scanning volume external in 818 ms.
05-16 15:36:29.490  2660  2800 I DeviceMonitor: WKLOCK EVT:161 uid:10012 flags:1 pid:5602 tag:MediaScannerService
05-16 15:36:29.491 16689 16689 V ActivityThread: callActivityOnCreate
05-16 15:36:29.493  1498  1498 I [SPMN]  : RingtoneUriAutoCorrector::onReceive() action: android.intent.action.MEDIA_SCANNER_FINISHED
05-16 15:36:29.493  1498  1498 W ContextImpl: Calling a method in the system process without a qualified user: android.app.ContextImpl.startService:1692 android.content.ContextWrapper.startService:650 android.content.ContextWrapper.startService:650 com.android.providers.settings.RingtoneUriAutoCorrector.onReceive:54 android.app.ActivityThread.handleReceiver:3793 
05-16 15:36:29.494  1498  6258 I HwPCUtils#HwPCMultiWindowManager: requestedOrientation: -1
05-16 15:36:29.497 16689 16689 I FileManager-10.4.0.301 | CustomOpenTypeActivity: alwaysUseOption: true
05-16 15:36:29.502  1498  8644 I HwPackageManagerService: !mIsDefaultPreferredActivityChanged= true ,mIsDefaultGoogleCalendar= false
05-16 15:36:29.505  1498 17999 I [SPMN]  : RingtoneUriAutoCorrector::onHandleIntent() action:null
05-16 15:36:29.505 16689 16689 I FileManager-10.4.0.301 | CustomOpenTypeActivity: pkgname=com.android.browser
05-16 15:36:29.505 16774 16774 I HwThemeManager: BroadcastReceiver info:startService to check download action=android.intent.action.MEDIA_SCANNER_FINISHED
05-16 15:36:29.505 16689 16689 I FileManager-10.4.0.301 | CustomOpenTypeActivity: pkgname=com.android.htmlviewer
05-16 15:36:29.505  1498 17999 D SettingsProvider:: userID is:0
05-16 15:36:29.506 16689 16689 I FileManager-10.4.0.301 | CustomOpenTypeActivity: pkgname=com.huawei.hwireader
05-16 15:36:29.506  1498 17999 D SettingsProvider:: ringtone path is:/product/media/audio/ringtones/Huawei_Tune.ogg
05-16 15:36:29.506  1498 17999 D SettingsProvider:: old ringtone uri is:content://media/internal/audio/media/19
05-16 15:36:29.506 16689 16689 I FileManager-10.4.0.301 | CustomOpenTypeActivity: pkgname=com.huawei.wallet
05-16 15:36:29.507 16689 16689 I FileManager-10.4.0.301 | CustomOpenTypeActivity: pkgname=com.microsoft.emmx
05-16 15:36:29.507 16689 16689 I FileManager-10.4.0.301 | CustomOpenTypeActivity: pkgname=org.mozilla.firefox
05-16 15:36:29.516  1498  2159 V BroadcastQueue: Finished with ordered broadcast BroadcastRecord{10b90c4 u0 android.intent.action.MEDIA_SCANNER_FINISHED}
05-16 15:36:29.517  1498  2323 I NetworkPolicy: updateRuleForRestrictBackgroundUL(10012): isForeground=true, isBlacklisted=false, isWhitelisted=true, oldRule=0 (NONE), newRule=1 (ALLOW_METERED), newUidRules=1 (ALLOW_METERED), oldUidRules=0 (NONE)
05-16 15:36:29.534  1498  2323 I NetworkPolicy: updateRuleForRestrictBackgroundUL(10012): isForeground=false, isBlacklisted=false, isWhitelisted=true, oldRule=1 (ALLOW_METERED), newRule=0 (NONE), newUidRules=0 (NONE), oldUidRules=1 (ALLOW_METERED)
05-16 15:36:29.535 16689 16689 D CubicBezierInterpolator: CubicBezierInterpolator  mControlPoint1x = 0.23, mControlPoint1y = 0.06, mControlPoint2x = 0.09, mControlPoint2y = 0.97
05-16 15:36:29.535 16689 16689 D CubicBezierInterpolator: CubicBezierInterpolator  mControlPoint1x = 0.6, mControlPoint1y = 0.9, mControlPoint2x = 0.8, mControlPoint2y = 1.0
05-16 15:36:29.536 16689 16689 D CubicBezierInterpolator: CubicBezierInterpolator  mControlPoint1x = 0.23, mControlPoint1y = 0.06, mControlPoint2x = 0.09, mControlPoint2y = 0.97
05-16 15:36:29.536 16689 16689 D CubicBezierInterpolator: CubicBezierInterpolator  mControlPoint1x = 0.6, mControlPoint1y = 0.9, mControlPoint2x = 0.8, mControlPoint2y = 1.0
05-16 15:36:29.538  1498 17999 D SettingsProvider:: new ringtone uri is:content://media/internal/audio/media/19
05-16 15:36:29.538  1498 17999 D SettingsProvider:: ringtone path is:/system/media/audio/ringtones/Huawei_Tune_Orchestral.ogg
05-16 15:36:29.538  1498 17999 D SettingsProvider:: old ringtone uri is:content://media/internal/audio/media/93
05-16 15:36:29.551 16689 16689 D CubicBezierInterpolator: CubicBezierInterpolator  mControlPoint1x = 0.23, mControlPoint1y = 0.06, mControlPoint2x = 0.09, mControlPoint2y = 0.97
05-16 15:36:29.551 16689 16689 D CubicBezierInterpolator: CubicBezierInterpolator  mControlPoint1x = 0.6, mControlPoint1y = 0.9, mControlPoint2x = 0.8, mControlPoint2y = 1.0
05-16 15:36:29.551 16689 16689 D CubicBezierInterpolator: CubicBezierInterpolator  mControlPoint1x = 0.23, mControlPoint1y = 0.06, mControlPoint2x = 0.09, mControlPoint2y = 0.97
05-16 15:36:29.551 16689 16689 D CubicBezierInterpolator: CubicBezierInterpolator  mControlPoint1x = 0.6, mControlPoint1y = 0.9, mControlPoint2x = 0.8, mControlPoint2y = 1.0
05-16 15:36:29.555 16689 16689 D HwRTBlurUtils: check blur style for HwPhoneWindow, themeResId : 0x0206002b, context : com.huawei.hidisk.common.view.activity.open.CustomOpenTypeActivity@456068b, Nhwext : 10, get Blur : disable with , android.graphics.drawable.NinePatchDrawable@dc3080a
05-16 15:36:29.564 16689 16689 D ActivityThread: add activity client record, r= ActivityRecord{a39a87b token=android.os.BinderProxy@edcd45a {com.huawei.hidisk/com.huawei.hidisk.common.view.activity.open.CustomOpenTypeActivity}} token= android.os.BinderProxy@edcd45a
05-16 15:36:29.568  1498 17999 D SettingsProvider:: new ringtone uri is:content://media/internal/audio/media/93
05-16 15:36:29.568  1498 17999 D SettingsProvider:: ringtone path is:/system/media/audio/alarms/Aegean_Sea.ogg
05-16 15:36:29.568  1498 17999 D SettingsProvider:: old ringtone uri is:content://media/internal/audio/media/27
05-16 15:36:29.569  1498  8644 V WindowManager: Adding Window{86ac2cf u0 com.huawei.hidisk/com.huawei.hidisk.common.view.activity.open.CustomOpenTypeActivity} to AppWindowToken{98fafd7 token=Token{cf16356 ActivityRecord{b09c971 u0 com.huawei.hidisk/.common.view.activity.open.CustomOpenTypeActivity t54}}}
05-16 15:36:29.571  1498  8644 V WindowManager: addWindow: New client android.os.BinderProxy@901872e: window=Window{86ac2cf u0 com.huawei.hidisk/com.huawei.hidisk.common.view.activity.open.CustomOpenTypeActivity} Callers=com.android.server.wm.HwWindowManagerService.addWindow:606 com.android.server.wm.Session.addToDisplay:204 android.view.IWindowSession$Stub.onTransact:124 com.android.server.wm.Session.onTransact:165 android.os.Binder.execTransact:698 
05-16 15:36:29.578  1498  2159 D HwGameAssistantController: pid=16689, uid=1001, component=ComponentInfo{com.huawei.hidisk/com.huawei.hidisk.common.view.activity.open.CustomOpenTypeActivity}
