05-16 15:36:35.248 16689 18021 E FileManager-10.4.0.301 | DefaultApkSpUtil: checkApkExist NameNotFoundException
05-16 15:36:35.249 16689 18021 E FileManager-10.4.0.301 | HiDiskCommonUtil: getLabelOfFolder name not found
05-16 15:36:35.251 16689 18021 E FileManager-10.4.0.301 | DefaultApkSpUtil: checkApkExist NameNotFoundException
05-16 15:36:35.258 16689 18021 E FileManager-10.4.0.301 | HiDiskCommonUtil: getLabelOfFolder name not found
05-16 15:36:35.260 16689 18021 E FileManager-10.4.0.301 | DefaultApkSpUtil: checkApkExist NameNotFoundException
05-16 15:36:35.261 16689 18021 E FileManager-10.4.0.301 | HiDiskCommonUtil: getLabelOfFolder name not found
05-16 15:36:35.263 16689 18021 E FileManager-10.4.0.301 | DefaultApkSpUtil: checkApkExist NameNotFoundException
05-16 15:36:35.264 16689 18021 E FileManager-10.4.0.301 | HiDiskCommonUtil: getLabelOfFolder name not found
05-16 15:36:35.266 16689 18021 E FileManager-10.4.0.301 | DefaultApkSpUtil: checkApkExist NameNotFoundException
05-16 15:36:35.267 16689 18021 E FileManager-10.4.0.301 | HiDiskCommonUtil: getLabelOfFolder name not found
05-16 15:36:35.268 16689 18021 E FileManager-10.4.0.301 | DefaultApkSpUtil: checkApkExist NameNotFoundException
05-16 15:36:35.269 16689 18021 E FileManager-10.4.0.301 | HiDiskCommonUtil: getLabelOfFolder name not found
05-16 15:36:35.271 16689 18021 E FileManager-10.4.0.301 | DefaultApkSpUtil: checkApkExist NameNotFoundException
05-16 15:36:35.272 16689 18021 E FileManager-10.4.0.301 | HiDiskCommonUtil: getLabelOfFolder name not found
05-16 15:36:35.274 16689 18021 E FileManager-10.4.0.301 | DefaultApkSpUtil: checkApkExist NameNotFoundException
05-16 15:36:35.305 16689 18021 E FileManager-10.4.0.301 | HiDiskCommonUtil: getLabelOfFolder name not found
05-16 15:36:35.307 16689 18021 E FileManager-10.4.0.301 | DefaultApkSpUtil: checkApkExist NameNotFoundException
05-16 15:36:35.308 16689 18021 E FileManager-10.4.0.301 | HiDiskCommonUtil: getLabelOfFolder name not found
05-16 15:36:35.310 16689 18021 E FileManager-10.4.0.301 | DefaultApkSpUtil: checkApkExist NameNotFoundException
05-16 15:36:35.311 16689 18021 E FileManager-10.4.0.301 | HiDiskCommonUtil: getLabelOfFolder name not found
05-16 15:36:35.313 16689 18021 E FileManager-10.4.0.301 | DefaultApkSpUtil: checkApkExist NameNotFoundException
05-16 15:36:35.314 16689 18021 E FileManager-10.4.0.301 | HiDiskCommonUtil: getLabelOfFolder name not found
05-16 15:36:35.316 16689 18021 E FileManager-10.4.0.301 | DefaultApkSpUtil: checkApkExist NameNotFoundException
05-16 15:36:35.317 16689 18021 E FileManager-10.4.0.301 | HiDiskCommonUtil: getLabelOfFolder name not found
05-16 15:36:35.319 16689 18021 E FileManager-10.4.0.301 | DefaultApkSpUtil: checkApkExist NameNotFoundException
05-16 15:36:35.320 16689 18021 E FileManager-10.4.0.301 | HiDiskCommonUtil: getLabelOfFolder name not found
05-16 15:36:35.322 16689 18021 E FileManager-10.4.0.301 | DefaultApkSpUtil: checkApkExist NameNotFoundException
05-16 15:36:35.323 16689 18021 E FileManager-10.4.0.301 | HiDiskCommonUtil: getLabelOfFolder name not found
05-16 15:36:35.325 16689 18021 E FileManager-10.4.0.301 | DefaultApkSpUtil: checkApkExist NameNotFoundException
05-16 15:36:35.326 16689 18021 E FileManager-10.4.0.301 | HiDiskCommonUtil: getLabelOfFolder name not found
05-16 15:36:35.328 16689 18021 E FileManager-10.4.0.301 | DefaultApkSpUtil: checkApkExist NameNotFoundException
05-16 15:36:35.329 16689 18021 E FileManager-10.4.0.301 | HiDiskCommonUtil: getLabelOfFolder name not found
05-16 15:36:35.331 16689 18021 E FileManager-10.4.0.301 | DefaultApkSpUtil: checkApkExist NameNotFoundException
05-16 15:36:35.332 16689 18021 E FileManager-10.4.0.301 | HiDiskCommonUtil: getLabelOfFolder name not found
05-16 15:36:35.334 16689 18021 E FileManager-10.4.0.301 | DefaultApkSpUtil: checkApkExist NameNotFoundException
05-16 15:36:35.335 16689 18021 E FileManager-10.4.0.301 | HiDiskCommonUtil: getLabelOfFolder name not found
05-16 15:36:35.337 16689 18021 E FileManager-10.4.0.301 | DefaultApkSpUtil: checkApkExist NameNotFoundException
05-16 15:36:35.337 16689 18021 E FileManager-10.4.0.301 | HiDiskCommonUtil: getLabelOfFolder name not found
05-16 15:36:35.339 16689 18021 E FileManager-10.4.0.301 | DefaultApkSpUtil: checkApkExist NameNotFoundException
05-16 15:36:35.340 16689 18021 E FileManager-10.4.0.301 | HiDiskCommonUtil: getLabelOfFolder name not found
05-16 15:36:35.342 16689 18021 E FileManager-10.4.0.301 | DefaultApkSpUtil: checkApkExist NameNotFoundException
05-16 15:36:35.343 16689 18021 E FileManager-10.4.0.301 | HiDiskCommonUtil: getLabelOfFolder name not found
05-16 15:36:35.345 16689 18021 E FileManager-10.4.0.301 | DefaultApkSpUtil: checkApkExist NameNotFoundException
05-16 15:36:35.346 16689 18021 E FileManager-10.4.0.301 | HiDiskCommonUtil: getLabelOfFolder name not found
05-16 15:36:35.348 16689 18021 E FileManager-10.4.0.301 | DefaultApkSpUtil: checkApkExist NameNotFoundException
05-16 15:36:35.349 16689 18021 E FileManager-10.4.0.301 | HiDiskCommonUtil: getLabelOfFolder name not found
05-16 15:36:35.351 16689 18021 E FileManager-10.4.0.301 | DefaultApkSpUtil: checkApkExist NameNotFoundException
05-16 15:36:35.379 16689 18021 E FileManager-10.4.0.301 | HiDiskCommonUtil: getLabelOfFolder name not found
05-16 15:36:35.381 16689 18021 E FileManager-10.4.0.301 | DefaultApkSpUtil: checkApkExist NameNotFoundException
05-16 15:36:35.453  2465  2465 D StatusBarIconController: setIconVisibility icon is null or visibility not change visibility=false
05-16 15:36:35.454  2465  2465 D NetWorkUtils: mVSimCurCardType is -1
05-16 15:36:35.454  2465  2465 W ResourceType: No package identifier when getting value for resource number 0x00000000
05-16 15:36:35.455  2465  2465 E HwNotchUtils: setIconForView iconId is not found
05-16 15:36:35.455  2465  2465 D StatusBarIconController: setIconVisibility icon is null or visibility not change visibility=false
05-16 15:36:35.455  2465  2465 D NetWorkUtils: mVSimCurCardType is -1
05-16 15:36:35.455  2465  2465 W ResourceType: No package identifier when getting value for resource number 0x00000000
05-16 15:36:35.456  2465  2465 E HwNotchUtils: setIconForView iconId is not found
05-16 15:36:35.456  2465  2465 D StatusBarIconController: setIconVisibility icon is null or visibility not change visibility=false
05-16 15:36:35.456  2465  2465 D NetWorkUtils: mVSimCurCardType is -1
05-16 15:36:35.456  2465  2465 W ResourceType: No package identifier when getting value for resource number 0x00000000
05-16 15:36:35.456  2465  2465 E HwNotchUtils: setIconForView iconId is not found
05-16 15:36:35.456  2465  2465 I Tile.WifiTile: setWifiIndicators  CallbackInfo = CallbackInfo[enabled=true,connected=true,wifiSignalIconId=2130838423,enabledDesc="H2",activityIn=false,activityOut=false,wifiSignalContentDescription=WLAN 信号强度满格。]
05-16 15:36:35.457 16689 18021 I FileManager-10.4.0.301 | SourceBeanPresenter: updateSouceBeanDb:82
05-16 15:36:35.716 16689 18021 I FileManager-10.4.0.301 | RecentFileProvider: applyBatch --> 0
05-16 15:36:35.717 16689 18021 I FileManager-10.4.0.301 | ScanSourceNotifyTask: notifyResult
05-16 15:36:35.718 16689 16689 I FileManager-10.4.0.301 | RecentMainFragment: Source ScanHandler --> 8
05-16 15:36:35.719 16689 16689 I FileManager-10.4.0.301 | RecentMainFragment: querySourceFromDB
05-16 15:36:35.731 16689 18025 I FileManager-10.4.0.301 | ScanSourceFromDBTask: doTask start
05-16 15:36:35.732 16689 18025 I FileManager-10.4.0.301 | SourceBeanPresenter: getSourceBeanList
05-16 15:36:35.733 16689 16689 I FileManager-10.4.0.301 | RecentMainFragment: fragment.sourceBeenList.size4
05-16 15:36:35.734 16689 16689 I FileManager-10.4.0.301 | RecentMainFragment: queryRecentConfig
05-16 15:36:35.734 16689 18025 I FileManager-10.4.0.301 | ScanSourceFromDBTask: doTask end, sourceList.size = 4
05-16 15:36:35.747 16689 18026 I FileManager-10.4.0.301 | RecentConfigDownloadTask: doTask
05-16 15:36:35.747 16689 16689 I FileManager-10.4.0.301 | RecentMainFragment:  showSourceAndRecentLoad 3
05-16 15:36:35.751 16689 18026 E [10.4.0.301]HiCloud.ParseUtil: parseLong error java.lang.NumberFormatException: For input string: ""
05-16 15:36:35.751 16689 18026 I FileManager-10.4.0.301 | RecentConfigDownloadTask: etag  is not empty
05-16 15:36:35.754 16689 18026 I FileManager-10.4.0.301 | HiDiskCommonUtil: hwid login
05-16 15:36:35.754 16689 18026 I FileManager-10.4.0.301 | RecentConfigDownloadTask: sendRequest
05-16 15:36:35.755 16689 18026 I FileManager-10.4.0.301 | RecentConfigDownloadTask: initURLConnection
05-16 15:36:35.757 16689 16689 I FileManager-10.4.0.301 | RecentMainFragment:  onLoadMore 
05-16 15:36:35.758  1498  2666 I DeviceIdentifiers: udid has been read success, return!
05-16 15:36:35.758 16689 16689 I FileManager-10.4.0.301 | RecentMainFragment: onLoadMore isQueryEnd return
05-16 15:36:35.759  1498  2666 I DeviceIdentifiers: udid has been read success, return!
05-16 15:36:35.760 16689 16689 I FileManager-10.4.0.301 | RecentMainFragment: Source ScanHandler --> 12
05-16 15:36:35.761 16689 16689 I FileManager-10.4.0.301 | RecentMainFragment: from DB list size :4
05-16 15:36:35.764 16689 16689 I FileManager-10.4.0.301 | RecentMainFragment: fragment.sourceBeenList.size4
05-16 15:36:35.764 16689 16689 I FileManager-10.4.0.301 | RecentMainFragment: queryRecentConfig
05-16 15:36:35.777 16689 16689 I FileManager-10.4.0.301 | RecentMainFragment:  showSourceAndRecentLoad 3
05-16 15:36:35.777 16689 18030 I FileManager-10.4.0.301 | RecentConfigDownloadTask: doTask
05-16 15:36:35.777 16689 18030 E [10.4.0.301]HiCloud.ParseUtil: parseLong error java.lang.NumberFormatException: For input string: ""
05-16 15:36:35.778 16689 18030 I FileManager-10.4.0.301 | RecentConfigDownloadTask: etag  is not empty
05-16 15:36:35.782 16689 18030 I FileManager-10.4.0.301 | HiDiskCommonUtil: hwid login
05-16 15:36:35.784 16689 18030 I FileManager-10.4.0.301 | RecentConfigDownloadTask: sendRequest
05-16 15:36:35.786 16689 18030 I FileManager-10.4.0.301 | RecentConfigDownloadTask: initURLConnection
05-16 15:36:35.787 16689 16689 I FileManager-10.4.0.301 | RecentMainFragment:  onLoadMore 
05-16 15:36:35.788 16689 16689 I FileManager-10.4.0.301 | RecentMainFragment: onLoadMore isQueryEnd return
05-16 15:36:35.790  1498  2666 I DeviceIdentifiers: udid has been read success, return!
05-16 15:36:35.792  1498  2666 I DeviceIdentifiers: udid has been read success, return!
05-16 15:36:35.825 16689 18026 I FileManager-10.4.0.301 | RecentConfigDownloadTask: responseCode = 304
05-16 15:36:35.827 16689 18026 I FileManager-10.4.0.301 | RecentConfigDownloadTask: inputStream null
05-16 15:36:35.828 16689 18026 E FileManager-10.4.0.301 | RecentConfigDownloadTask: CException{code='1009', message='inputStream null'}
05-16 15:36:35.829 16689 18026 E FileManager-10.4.0.301 | RecentConfigDownloadTask: query cloud notify config failed
05-16 15:36:35.830 16689 16689 I FileManager-10.4.0.301 | RecentMainFragment: SYNC_RECENT_CONFIG_END
05-16 15:36:35.840 16689 18030 I FileManager-10.4.0.301 | RecentConfigDownloadTask: responseCode = 304
05-16 15:36:35.840 16689 18030 I FileManager-10.4.0.301 | RecentConfigDownloadTask: inputStream null
05-16 15:36:35.841 16689 18030 E FileManager-10.4.0.301 | RecentConfigDownloadTask: CException{code='1009', message='inputStream null'}
05-16 15:36:35.841 16689 18030 E FileManager-10.4.0.301 | RecentConfigDownloadTask: query cloud notify config failed
05-16 15:36:35.853 16689 16689 I FileManager-10.4.0.301 | RecentMainFragment:  onLoadMore 
05-16 15:36:35.853 16689 16689 I FileManager-10.4.0.301 | RecentMainFragment: onLoadMore isQueryEnd return
05-16 15:36:35.857 16689 16689 I FileManager-10.4.0.301 | RecentMainFragment: SYNC_RECENT_CONFIG_END
05-16 15:36:35.870 16689 16689 I FileManager-10.4.0.301 | RecentMainFragment:  onLoadMore 
05-16 15:36:35.871 16689 16689 I FileManager-10.4.0.301 | RecentMainFragment: onLoadMore isQueryEnd return
05-16 15:36:36.016  1498  1498 I TrafficMonitor: update:rxPkts:2,txPkts:4,rxBytes:438,txBytes:1080
05-16 15:36:36.016  1498  1498 I TrafficMonitor: start expired. level:-1
05-16 15:36:36.016  1498  1498 I TrafficMonitor: gettimer:interval=2000
05-16 15:36:36.459  2465  2465 D StatusBarIconController: setIconVisibility icon is null or visibility not change visibility=false
05-16 15:36:36.461  2465  2465 D NetWorkUtils: mVSimCurCardType is -1
05-16 15:36:36.463  2465  2465 D StatusBarIconController: setIconVisibility icon is null or visibility not change visibility=false
05-16 15:36:36.464  2465  2465 D NetWorkUtils: mVSimCurCardType is -1
05-16 15:36:36.465  2465  2465 D StatusBarIconController: setIconVisibility icon is null or visibility not change visibility=false
05-16 15:36:36.467  2465  2465 D NetWorkUtils: mVSimCurCardType is -1
05-16 15:36:36.468  2465  2465 I Tile.WifiTile: setWifiIndicators  CallbackInfo = CallbackInfo[enabled=true,connected=true,wifiSignalIconId=2130838423,enabledDesc="H2",activityIn=true,activityOut=true,wifiSignalContentDescription=WLAN 信号强度满格。]
05-16 15:36:36.602   570 18038 W libc    : Set property "hw.wifi.dns_stat" to "7329,5405,3835,1,175376"
05-16 15:36:37.013  1498  1498 I TrafficMonitor: expired arrive. level:-1
05-16 15:36:37.014  1498  1498 I TrafficMonitor: during_ms:2002,period_ms:2000
05-16 15:36:37.014  1498  1498 I TrafficMonitor: count:166,rx_sum:2,tx_sum:4,rxBytes:438,during_ms:2002,rx_speed:218.7812187812188,tx_speed:539.4605394605395,rto:0.5
05-16 15:36:37.023  1498  2666 I BatteryService: normal charge status : 1
05-16 15:36:37.030  2465  2465 D KeyguardUpdateMonitor: received broadcast android.intent.action.BATTERY_CHANGED
05-16 15:36:37.031  2465  2465 W KeyguardUpdateMonitor: ACTION_BATTERY_CHANGED AMP: 500000; Volt: 5000000
05-16 15:36:37.031  2465  2465 I KgBattery: (last-new)Status: 1 -> 1, chargeState=1 * branch=5
05-16 15:36:37.031  2465  2465 V KeyguardUpdateMonitor: RefreshBatteryInfo isBatteryLow: 100
05-16 15:36:37.031  2465  2465 W KeyguardUpdateMonitor: ChargingSpeed  Wattage: 2500000 ST: 5000000 --> 7500000
05-16 15:36:37.031  2465  2465 I KgBattery: BatteryInfo updated:  5lPC0
05-16 15:36:37.031  2465  2465 W AppHandler: sendMessage with obj100
05-16 15:36:37.031  2465  2465 D KeyguardUpdateMonitor: handleBatteryUpdate
05-16 15:36:37.031  2465  2465 W FillLightViewManager: handleMessage 100
05-16 15:36:37.031  2465  2465 D FillLightViewManager: nothing to do 100
05-16 15:36:37.031  2465  2465 W HwLockScreenPanel: Handle message: 100
05-16 15:36:37.031  2465  2465 W HwLockScreenPanel: refreshBatteryInfo: null
05-16 15:36:37.032  2465  2465 W HwKgdBArea_BTY: updateBatteryInfo : false  true
05-16 15:36:37.034  2465  2465 I GlobalContext: Work is scheduled. com.android.systemui.battery.-$Lambda$lfi2AU3i1xDKGC7m-gvD3SF2XpQ@d6ae10
05-16 15:36:37.045  2660  2660 I MsgReceiver: intent action: android.intent.action.BATTERY_CHANGED
05-16 15:36:37.054  1498  1498 I WifiService: getWifiEnabledState uid=1000
05-16 15:36:37.054  1498  1498 D HwInnerWifiManagerImpl: SupplicantState = COMPLETED
05-16 15:36:37.054  1498  1498 D HwInnerWifiManagerImpl: isPhoneAP = false
05-16 15:36:37.054  1498  1498 I WifiService: getWifiEnabledState uid=1000
05-16 15:36:37.055  1498  1498 D HwInnerWifiManagerImpl: SupplicantState = COMPLETED
05-16 15:36:37.055  1498  1498 D HwInnerWifiManagerImpl: isPhoneAP = false
05-16 15:36:37.055  1498  1498 D WifiStateMachine: mBcastReceiver: PluggedType = 2 mIsScanCtrlPluggedin = true
05-16 15:36:37.055  1498  1498 D HwWifiService: mPluggedType =2
05-16 15:36:37.055  1498  1498 D WifiService: onReceive, action:android.intent.action.BATTERY_CHANGED
05-16 15:36:37.055  1498  1498 D WifiService: ACTION_BATTERY_CHANGED pluggedType: 2
05-16 15:36:37.060  2677  2677 W libc    : Set property "gsm.rssi.sim1" to "-106"
05-16 15:36:37.067  1498  1498 D HicomMonitor: onSignalStrengthsChanged, signalStrength = SignalStrength: -1 0 -1 255 -101 -70 -1 255 255 18 -106 -8 142 2147483647 2147483647 2147483647 true gw|lte
05-16 15:36:37.067  1498  1498 D HicomMonitor: notifyMobileSignalStrengthChanged: begin
05-16 15:36:37.067  1498  1498 D DaemonMessageAdapter: onMobileSignalStrengthChanged, subId: 0, signalStrength: SignalStrength: -1 0 -1 255 -101 -70 -1 255 255 18 -106 -8 142 2147483647 2147483647 2147483647 true gw|lte
05-16 15:36:37.067  1498  1498 D DaemonMessageAdapter: SignalStrength update result, ss: SignalStrengthInfo: 5341657 mGsmSignalStrength: -1 mWcdmaRscp: -1 mWcdmaEcio: 255 mLteRsrp: -106 mLteRsrq: -8 mCdmaDbm: -101 mCdmaEcio: -70 mEvdoDbm: -1 mEvdoEcio: 255 mLteRssnr: 142
05-16 15:36:37.067  1498  1498 D HicomMonitor: onMobileSignalStrengthChanged is called
05-16 15:36:37.067  1498  1498 I MQoS    : onSignal: mSubId=0,currDataSubID=0
05-16 15:36:37.067  1498  1498 I MQoS    : received cell-signal:4
05-16 15:36:37.067  2465  2465 I KeyguardUtils: fpPath=sys/class/hw_power/charger/charge_data/chargerType, value=0
05-16 15:36:37.074  2465  2529 I HwMobileSignalController(0): subId:0 phoneType:2 networktype:13 targetClass:3 masterLevel:3 slaveLevel:2
05-16 15:36:37.075  2465  2465 I KeyguardUtils: fpPath=sys/class/hw_power/charger/charge_data/chargerType, value=0
05-16 15:36:37.080  2465  2465 I chatty  : uid=10022(com.huawei.HwMultiScreenShot) com.android.systemui identical 2 lines
05-16 15:36:37.082  2465  2465 I KeyguardUtils: fpPath=sys/class/hw_power/charger/charge_data/chargerType, value=0
05-16 15:36:37.087  2465  2465 W HwKeyguardDragHelper: AnimationBlocked
05-16 15:36:37.088   712  2563 V LocSvc_HIDL_IzatProvider: [onLocationChanged][71] [HS] =>>>> [HC]
05-16 15:36:37.088  1498  8577 V LocSvc_HIDL_IzatProvider_jni: [onLocationChanged][136] [HC] <<= [HS]
05-16 15:36:37.090  1498  2551 I LocationManagerService: incoming location: Location[fused 29******,105****** hAcc=1705 et=+2d17h43m14s198ms alt=0.0 vel=0.0 bear=1.515625 vAcc=??? sAcc=??? bAcc=???]; passive:false; quickttff:false
05-16 15:36:37.094  1498  2551 D HwLocationManagerService: result loc: 1d04275f7ad9c3638f2bbe3f912cff026f262a0b5581c7079318600131c8c7861e33750689993bd9415c48b095393553, e51b2513d4c759c7b07bae4b51a1a732a45c516a7b7fb4451f6d53c5d71c979c705834dcd2a29b36ec68b67340dbc496
05-16 15:36:37.094  1498  2551 I WifiService: getWifiEnabledState uid=1000
05-16 15:36:37.094  1498  2551 I LocationManagerService: incoming location: Location[fused 29******,105****** hAcc=1705 et=+2d17h43m14s198ms alt=0.0 vel=0.0 bear=1.515625 vAcc=??? sAcc=??? bAcc=???]; passive:true; quickttff:false
05-16 15:36:37.095  1498  2551 I LocationManagerService: key of receiver: 1446d5b mPendingBroadcasts=0
05-16 15:36:37.096  1498  2551 I ctaifs  : <Android 系统>[Android 系统][system]:[handleLocationChangedLocked] 读取定位信息
05-16 15:36:37.097  1498  2551 I LocationManagerService: key of receiver: d67c32f mPendingBroadcasts=0
05-16 15:36:37.102  1498  2551 I ctaifs  : <融合定位>[融合定位][com.huawei.lbs]:[handleLocationChangedLocked] 读取定位信息
05-16 15:36:37.102  1498  2551 I LocationManagerService: key of receiver: 85e04 mPendingBroadcasts=0
05-16 15:36:37.103  1498  2551 W ProcBatteryStats: timer is running , not start, name: android, uid: 1000, tag: LocationManagerService
05-16 15:36:37.104  1498  2551 I ctaifs  : <Android 系统>[Android 系统][system]:[handleLocationChangedLocked] 读取定位信息
05-16 15:36:37.104  1498  2551 I LocationManagerService: key of receiver: fa5a3f2 mPendingBroadcasts=0
05-16 15:36:37.105  1498  2551 I ctaifs  : <LocationServices>[LocationServices][system]:[handleLocationChangedLocked] 读取定位信息
05-16 15:36:37.105  1498  2551 I LocationManagerService: key of receiver: 9c708fd mPendingBroadcasts=0
05-16 15:36:37.106  1498  2551 W ProcBatteryStats: timer is running , not start, name: com.huawei.lbs, uid: 1000, tag: LocationManagerService
05-16 15:36:37.107  1498  2551 I ctaifs  : <融合定位>[融合定位][com.huawei.lbs]:[handleLocationChangedLocked] 读取定位信息
05-16 15:36:37.108  1498  2551 W ProcBatteryStats: timer is not running , not stop, name: android, uid: 1000, tag: LocationManagerService
05-16 15:36:37.109  1498  2666 W ProcBatteryStats: timer is not running , not stop, name: com.huawei.lbs, uid: 1000, tag: LocationManagerService
05-16 15:36:37.463  2465  2465 D StatusBarIconController: setIconVisibility icon is null or visibility not change visibility=false
05-16 15:36:37.464  2465  2465 D NetWorkUtils: mVSimCurCardType is -1
05-16 15:36:37.465  2465  2465 W ResourceType: No package identifier when getting value for resource number 0x00000000
05-16 15:36:37.465  2465  2465 E HwNotchUtils: setIconForView iconId is not found
05-16 15:36:37.466  2465  2465 D StatusBarIconController: setIconVisibility icon is null or visibility not change visibility=false
05-16 15:36:37.466  2465  2465 D NetWorkUtils: mVSimCurCardType is -1
05-16 15:36:37.467  2465  2465 W ResourceType: No package identifier when getting value for resource number 0x00000000
05-16 15:36:37.467  2465  2465 E HwNotchUtils: setIconForView iconId is not found
05-16 15:36:37.468  2465  2465 D StatusBarIconController: setIconVisibility icon is null or visibility not change visibility=false
05-16 15:36:37.468  2465  2465 D NetWorkUtils: mVSimCurCardType is -1
05-16 15:36:37.468  2465  2465 W ResourceType: No package identifier when getting value for resource number 0x00000000
05-16 15:36:37.469  2465  2465 E HwNotchUtils: setIconForView iconId is not found
05-16 15:36:37.469  2465  2465 I Tile.WifiTile: setWifiIndicators  CallbackInfo = CallbackInfo[enabled=true,connected=true,wifiSignalIconId=2130838423,enabledDesc="H2",activityIn=false,activityOut=false,wifiSignalContentDescription=WLAN 信号强度满格。]
05-16 15:36:37.481  1498  2325 E WificondControl: Noise: 0, Snr: -1, Chload: -1
05-16 15:36:37.482  1498  2325 E HwWifiStatStore: updateLinkSpeed  linkSpeed =72 lastSpdLev=2 index=2
05-16 15:36:37.482  1498  2327 D HwWifiCHRStateManager: handleMessage : 1001
05-16 15:36:37.482  1498  2327 D HwWifiCHRStateManager: handleUpdateChannel:2457
05-16 15:36:37.483  2411  2411 D wpa_supplicant: sta hidl pwrPercentBoostModesetInternal
05-16 15:36:37.485  1498  2325 D WifiScoreReport: Score = 100, wifiConnectivityManagerEnabled = false, lowScoreCount = 0
05-16 15:36:37.616  1498  2381 D HwArpVerifier: performPollAndLog:
05-16 15:36:37.619  1498  2381 D hw_netstat: total/472/1183,android.uid.phone:1001/438/1080,android.uid.system:1000/0/103,unknown:0/34/0
05-16 15:36:37.682  1498  2414 D lux trace:: [281.0/57537769, 280.0/57537973, 272.0/57538172, 274.0/57538576, 281.0/57538775, 278.0/57538978, 272.0/57539179, 272.0/57539380, 276.0/57539582, 281.0/57539782, 276.0/57539984, 272.0/57540187, 272.0/57540391, 277.0/57540592, 281.0/57540791, 275.0/57540993, 271.0/57541206, 271.0/57541395, 277.0/57541598, 280.0/57541798]
05-16 15:36:37.906  1498  2146 D HwBatteryService: onUEvent fcpStatus = 0,scpStatus =0,ovpStatus=0
05-16 15:36:37.907  1498  2146 I HwBatteryService: quick charge status : 0
05-16 15:36:37.909   807   807 W hvdcp_opti: type=1400 audit(0.0:26447): avc: denied { read } for name="charge_type" dev="sysfs" ino=39637 scontext=u:r:hvdcp:s0 tcontext=u:object_r:sysfs:s0 tclass=file permissive=0
05-16 15:36:37.909   807   807 W hvdcp_opti: type=1400 audit(0.0:26448): avc: denied { read } for name="die_health" dev="sysfs" ino=39671 scontext=u:r:hvdcp:s0 tcontext=u:object_r:sysfs:s0 tclass=file permissive=0
05-16 15:36:37.931  1498  2666 I BatteryService: normal charge status : 1
05-16 15:36:37.938  1498  1498 I WifiService: getWifiEnabledState uid=1000
05-16 15:36:37.938  1498  1498 D HwInnerWifiManagerImpl: SupplicantState = COMPLETED
05-16 15:36:37.938  1498  1498 D HwInnerWifiManagerImpl: isPhoneAP = false
05-16 15:36:37.939  2465  2465 D KeyguardUpdateMonitor: received broadcast android.intent.action.BATTERY_CHANGED
05-16 15:36:37.939  2465  2465 W KeyguardUpdateMonitor: ACTION_BATTERY_CHANGED AMP: 500000; Volt: 5000000
05-16 15:36:37.939  2465  2465 I KgBattery: (last-new)Status: 1 -> 1, chargeState=1 * branch=5
05-16 15:36:37.939  1498  1498 I WifiService: getWifiEnabledState uid=1000
05-16 15:36:37.939  1498  1498 D HwInnerWifiManagerImpl: SupplicantState = COMPLETED
05-16 15:36:37.940  1498  1498 D HwInnerWifiManagerImpl: isPhoneAP = false
05-16 15:36:37.940  1498  1498 D WifiStateMachine: mBcastReceiver: PluggedType = 2 mIsScanCtrlPluggedin = true
05-16 15:36:37.940  2465  2465 I GlobalContext: Work is scheduled. com.android.systemui.battery.-$Lambda$lfi2AU3i1xDKGC7m-gvD3SF2XpQ@d6ae10
05-16 15:36:37.940  1498  1498 D HwWifiService: mPluggedType =2
05-16 15:36:37.941  1498  1498 D WifiService: onReceive, action:android.intent.action.BATTERY_CHANGED
05-16 15:36:37.941  1498  1498 D WifiService: ACTION_BATTERY_CHANGED pluggedType: 2
05-16 15:36:37.945  2660  2660 I MsgReceiver: intent action: android.intent.action.BATTERY_CHANGED
05-16 15:36:37.946  2465  2465 I KeyguardUtils: fpPath=sys/class/hw_power/charger/charge_data/chargerType, value=0
05-16 15:36:37.961  2465  2465 I chatty  : uid=10022(com.huawei.HwMultiScreenShot) com.android.systemui identical 3 lines
05-16 15:36:37.965  2465  2465 I KeyguardUtils: fpPath=sys/class/hw_power/charger/charge_data/chargerType, value=0
05-16 15:36:37.966  2465  2465 V KeyguardUpdateMonitor: RefreshBatteryInfo isBatteryLow: 100
05-16 15:36:37.966  2465  2465 W KeyguardUpdateMonitor: ChargingSpeed  Wattage: 2500000 ST: 5000000 --> 7500000
05-16 15:36:37.966  2465  2465 I KgBattery: BatteryInfo updated:  5lPC0
05-16 15:36:37.966  2465  2465 W AppHandler: sendMessage with obj100
05-16 15:36:37.966  2465  2465 D KeyguardUpdateMonitor: handleBatteryUpdate
05-16 15:36:37.973  2465  2465 W HwKeyguardDragHelper: AnimationBlocked
05-16 15:36:37.978  2465  2465 W FillLightViewManager: handleMessage 100
05-16 15:36:37.978  2465  2465 D FillLightViewManager: nothing to do 100
05-16 15:36:37.978  2465  2465 W HwLockScreenPanel: Handle message: 100
05-16 15:36:37.978  2465  2465 W HwLockScreenPanel: refreshBatteryInfo: null
05-16 15:36:37.978  2465  2465 W HwKgdBArea_BTY: updateBatteryInfo : false  true
05-16 15:36:38.018  1498  1498 I TrafficMonitor: update:rxPkts:1,txPkts:0,rxBytes:34,txBytes:0
05-16 15:36:38.018  1498  1498 I TrafficMonitor: start expired. level:-1
05-16 15:36:38.018  1498  1498 I TrafficMonitor: gettimer:interval=2000
05-16 15:36:38.127  1498  2326 D HwWifiStatStore: handleMessage : 200
05-16 15:36:38.466  2465  2465 D StatusBarIconController: setIconVisibility icon is null or visibility not change visibility=false
05-16 15:36:38.468  2465  2465 D NetWorkUtils: mVSimCurCardType is -1
05-16 15:36:38.469  2465  2465 D StatusBarIconController: setIconVisibility icon is null or visibility not change visibility=false
05-16 15:36:38.470  2465  2465 D NetWorkUtils: mVSimCurCardType is -1
05-16 15:36:38.472  2465  2465 D StatusBarIconController: setIconVisibility icon is null or visibility not change visibility=false
05-16 15:36:38.472  2465  2465 D NetWorkUtils: mVSimCurCardType is -1
05-16 15:36:38.473  2465  2465 I Tile.WifiTile: setWifiIndicators  CallbackInfo = CallbackInfo[enabled=true,connected=true,wifiSignalIconId=2130838423,enabledDesc="H2",activityIn=false,activityOut=true,wifiSignalContentDescription=WLAN 信号强度满格。]
05-16 15:36:38.680   570 18045 W libc    : Set property "hw.wifi.dns_stat" to "7330,5406,3835,1,175376"
05-16 15:36:39.470  2465  2465 D StatusBarIconController: setIconVisibility icon is null or visibility not change visibility=false
05-16 15:36:39.471  2465  2465 D NetWorkUtils: mVSimCurCardType is -1
05-16 15:36:39.472  2465  2465 W ResourceType: No package identifier when getting value for resource number 0x00000000
05-16 15:36:39.473  2465  2465 E HwNotchUtils: setIconForView iconId is not found
05-16 15:36:39.473  2465  2465 D StatusBarIconController: setIconVisibility icon is null or visibility not change visibility=false
05-16 15:36:39.474  2465  2465 D NetWorkUtils: mVSimCurCardType is -1
05-16 15:36:39.475  2465  2465 W ResourceType: No package identifier when getting value for resource number 0x00000000
05-16 15:36:39.475  2465  2465 E HwNotchUtils: setIconForView iconId is not found
05-16 15:36:39.476  2465  2465 D StatusBarIconController: setIconVisibility icon is null or visibility not change visibility=false
05-16 15:36:39.477  2465  2465 D NetWorkUtils: mVSimCurCardType is -1
05-16 15:36:39.477  2465  2465 W ResourceType: No package identifier when getting value for resource number 0x00000000
05-16 15:36:39.478  2465  2465 E HwNotchUtils: setIconForView iconId is not found
05-16 15:36:39.478  2465  2465 I Tile.WifiTile: setWifiIndicators  CallbackInfo = CallbackInfo[enabled=true,connected=true,wifiSignalIconId=2130838423,enabledDesc="H2",activityIn=false,activityOut=false,wifiSignalContentDescription=WLAN 信号强度满格。]
05-16 15:36:39.507  5602  5624 V Mtp     : notify PC that storage info has changed.
05-16 15:36:40.020  1498  1498 I TrafficMonitor: update:rxPkts:0,txPkts:1,rxBytes:0,txBytes:60
05-16 15:36:40.021  1498  1498 I TrafficMonitor: start expired. level:-1
05-16 15:36:40.021  1498  1498 I TrafficMonitor: gettimer:interval=2000
05-16 15:36:40.551  1498  2325 E WificondControl: Noise: 0, Snr: -1, Chload: -1
05-16 15:36:40.552  1498  2325 E HwWifiStatStore: updateLinkSpeed  linkSpeed =72 lastSpdLev=2 index=2
05-16 15:36:40.553  1498  2327 D HwWifiCHRStateManager: handleMessage : 1001
05-16 15:36:40.553  1498  2327 D HwWifiCHRStateManager: handleUpdateChannel:2457
05-16 15:36:40.554  2411  2411 D wpa_supplicant: sta hidl pwrPercentBoostModesetInternal
05-16 15:36:40.557  1498  2325 D WifiScoreReport: Score = 100, wifiConnectivityManagerEnabled = false, lowScoreCount = 0
05-16 15:36:40.771   570 18049 W libc    : Set property "hw.wifi.dns_stat" to "7331,5407,3835,1,175376"
05-16 15:36:41.134  1498  2326 D HwWifiStatStore: handleMessage : 200
05-16 15:36:41.476  2465  2465 D StatusBarIconController: setIconVisibility icon is null or visibility not change visibility=false
05-16 15:36:41.478  2465  2465 D NetWorkUtils: mVSimCurCardType is -1
05-16 15:36:41.479  2465  2465 D StatusBarIconController: setIconVisibility icon is null or visibility not change visibility=false
05-16 15:36:41.480  2465  2465 D NetWorkUtils: mVSimCurCardType is -1
05-16 15:36:41.482  2465  2465 D StatusBarIconController: setIconVisibility icon is null or visibility not change visibility=false
05-16 15:36:41.483  2465  2465 D NetWorkUtils: mVSimCurCardType is -1
05-16 15:36:41.484  2465  2465 I Tile.WifiTile: setWifiIndicators  CallbackInfo = CallbackInfo[enabled=true,connected=true,wifiSignalIconId=2130838423,enabledDesc="H2",activityIn=true,activityOut=false,wifiSignalContentDescription=WLAN 信号强度满格。]
05-16 15:36:41.903  1498  2414 D lux trace:: [272.0/57542003, 271.0/57542201, 271.0/57542405, 280.0/57542606, 271.0/57543010, 271.0/57543211, 272.0/57543412, 280.0/57543613, 279.0/57543812, 271.0/57544015, 271.0/57544218, 273.0/57544419, 280.0/57544620, 277.0/57544822, 271.0/57545024, 271.0/57545223, 276.0/57545426, 280.0/57545629, 276.0/57545826, 271.0/57546029]
05-16 15:36:42.023  1498  1498 I TrafficMonitor: update:rxPkts:3,txPkts:0,rxBytes:138,txBytes:0
05-16 15:36:42.024  1498  1498 I TrafficMonitor: start expired. level:-1
05-16 15:36:42.024  1498  1498 I TrafficMonitor: gettimer:interval=2000
05-16 15:36:42.179  1498  1498 D HicomMonitor: onSignalStrengthsChanged, signalStrength = SignalStrength: -1 0 -1 255 -101 -70 -1 255 255 19 -106 -14 146 2147483647 2147483647 2147483647 true gw|lte
05-16 15:36:42.179  1498  1498 D HicomMonitor: notifyMobileSignalStrengthChanged: begin
05-16 15:36:42.179  1498  1498 D DaemonMessageAdapter: onMobileSignalStrengthChanged, subId: 0, signalStrength: SignalStrength: -1 0 -1 255 -101 -70 -1 255 255 19 -106 -14 146 2147483647 2147483647 2147483647 true gw|lte
05-16 15:36:42.180  1498  1498 D DaemonMessageAdapter: SignalStrength update result, ss: SignalStrengthInfo: 5341657 mGsmSignalStrength: -1 mWcdmaRscp: -1 mWcdmaEcio: 255 mLteRsrp: -106 mLteRsrq: -14 mCdmaDbm: -101 mCdmaEcio: -70 mEvdoDbm: -1 mEvdoEcio: 255 mLteRssnr: 146
05-16 15:36:42.180  1498  1498 D HicomMonitor: onMobileSignalStrengthChanged is called
05-16 15:36:42.180  1498  1498 I MQoS    : onSignal: mSubId=0,currDataSubID=0
05-16 15:36:42.180  1498  1498 I MQoS    : received cell-signal:4
05-16 15:36:42.191  2465  2529 I HwMobileSignalController(0): subId:0 phoneType:2 networktype:13 targetClass:3 masterLevel:3 slaveLevel:2
05-16 15:36:42.625  1498  2381 D HwArpVerifier: performPollAndLog:
05-16 15:36:42.629  1498  2381 D hw_netstat: total/138/60,unknown:0/138/0,com.roadside.assistance11/0/60
05-16 15:36:42.636  1498  1498 D HicomMonitor: onSignalStrengthsChanged, signalStrength = SignalStrength: -1 0 -1 255 -101 -85 -1 255 255 19 -106 -14 146 2147483647 2147483647 2147483647 true gw|lte
05-16 15:36:42.637  1498  1498 D HicomMonitor: notifyMobileSignalStrengthChanged: begin
05-16 15:36:42.637  1498  1498 D DaemonMessageAdapter: onMobileSignalStrengthChanged, subId: 0, signalStrength: SignalStrength: -1 0 -1 255 -101 -85 -1 255 255 19 -106 -14 146 2147483647 2147483647 2147483647 true gw|lte
05-16 15:36:42.637  1498  1498 D DaemonMessageAdapter: SignalStrength update result, ss: SignalStrengthInfo: 5341657 mGsmSignalStrength: -1 mWcdmaRscp: -1 mWcdmaEcio: 255 mLteRsrp: -106 mLteRsrq: -14 mCdmaDbm: -101 mCdmaEcio: -85 mEvdoDbm: -1 mEvdoEcio: 255 mLteRssnr: 146
05-16 15:36:42.637  1498  1498 D HicomMonitor: onMobileSignalStrengthChanged is called
05-16 15:36:42.637  1498  1498 I MQoS    : onSignal: mSubId=0,currDataSubID=0
05-16 15:36:42.637  1498  1498 I MQoS    : received cell-signal:4
05-16 15:36:42.650  2465  2529 I HwMobileSignalController(0): subId:0 phoneType:2 networktype:13 targetClass:3 masterLevel:3 slaveLevel:2
05-16 15:36:42.809  1498  2325 E WificondControl: Noise: 0, Snr: -1, Chload: -1
05-16 15:36:42.809  1498  2325 E HwWifiStatStore: updateLinkSpeed  linkSpeed =72 lastSpdLev=2 index=2
05-16 15:36:42.810  1498  2327 D HwWifiCHRStateManager: handleMessage : 1001
05-16 15:36:42.810  1498  2327 D HwWifiCHRStateManager: handleUpdateChannel:2457
05-16 15:36:42.810  2411  2411 D wpa_supplicant: sta hidl pwrPercentBoostModesetInternal
05-16 15:36:42.836  1498  2400 I HuaweiWifiWatchdogStateMachine: POta txb txg rxg:0, 5, 0. Lr =0% Totpkt=5
05-16 15:36:42.837  1498  1498 D WiFi_PRO: MSG_RETURN_AP_CURRY_RSSI rssi = -49
05-16 15:36:42.837  1498  1498 I QosMonitor: queryRtt: rtt_type = 3
05-16 15:36:42.838  1498  1498 I QosMonitor: postEventFromNative: msg=100,arg1=4,arg2=10
05-16 15:36:42.839  1498  1498 I QosMonitor: postEventFromNative: msg=100,arg1=0,arg2=10
05-16 15:36:42.839  1498  1498 I MQoS    : rtt=408,tcp_tx_pkts=136589,tcp_rx_pkts=213197
05-16 15:36:42.839  1498  1498 I QosMonitor: resetRtt: rtt_type = 3
05-16 15:36:42.840  1498  2400 I HuaweiWifiWatchdogStateMachine: PTcp RTT:0, rtt pkt=0, tcp_rx=2, tcp_tx=5, tcp_reTran=1, rtRate=0.2
05-16 15:36:42.844  1498  2391 D HwWifiConnectivityMonitor: ENTER: notifyTopUidTcpInfo, tx = 4, rx = 2, reTx = 0, uid = 1001, tr = 0.0
05-16 15:36:42.844  1498  2391 D HwWifiConnectivityMonitor: ENTER: notifyTopUidTcpInfo, rtt = 272, rttPkts = 2, aveRtt = 136.0, app = android.uid.phone:1001
05-16 15:36:42.845  1498  2391 D HwUidTcpMonitor: parseWlanUidTcpStatistics lastUidTcpStatInfo = [ mUid = 1001 mPacketName = android.uid.phone:1001 mLastUpdateTime = 1557992202844 mSendSegs = 58 mResendSegs = 0 mRcvSegs = 33 mRttDuration = 3648 mRttSegs = 27 mMobileSendSegs = 0 mMobileResendSegs = 0 mMobileRcvSegs = 0 mMobileRttDuration = 0 mMobileRttSegs = 0 ]
05-16 15:36:42.845  1498  2391 D HwUidTcpMonitor: parseWlanUidTcpStatistics lastUidTcpStatInfo = [ mUid = 10150 mPacketName = com.roadside.assistance11 mLastUpdateTime = 1557992202845 mSendSegs = 2923 mResendSegs = 1261 mRcvSegs = 1399 mRttDuration = 106616 mRttSegs = 224 mMobileSendSegs = 0 mMobileResendSegs = 0 mMobileRcvSegs = 0 mMobileRttDuration = 0 mMobileRttSegs = 0 ]
05-16 15:36:42.845  1498  2391 D HwUidTcpMonitor: parseMobileUidTcpStatistics tcpStatLines.get(i).startsWith(WIFIPRO_TAG)
05-16 15:36:42.845  1498  2394 D HwWifiConnectivityMonitor: handleTopUidInternetStatusChanged, uid = 1001, status = 0
05-16 15:36:42.850  1498  5133 I MQoS    : QOS_level:4(4),wifi-link;use signalLvl:4;RAT:4G
05-16 15:36:42.859   570 18053 W libc    : Set property "hw.wifi.dns_stat" to "7332,5408,3835,1,175376"
05-16 15:36:43.019  1498  1498 I TrafficMonitor: expired arrive. level:-1
05-16 15:36:43.020  1498  1498 I TrafficMonitor: during_ms:2002,period_ms:2000
05-16 15:36:43.020  1498  1498 I TrafficMonitor: count:169,rx_sum:3,tx_sum:0,rxBytes:138,during_ms:2002,rx_speed:68.93106893106894,tx_speed:0.0,rto:0.0
05-16 15:36:43.619  1498  2325 E WificondControl: Noise: 0, Snr: -1, Chload: -1
05-16 15:36:43.620  1498  2325 E HwWifiStatStore: updateLinkSpeed  linkSpeed =72 lastSpdLev=2 index=2
05-16 15:36:43.620  1498  2327 D HwWifiCHRStateManager: handleMessage : 1001
05-16 15:36:43.621  1498  2327 D HwWifiCHRStateManager: handleUpdateChannel:2457
05-16 15:36:43.621  2411  2411 D wpa_supplicant: sta hidl pwrPercentBoostModesetInternal
05-16 15:36:43.625  1498  2325 D WifiScoreReport: Score = 100, wifiConnectivityManagerEnabled = false, lowScoreCount = 0
05-16 15:36:44.027  1498  1498 I TrafficMonitor: update:rxPkts:3,txPkts:0,rxBytes:233,txBytes:0
05-16 15:36:44.027  1498  1498 I TrafficMonitor: start expired. level:-1
05-16 15:36:44.027  1498  1498 I TrafficMonitor: gettimer:interval=2000
05-16 15:36:44.140  1498  2326 D HwWifiStatStore: handleMessage : 200
05-16 15:36:44.485  2465  2465 D StatusBarIconController: setIconVisibility icon is null or visibility not change visibility=false
05-16 15:36:44.487  2465  2465 D NetWorkUtils: mVSimCurCardType is -1
05-16 15:36:44.489  2465  2465 W ResourceType: No package identifier when getting value for resource number 0x00000000
05-16 15:36:44.490  2465  2465 E HwNotchUtils: setIconForView iconId is not found
05-16 15:36:44.490  2465  2465 D StatusBarIconController: setIconVisibility icon is null or visibility not change visibility=false
05-16 15:36:44.491  2465  2465 D NetWorkUtils: mVSimCurCardType is -1
05-16 15:36:44.492  2465  2465 W ResourceType: No package identifier when getting value for resource number 0x00000000
05-16 15:36:44.492  2465  2465 E HwNotchUtils: setIconForView iconId is not found
05-16 15:36:44.492  2465  2465 D StatusBarIconController: setIconVisibility icon is null or visibility not change visibility=false
05-16 15:36:44.493  2465  2465 D NetWorkUtils: mVSimCurCardType is -1
05-16 15:36:44.493  2465  2465 W ResourceType: No package identifier when getting value for resource number 0x00000000
05-16 15:36:44.494  2465  2465 E HwNotchUtils: setIconForView iconId is not found
05-16 15:36:44.494  2465  2465 I Tile.WifiTile: setWifiIndicators  CallbackInfo = CallbackInfo[enabled=true,connected=true,wifiSignalIconId=2130838423,enabledDesc="H2",activityIn=false,activityOut=false,wifiSignalContentDescription=WLAN 信号强度满格。]
05-16 15:36:44.936   570 18056 W libc    : Set property "hw.wifi.dns_stat" to "7333,5409,3835,1,175376"
05-16 15:36:45.439  1498  2161 W AlarmManager: mIsScreenOn is: true, WAKEUP alarm trigger action = null package name is: com.tencent.mm tag: *walarm*:com.tencent.mm/.booter.MMReceivers$AlarmReceiver window:675000 originWhen:236317028 when:236317027 maxWhen:236992027
05-16 15:36:45.455  2660  2800 I DeviceMonitor: WKLOCK EVT:160 uid:10087 flags:1 pid:-2 tag:*alarm*
05-16 15:36:45.460  2605  2605 I BDLog   : BD.BDService:receive:com.huawei.bd.action.heartbeat_hour
05-16 15:36:45.462  2605  2605 I BDLog   : BD.BDService:end:com.huawei.bd.action.heartbeat_hour
05-16 15:36:45.462  2605 18058 I BDLog   : BD.Scheduler:Hour task coming
05-16 15:36:45.463  1498  1781 V BroadcastQueue: Finished with ordered broadcast BroadcastRecord{1dfde63 u0 com.huawei.bd.action.heartbeat_hour}
05-16 15:36:45.469  1498  2766 V BroadcastQueue: Finished with ordered broadcast BroadcastRecord{3d16c8c u0 com.huawei.hwsystemmanager.power.SCHEDULE_RECORD_REMAING_TIME_SCENE}
05-16 15:36:45.474  1498  2766 V BroadcastQueue: Finished with ordered broadcast BroadcastRecord{8a5d3ea u0 com.huawei.hwsystemmanager.power.SCHEDULE_RECORD_POWER_CONSUME}
05-16 15:36:45.485  2465  2465 D StatusBarIconController: setIconVisibility icon is null or visibility not change visibility=false
05-16 15:36:45.485  2465  2465 D NetWorkUtils: mVSimCurCardType is -1
05-16 15:36:45.486  2465  2465 D StatusBarIconController: setIconVisibility icon is null or visibility not change visibility=false
05-16 15:36:45.486  2465  2465 D NetWorkUtils: mVSimCurCardType is -1
05-16 15:36:45.487  2465  2465 D StatusBarIconController: setIconVisibility icon is null or visibility not change visibility=false
05-16 15:36:45.487  2465  2465 D NetWorkUtils: mVSimCurCardType is -1
05-16 15:36:45.487  2465  2465 I Tile.WifiTile: setWifiIndicators  CallbackInfo = CallbackInfo[enabled=true,connected=true,wifiSignalIconId=2130838423,enabledDesc="H2",activityIn=true,activityOut=true,wifiSignalContentDescription=WLAN 信号强度满格。]
05-16 15:36:45.508  2955  3769 W HSM     : SysCoreUtils:getGoogleSharedUid NameNotFoundException!
05-16 15:36:45.519  1498  6258 V BroadcastQueue: Finished with ordered broadcast BroadcastRecord{d56b2f4 u0 null}
05-16 15:36:45.520  2955  3769 I chatty  : uid=1000(system) HsmIntentServic identical 35 lines
05-16 15:36:45.521  2955  3769 W HSM     : SysCoreUtils:getGoogleSharedUid NameNotFoundException!
05-16 15:36:45.521  2955  2955 W HSM     : HsmIntentService:still has some task running, don't stop service.
05-16 15:36:45.521  2955  3769 W HSM     : SysCoreUtils:getGoogleSharedUid NameNotFoundException!
05-16 15:36:45.534  1498  2666 V BroadcastQueue: Finished with ordered broadcast BroadcastRecord{628b6db u0 com.tencent.mm.TrafficStatsReceiver}
05-16 15:36:45.535  2955  3769 I chatty  : uid=1000(system) HsmIntentServic identical 46 lines
05-16 15:36:45.536  2955  3769 W HSM     : SysCoreUtils:getGoogleSharedUid NameNotFoundException!
05-16 15:36:45.536  2660  2800 I DeviceMonitor: WKLOCK EVT:161 uid:10087 flags:1 pid:-2 tag:*alarm*
05-16 15:36:45.536  2955  3769 W HSM     : SysCoreUtils:getGoogleSharedUid NameNotFoundException!
05-16 15:36:45.562  2955  3769 I chatty  : uid=1000(system) HsmIntentServic identical 88 lines
05-16 15:36:45.562  2955  3769 W HSM     : SysCoreUtils:getGoogleSharedUid NameNotFoundException!
05-16 15:36:45.563  2660  5597 I PGServer: com.huawei.systemmanager calls getBatteryStats 
05-16 15:36:45.564  2660  5597 D PG_DBS_MAIN: getBatteryStats
05-16 15:36:45.565  2660  5597 E KernelCpuSpeedReader: Failed to read cpu-freq: /sys/devices/system/cpu/cpu0/cpufreq/stats/time_in_state (No such file or directory)
05-16 15:36:45.565  2660  5597 E KernelCpuSpeedReader: Failed to read cpu-freq: /sys/devices/system/cpu/cpu4/cpufreq/stats/time_in_state (No such file or directory)
05-16 15:36:45.603  2660  5597 W PG_DBS_MAIN: The charge now node is not existed!
05-16 15:36:45.604  2660  5597 I PG_DBS_MAIN: DBS_Acc_Power: 4.5, levelPower: 0, chargeNow: 0, screen: 0.0, time: 0, cpu: 4.4, time: 247, mobile: 0.0, time: 0, wifi: 0.0, time: 0, pakcets: 67, bytes: 4778, wl: 0.1, time: 10, sensor: 0.0, time: 171, gps: 0.0, time: 0
05-16 15:36:46.032  1498  1498 I TrafficMonitor: update:rxPkts:2,txPkts:2,rxBytes:144,txBytes:144
05-16 15:36:46.032  1498  1498 I TrafficMonitor: start expired. level:-1
05-16 15:36:46.032  1498  1498 I TrafficMonitor: gettimer:interval=2000
05-16 15:36:46.129  1498  2414 D lux trace:: [277.0/57546435, 280.0/57546633, 273.0/57546834, 271.0/57547035, 271.0/57547237, 278.0/57547439, 280.0/57547640, 272.0/57547843, 271.0/57548045, 280.0/57548447, 280.0/57548650, 271.0/57548848, 271.0/57549052, 271.0/57549253, 280.0/57549455, 278.0/57549652, 271.0/57549855, 271.0/57550060, 274.0/57550258]
05-16 15:36:46.490  2465  2465 D StatusBarIconController: setIconVisibility icon is null or visibility not change visibility=false
05-16 15:36:46.491  2465  2465 D NetWorkUtils: mVSimCurCardType is -1
05-16 15:36:46.492  2465  2465 W ResourceType: No package identifier when getting value for resource number 0x00000000
05-16 15:36:46.492  2465  2465 E HwNotchUtils: setIconForView iconId is not found
05-16 15:36:46.493  2465  2465 D StatusBarIconController: setIconVisibility icon is null or visibility not change visibility=false
05-16 15:36:46.494  2465  2465 D NetWorkUtils: mVSimCurCardType is -1
05-16 15:36:46.495  2465  2465 W ResourceType: No package identifier when getting value for resource number 0x00000000
05-16 15:36:46.495  2465  2465 E HwNotchUtils: setIconForView iconId is not found
05-16 15:36:46.496  2465  2465 D StatusBarIconController: setIconVisibility icon is null or visibility not change visibility=false
05-16 15:36:46.497  2465  2465 D NetWorkUtils: mVSimCurCardType is -1
05-16 15:36:46.497  2465  2465 W ResourceType: No package identifier when getting value for resource number 0x00000000
05-16 15:36:46.498  2465  2465 E HwNotchUtils: setIconForView iconId is not found
05-16 15:36:46.498  2465  2465 I Tile.WifiTile: setWifiIndicators  CallbackInfo = CallbackInfo[enabled=true,connected=true,wifiSignalIconId=2130838423,enabledDesc="H2",activityIn=false,activityOut=false,wifiSignalContentDescription=WLAN 信号强度满格。]
05-16 15:36:46.681  1498  2325 E WificondControl: Noise: 0, Snr: -1, Chload: -1
05-16 15:36:46.681  1498  2325 E HwWifiStatStore: updateLinkSpeed  linkSpeed =72 lastSpdLev=2 index=2
05-16 15:36:46.682  1498  2327 D HwWifiCHRStateManager: handleMessage : 1001
05-16 15:36:46.682  1498  2327 D HwWifiCHRStateManager: handleUpdateChannel:2457
05-16 15:36:46.683  2411  2411 D wpa_supplicant: sta hidl pwrPercentBoostModesetInternal
05-16 15:36:46.685  1498  2325 D WifiScoreReport: Score = 100, wifiConnectivityManagerEnabled = false, lowScoreCount = 0
05-16 15:36:46.836  1498  2548 E Watchdog: Failed to write to /sys/kernel/hungtask/vm_heart
05-16 15:36:46.836  1498  2548 E Watchdog: java.io.FileNotFoundException: /sys/kernel/hungtask/vm_heart (Permission denied)
05-16 15:36:46.836  1498  2548 E Watchdog: 	at java.io.FileOutputStream.open0(Native Method)
05-16 15:36:46.836  1498  2548 E Watchdog: 	at java.io.FileOutputStream.open(FileOutputStream.java:287)
05-16 15:36:46.836  1498  2548 E Watchdog: 	at java.io.FileOutputStream.<init>(FileOutputStream.java:223)
05-16 15:36:46.836  1498  2548 E Watchdog: 	at java.io.FileOutputStream.<init>(FileOutputStream.java:110)
05-16 15:36:46.836  1498  2548 E Watchdog: 	at com.android.server.Watchdog.writeHungtask(Watchdog.java:904)
05-16 15:36:46.836  1498  2548 E Watchdog: 	at com.android.server.Watchdog.run(Watchdog.java:563)
05-16 15:36:46.840  1498  1910 I EventHub: EventHub monitor: no key events in the past 333s, no motion events in the past 17s
05-16 15:36:47.012   570 18061 W libc    : Set property "hw.wifi.dns_stat" to "7334,5410,3835,1,175376"
05-16 15:36:47.146  1498  2326 D HwWifiStatStore: handleMessage : 200
05-16 15:36:47.495  2465  2465 D StatusBarIconController: setIconVisibility icon is null or visibility not change visibility=false
05-16 15:36:47.496  2465  2465 D NetWorkUtils: mVSimCurCardType is -1
05-16 15:36:47.498  2465  2465 D StatusBarIconController: setIconVisibility icon is null or visibility not change visibility=false
05-16 15:36:47.499  2465  2465 D NetWorkUtils: mVSimCurCardType is -1
05-16 15:36:47.500  2465  2465 D StatusBarIconController: setIconVisibility icon is null or visibility not change visibility=false
05-16 15:36:47.500  2465  2465 D NetWorkUtils: mVSimCurCardType is -1
05-16 15:36:47.501  2465  2465 I Tile.WifiTile: setWifiIndicators  CallbackInfo = CallbackInfo[enabled=true,connected=true,wifiSignalIconId=2130838423,enabledDesc="H2",activityIn=true,activityOut=false,wifiSignalContentDescription=WLAN 信号强度满格。]
05-16 15:36:47.634  1498  2381 D HwArpVerifier: performPollAndLog:
05-16 15:36:47.638  1498  2381 D hw_netstat: total/34/72,unknown:0/34/72
05-16 15:36:47.889   834   834 W iaware  : type=1400 audit(0.0:26449): avc: denied { write } for name="timerslack_ns" dev="proc" ino=1508837 scontext=u:r:hwpged:s0 tcontext=u:r:shell:s0 tclass=file permissive=0
05-16 15:36:47.893   834  1015 W SchedPolicy: add_tid_to_cgroup failed to write '18066' (Permission denied); fd=5
05-16 15:36:47.893   834  1015 E SchedPolicy: set_cpuset_policy failed err=-22, tid=18066, policy=1
05-16 15:36:48.035  1498  1498 I TrafficMonitor: update:rxPkts:2,txPkts:0,rxBytes:106,txBytes:0
05-16 15:36:48.036  1498  1498 I TrafficMonitor: start expired. level:-1
05-16 15:36:48.036  1498  1498 I TrafficMonitor: gettimer:interval=2000
05-16 15:36:48.646  1498  1498 D HicomMonitor: onSignalStrengthsChanged, signalStrength = SignalStrength: -1 0 -1 255 -101 -85 -1 255 255 19 -106 -14 146 2147483647 2147483647 2147483647 true gw|lte
05-16 15:36:48.646  1498  1498 D HicomMonitor: notifyMobileSignalStrengthChanged: begin
05-16 15:36:48.646  1498  1498 D DaemonMessageAdapter: onMobileSignalStrengthChanged, subId: 0, signalStrength: SignalStrength: -1 0 -1 255 -101 -85 -1 255 255 19 -106 -14 146 2147483647 2147483647 2147483647 true gw|lte
05-16 15:36:48.647  1498  1498 D DaemonMessageAdapter: SignalStrength update result, ss: SignalStrengthInfo: 5341657 mGsmSignalStrength: -1 mWcdmaRscp: -1 mWcdmaEcio: 255 mLteRsrp: -106 mLteRsrq: -14 mCdmaDbm: -101 mCdmaEcio: -85 mEvdoDbm: -1 mEvdoEcio: 255 mLteRssnr: 146
05-16 15:36:48.647  1498  1498 D HicomMonitor: onMobileSignalStrengthChanged is called
05-16 15:36:48.647  1498  1498 I MQoS    : onSignal: mSubId=0,currDataSubID=0
05-16 15:36:48.647  1498  1498 I MQoS    : received cell-signal:4
05-16 15:36:48.657  2465  2529 I HwMobileSignalController(0): subId:0 phoneType:2 networktype:13 targetClass:3 masterLevel:3 slaveLevel:2
05-16 15:36:49.027  1498  1498 I TrafficMonitor: expired arrive. level:-1
05-16 15:36:49.028  1498  1498 I TrafficMonitor: during_ms:2003,period_ms:2000
05-16 15:36:49.028  1498  1498 I TrafficMonitor: count:172,rx_sum:2,tx_sum:0,rxBytes:106,during_ms:2003,rx_speed:52.920619071392906,tx_speed:0.0,rto:0.0
