05-16 15:36:21.431  2660  2800 I AppsUsage: scnOff:false FgAPP:com.huawei.android.launcher BgAPP:com.android.htmlviewer
05-16 15:36:21.431  2660  3227 I BacklightControl: Ratio: 100 Auto: false
05-16 15:36:21.432  1498  2159 I LightsService: setLcdRatio ratio:100 autoAdjust:false
05-16 15:36:21.433  2660  4928 E AwareLog: LCDSchedFeature: DisplayServices setData FAILED
05-16 15:36:21.434  1498  2374 D EmcomManagerService: forePackage name is com.huawei.android.launcher
05-16 15:36:21.434  1498  2374 D HicomMonitor: notifyForegroundAppChanged: begin
05-16 15:36:21.434  1498  2374 D XEngineProcessor: onForegroundAppChanged, pkgName:com.huawei.android.launcher
05-16 15:36:21.434  1498  2374 I XEngineProcessor: Feature is not enable.
05-16 15:36:21.434  1498  2374 D HicomMonitor: onForegroundAppChanged is called
05-16 15:36:21.434  2660  3803 I PGServer: report state:10003 event type:2 pid:0 uid:0 pkg:com.android.htmlviewer to pid: 2660
05-16 15:36:21.434  2660  3803 I SceneReceiver: state type: 10003 eventType:2 pid:0 uid:0 pkg:com.android.htmlviewer
05-16 15:36:21.434  2660  3803 I PGServer: report state:10003 event type:2 pid:0 uid:0 pkg:com.android.htmlviewer to pid: 1498
05-16 15:36:21.435  2660  3803 I PGServer: report state:10010 event type:1 pid:0 uid:0 pkg:com.huawei.android.launcher to pid: 2660
05-16 15:36:21.435  2660  3803 I SceneReceiver: state type: 10010 eventType:1 pid:0 uid:0 pkg:com.huawei.android.launcher
05-16 15:36:21.435  2660  3803 I PGServer: report state:10010 event type:1 pid:0 uid:0 pkg:com.huawei.android.launcher to pid: 1498
05-16 15:36:21.435  2660  4929 D HwThermalStateManager: current foreapp pkg : com.huawei.android.launcher
05-16 15:36:21.435  2660  4929 D HwThermalStateManager: really app:com.huawei.android.launcher
05-16 15:36:21.436  2660  5597 I PGServer: checkPkgType. calling pkg: android
05-16 15:36:21.445  1498  2170 D GestureBackAnimation: GLGestureBackRender-setAnimProcess with 0.7803172
05-16 15:36:21.447  1498  2766 I WindowManager: Taking screenshot from Surface with crop:[Rect(0, 56 - 720, 1519)], width:[432], height:[878], minLayer:[11000], maxLayer:[21030], inRotation:[false], rot:[0]
05-16 15:36:21.461  1498  2170 D GestureBackAnimation: GLGestureBackRender-setAnimProcess with 0.6623627
05-16 15:36:21.463   532   532 E SELinux : avc:  denied  { find } for interface=vendor.huawei.hardware.hwsched::ISched sid=u:r:system_server:s0 pid=1498 scontext=u:r:system_server:s0 tcontext=u:object_r:default_android_hwservice:s0 tclass=hwservice_manager permissive=0
05-16 15:36:21.463  1498  2766 E BufferQueueProducer: [] [hwsched]Can not get hwsched service
05-16 15:36:21.464  1498  2766 E BufferQueueProducer: [] [hwsched] Sched_config_cust.xml is not exit or file is invalid!
05-16 15:36:21.464  1498  2766 E BufferQueueProducer: [] [hwsched] LoadFile error, path:(null), error code:3
05-16 15:36:21.477  1498  2766 V WindowManager: notifyAppResumed: wasStopped=true AppWindowToken{ba17916 token=Token{2399e31 ActivityRecord{c735bb u0 com.huawei.android.launcher/.unihome.UniHomeLauncher t1}}}
05-16 15:36:21.478  1498  2170 D GestureBackAnimation: GLGestureBackRender-setAnimProcess with 0.5130945
05-16 15:36:21.478  1498  2766 V WindowManager: No longer Stopped: AppWindowToken{ba17916 token=Token{2399e31 ActivityRecord{c735bb u0 com.huawei.android.launcher/.unihome.UniHomeLauncher t1}}}
05-16 15:36:21.486   714   750 E ANDR-PERF-MPCTL: Invalid profile no. 0, total profiles 0 only
05-16 15:36:21.487   714   750 E ANDR-PERF-OPTSHANDLER: Perflock resource /proc/sys/kernel/sched_spill_nr_run not supported
05-16 15:36:21.487   714   750 E ANDR-PERF-RESOURCEQS: Failed to apply optimization [3, 11]
05-16 15:36:21.487   714   750 E ANDR-PERF-OPTSHANDLER: Perflock resource /proc/sys/kernel/sched_restrict_cluster_spill not supported
05-16 15:36:21.487   714   750 E ANDR-PERF-RESOURCEQS: Failed to apply optimization [3, 13]
05-16 15:36:21.492  1498  2766 V WindowManager: Checking 1 opening apps (frozen=false timeout=false)...
05-16 15:36:21.492  1498  2766 V WindowManager: Check opening app=AppWindowToken{ba17916 token=Token{2399e31 ActivityRecord{c735bb u0 com.huawei.android.launcher/.unihome.UniHomeLauncher t1}}}: allDrawn=false startingDisplayed=false startingMoved=false isRelaunching()=false
05-16 15:36:21.495  1498  2170 D GestureBackAnimation: GLGestureBackRender-setAnimProcess with 0.3807811
05-16 15:36:21.495  1498  2163 W AwareLog: SchedLevelBoost: onFgActivitiesChanged config not set!
05-16 15:36:21.496  2660  5029 E AwareLog: GameSdkConfigReader: GameSdkLog: idNameMap: null
05-16 15:36:21.496  2704  2834 E HwLauncher: SettingsEx , no such field.
05-16 15:36:21.496  1498  1782 D HiDATA_ContentAware: mForegroundAppPackageName: com.huawei.android.launcher ,score: 0
05-16 15:36:21.496  1498  1782 D HiDATA  : onForegroundAppWifiSleepChange: config:false, sleeptime:-1,type: 255, appname:com.huawei.android.launcher
05-16 15:36:21.496  2704  2834 W HwLauncher: Clock getDataFormat the getSystemString failed.
05-16 15:36:21.496  1498  1782 D MSSArbitrager: setGameForeground:false
05-16 15:36:21.496  1498  1782 D HiDATA  : APP type: 255 appName= com.huawei.android.launcher
05-16 15:36:21.497  1498  1782 D HiDATA  : no game, APP_TYPE_GAME, appName =com.huawei.android.launcher
05-16 15:36:21.497  1498  1782 D HiDATA_ContentAware: packageName = com.huawei.android.launcher, uid = 10056
05-16 15:36:21.502  1498  6258 I HwNetworkPolicy: onTransact, code = 203
05-16 15:36:21.503   728   728 W surfaceflinger: type=1400 audit(0.0:26436): avc: denied { read } for name="cust" dev="mmcblk0p53" ino=60288 scontext=u:r:surfaceflinger:s0 tcontext=u:object_r:cust_data_file:s0 tclass=lnk_file permissive=0
05-16 15:36:21.503  2955  3142 I HwNetworkPolicyManager: getHwUidPolicy uid = 10056 policy = 0
05-16 15:36:21.503  1498  6258 I HwAudioService: now type = 255,reportForegroundAppType = 255,systemload = 255
05-16 15:36:21.503  1498  2551 D LocationManagerService: request from uid 10030 is now foreground
05-16 15:36:21.503  1498  2551 I LocationManagerService: applyRequirementsLocked to passive
05-16 15:36:21.503  2465  2465 I zygote64: Explicit concurrent copying GC freed 41730(2MB) AllocSpace objects, 2(104KB) LOS objects, 50% free, 11MB/23MB, paused 113us total 98.714ms
05-16 15:36:21.503  1498  2551 D WorkSource: Insert in WorkSource{} @ 0 uid 1000 name android
05-16 15:36:21.503  1498  2551 D WorkSource: Insert in WorkSource{1000 android} @ 1 uid 1000 name com.huawei.lbs
05-16 15:36:21.503  1498  2551 D WorkSource: Insert in WorkSource{1000 android, 1000 com.huawei.lbs} @ 2 uid 1000 name com.qualcomm.location
05-16 15:36:21.503  1498  2551 I LocationManagerService: provider request: passive ProviderRequest[ON interval=0] mCHRFirstReqFlag:false
05-16 15:36:21.504  1498  6258 D HwGameAssistantController: pid=2704, uid=10056, component=ComponentInfo{com.huawei.android.launcher/com.huawei.android.launcher.unihome.UniHomeLauncher}
05-16 15:36:21.504  1498  1931 D HwGameAssistantController: UPDATE: mCurFgPkg=com.huawei.android.launcher, mCurFgPid=2704, mCurIsGame=false
05-16 15:36:21.505  1498  1772 W HwActivityManagerServiceEx: HwActivityNotifier end call android.app.IHwActivityNotifier$Stub$Proxy@33d0546 for activityLifeState under user 0 cost 0
05-16 15:36:21.507   532   532 E SELinux : avc:  denied  { find } for interface=vendor.huawei.hardware.hwsched::ISched sid=u:r:surfaceflinger:s0 pid=728 scontext=u:r:surfaceflinger:s0 tcontext=u:object_r:default_android_hwservice:s0 tclass=hwservice_manager permissive=0
05-16 15:36:21.507   728   728 E BufferQueueProducer: [] [hwsched]Can not get hwsched service
05-16 15:36:21.508   728   728 E BufferQueueProducer: [] [hwsched] Sched_config_cust.xml is not exit or file is invalid!
05-16 15:36:21.508   728   728 E BufferQueueProducer: [] [hwsched] LoadFile error, path:(null), error code:3
05-16 15:36:21.509  1498  6258 V HwPhoneWindowManager: updateSystemUiColorLw window=Window{9ef8008 u0 com.huawei.android.launcher/com.huawei.android.launcher.unihome.UniHomeLauncher},EmuiStyle=-1,StatusBarColor=0xfffcfcfc,NavigationBarColor=0x0, mLastIsEmuiLightStyle=-1, mForceNotchStatusBar=false
05-16 15:36:21.512  1498  2170 D GestureBackAnimation: GLGestureBackRender-setAnimProcess with 0.27280784
05-16 15:36:21.516  1498  6258 V WindowManager: Checking 1 opening apps (frozen=false timeout=false)...
05-16 15:36:21.516  1498  6258 V WindowManager: Check opening app=AppWindowToken{ba17916 token=Token{2399e31 ActivityRecord{c735bb u0 com.huawei.android.launcher/.unihome.UniHomeLauncher t1}}}: allDrawn=false startingDisplayed=false startingMoved=false isRelaunching()=false
05-16 15:36:21.519   728  2229 E BufferQueueProducer: [] mConsumerName == NULL!!!!!!
05-16 15:36:21.523  1498  2170 V WindowManager: Checking 1 opening apps (frozen=false timeout=false)...
05-16 15:36:21.523  1498  2170 V WindowManager: Check opening app=AppWindowToken{ba17916 token=Token{2399e31 ActivityRecord{c735bb u0 com.huawei.android.launcher/.unihome.UniHomeLauncher t1}}}: allDrawn=false startingDisplayed=false startingMoved=false isRelaunching()=false
05-16 15:36:21.532  1498  2170 V WindowManager: Checking 1 opening apps (frozen=false timeout=false)...
05-16 15:36:21.532  1498  2170 V WindowManager: Check opening app=AppWindowToken{ba17916 token=Token{2399e31 ActivityRecord{c735bb u0 com.huawei.android.launcher/.unihome.UniHomeLauncher t1}}}: allDrawn=false startingDisplayed=false startingMoved=false isRelaunching()=false
05-16 15:36:21.534  1498  2170 D GestureBackAnimation: GLGestureBackRender-setAnimProcess with 0.19206262
05-16 15:36:21.544  1498  2170 D GestureBackAnimation: GLGestureBackRender-setAnimProcess with 0.1355862
05-16 15:36:21.559  1498  2766 D WindowManager: finishDrawingWindow: Window{9ef8008 u0 com.huawei.android.launcher/com.huawei.android.launcher.unihome.UniHomeLauncher} mDrawState=DRAW_PENDING
05-16 15:36:21.559  2704  2704 I ViewRootImpl: jank_removeInvalidNode all the node in jank list is out of time
05-16 15:36:21.561  2704  2704 W InputMethodManager: startInputReason = 1
05-16 15:36:21.561  1498  2170 D GestureBackAnimation: GLGestureBackRender-setAnimProcess with 0.09111786
05-16 15:36:21.565  1498  2140 V WindowManager: Checking 1 opening apps (frozen=false timeout=false)...
05-16 15:36:21.565  1498  2140 V WindowManager: Check opening app=AppWindowToken{ba17916 token=Token{2399e31 ActivityRecord{c735bb u0 com.huawei.android.launcher/.unihome.UniHomeLauncher t1}}}: allDrawn=true startingDisplayed=false startingMoved=false isRelaunching()=false
05-16 15:36:21.565  1498  2140 I WindowManager: closing apps count = 1
05-16 15:36:21.567  1498  2140 D CubicBezierInterpolator: CubicBezierInterpolator  mControlPoint1x = 0.5, mControlPoint1y = 0.2, mControlPoint2x = 0.6, mControlPoint2y = 1.0
05-16 15:36:21.568  1498  2140 D CubicBezierInterpolator: CubicBezierInterpolator  mControlPoint1x = 0.5, mControlPoint1y = 0.2, mControlPoint2x = 0.6, mControlPoint2y = 1.0
05-16 15:36:21.571  1498  2140 I WindowManager: Taking screenshot from Surface with crop:[Rect(0, 0 - 720, 1520)], width:[720], height:[1520], minLayer:[11000], maxLayer:[21025], inRotation:[false], rot:[0]
05-16 15:36:21.578  1498  2170 D GestureBackAnimation: GLGestureBackRender-setAnimProcess with 0.057766914
05-16 15:36:21.579   532   532 E SELinux : avc:  denied  { find } for interface=vendor.huawei.hardware.hwsched::ISched sid=u:r:system_server:s0 pid=1498 scontext=u:r:system_server:s0 tcontext=u:object_r:default_android_hwservice:s0 tclass=hwservice_manager permissive=0
05-16 15:36:21.579  1498  2140 E BufferQueueProducer: [] [hwsched]Can not get hwsched service
05-16 15:36:21.579  1498  2140 E BufferQueueProducer: [] [hwsched] Sched_config_cust.xml is not exit or file is invalid!
05-16 15:36:21.580  1498  2140 E BufferQueueProducer: [] [hwsched] LoadFile error, path:(null), error code:3
05-16 15:36:21.588   700   700 E DE H =KI: setDDICCABC:348:  KernelInterfaceImpl::setDDICCABC   m_cabcMode =3   comand = cabl:set Low, gl_current_command =0, comand = 0   gl_command_set_first = 1
05-16 15:36:21.590  1498  1782 D HwPhoneWindowManager: Transact:setSystemUIColor to status bar service
05-16 15:36:21.590  2465 17576 I CommandQueue: updateBarBgColor
05-16 15:36:21.590  2465 17576 D CommandQueue: CommandQueue, setBarBackgroundColor
05-16 15:36:21.591  2465 17653 D HwRecentsLockUtils: Search
05-16 15:36:21.591  2646  4513 E HsmCoreServiceImpl: onTransact in code is: 103
05-16 15:36:21.592  2646  4513 I MediaProcessHandler: playingUids: 
05-16 15:36:21.595  1498  2170 D GestureBackAnimation: GLGestureBackRender-setAnimProcess with 0.03435552
05-16 15:36:21.602  2465  2465 I zygote64: Explicit concurrent copying GC freed 4419(231KB) AllocSpace objects, 0(0B) LOS objects, 50% free, 11MB/23MB, paused 150us total 90.713ms
05-16 15:36:21.611  1498  2170 D GestureBackAnimation: GLGestureBackRender-setAnimProcess with 0.018693268
05-16 15:36:21.620  6765  6765 I wangchen: SysInfo.getSysParam: orientation=1||config d=2.0,w=720,h=1520||metrics d=2.0,w=720,h=1520||sdk=27,bar_h=56
05-16 15:36:21.620  6765  6765 I KeymapLoader: w=720 h=1520 ori=true appScale=2.25 s1=2.0
05-16 15:36:21.624  2660  2800 I DeviceMonitor: WKLOCK EVT:161 uid:10056 flags:1 pid:-2 tag:*launch*
05-16 15:36:21.629  1498  2170 D GestureBackAnimation: GLGestureBackRender-setAnimProcess with 0.007866263
05-16 15:36:21.635  1498  2381 D HwArpVerifier: performPollAndLog:
05-16 15:36:21.636  1498  2381 D hw_netstat: total/114/244,com.roadside.assistance11/0/180,unknown:0/114/64
05-16 15:36:21.645  1498  2170 D GestureBackAnimation: GLGestureBackRender-setAnimProcess with 0.0019931197
05-16 15:36:21.662  1498  2170 D GestureBackAnimation: GLGestureBackRender-setAnimProcess with 0.0
05-16 15:36:21.662  1498  2170 D GestureBackAnimation: GLGestureBackRender-slow sliding disappear animation end.
05-16 15:36:21.662  1498  2170 D GestureBackAnimation: GLGestureBackRender-setDraw with false
05-16 15:36:21.672  1498  2170 I WindowManager: rotationForOrientationLw(orient=1, last=0); user=0 USER_ROTATION_LOCKED
05-16 15:36:21.672  1498  2170 D HwPhoneWindowManager: face_rotation: not enabled,use sensor real
05-16 15:36:21.672  1498  2170 D HwPhoneWindowManager: face_rotation:real sensor rotation = -1
05-16 15:36:21.672  1498  2170 D HwPhoneWindowManager: face_rotation: rotation = 0
05-16 15:36:21.672  1498  2170 I WindowManager: Selected orientation 1, got rotation 0 which has compatible metrics
05-16 15:36:21.690   833   905 E dubaid  : [CpuHandler.cpp] readFreqTime# Failed to open cpufreq node of cluster: 0
05-16 15:36:21.690   833   905 E dubaid  : [CpuHandler.cpp] accountingComponentData# Invalid delta time: Cluster0 total frequency time: 0
05-16 15:36:21.715 16920 16920 W cr_AwContents: WebView.destroy() called while WebView is still attached to window.
05-16 15:36:21.717  2660  5029 E AwareLog: GameSdkConfigReader: GameSdkLog: idNameMap: null
05-16 15:36:21.717  1498  1781 W ActivityManager: Stopping service due to app idle: u0a150 -1m16s542ms com.roadside.assistance11/cn.jpush.android.service.PushService
05-16 15:36:21.719  1498  2163 W AwareLog: SchedLevelBoost: onFgActivitiesChanged config not set!
05-16 15:36:21.723 16920 16920 D ActivityThread: Remove activity client record, r= ActivityRecord{1552b18 token=android.os.BinderProxy@6150da0 {com.android.htmlviewer/com.android.htmlviewer.HTMLViewerActivity}} token= android.os.BinderProxy@6150da0
05-16 15:36:21.723 16920 16920 I ReflectUtil: reflect mActionButtonPopup success in get object
05-16 15:36:21.724  1498  6258 V WindowManager: removeIfPossible: Window{5eee7be u0 com.android.htmlviewer/com.android.htmlviewer.HTMLViewerActivity EXITING} callers=com.android.server.wm.WindowState.removeIfPossible:2027 com.android.server.wm.WindowManagerService.removeWindow:2083 com.android.server.wm.Session.remove:224 android.view.IWindowSession$Stub.onTransact:242 com.android.server.wm.Session.onTransact:165 
05-16 15:36:21.724  1498  6258 V WindowManager: Not removing Window{5eee7be u0 com.android.htmlviewer/com.android.htmlviewer.HTMLViewerActivity EXITING} due to exit animation 
05-16 15:36:21.730  1498  2140 V WindowManager: Exit animation finished in Window{5eee7be u0 com.android.htmlviewer/com.android.htmlviewer.HTMLViewerActivity EXITING}: remove=true
05-16 15:36:21.730  1498  2140 E WindowManager: win=Window{5eee7be u0 com.android.htmlviewer/com.android.htmlviewer.HTMLViewerActivity EXITING} destroySurfaces: appStopped=false win.mWindowRemovalAllowed=true win.mRemoveOnExit=true
05-16 15:36:21.731  1498  2140 V WindowManager: postWindowRemoveCleanupLocked: Window{5eee7be u0 com.android.htmlviewer/com.android.htmlviewer.HTMLViewerActivity}
05-16 15:36:21.731  1498  2140 V WindowManager: Removing Window{5eee7be u0 com.android.htmlviewer/com.android.htmlviewer.HTMLViewerActivity} from AppWindowToken{f4b7174 token=Token{b34e547 ActivityRecord{91d4886 u0 com.android.htmlviewer/.HTMLViewerActivity t59}}}
05-16 15:36:21.733  2465  2465 E memtrack: Couldn't load memtrack module
05-16 15:36:21.733  2465  2465 W android.os.Debug: failed to get memory consumption info: -1
05-16 15:36:21.734  2465  2465 D ImageWallpaper: onVisibilityChanged: mVisible, visible=false, true
05-16 15:36:21.734  2465  2465 D ImageWallpaper: Visibility changed to visible=true
05-16 15:36:21.734  2465  2465 D ImageWallpaper: Suppressed drawFrame since redraw is not needed and offsets have not changed.sf=Rect(0, 0 - 1440, 1520)
05-16 15:36:21.734  2465  2465 D TintManager: statusBarIconTint=99000000,navigationBarIconTint=99ffffff
05-16 15:36:21.736  2465  2465 D StatusBarIconController: setIconVisibility icon is null or visibility not change visibility=false
05-16 15:36:21.736  2465  2465 D BarTransitions.HwNavigationBarView: MODE_OPAQUE -> MODE_TRANSLUCENT animate=false
05-16 15:36:21.737  2465  2465 D BarTransitions.HwNavigationBarView: applyModeBackground oldMode=MODE_OPAQUE newMode=MODE_TRANSLUCENT animate=false
05-16 15:36:21.747  2465  2465 D StatusBarIconController: setIconVisibility icon is null or visibility not change visibility=false
05-16 15:36:21.749  1498  6258 V WindowManager: removeAppToken: AppWindowToken{f4b7174 token=Token{b34e547 ActivityRecord{91d4886 u0 com.android.htmlviewer/.HTMLViewerActivity t59}}} delayed=false Callers=com.android.server.wm.DisplayContent.removeAppToken:1027 com.android.server.wm.AppWindowContainerController.removeContainer:317 com.android.server.am.ActivityRecord.removeWindowContainer:1075 com.android.server.am.ActivityStack.removeActivityFromHistoryLocked:4611 
05-16 15:36:21.750  2465  2465 D NetWorkUtils: mVSimCurCardType is -1
05-16 15:36:21.753  2465  2465 D StatusBarIconController: setIconVisibility icon is null or visibility not change visibility=false
05-16 15:36:21.753  2465  2465 D NetWorkUtils: mVSimCurCardType is -1
05-16 15:36:21.754  2465  2465 D StatusBarIconController: setIconVisibility icon is null or visibility not change visibility=false
05-16 15:36:21.754  2465  2465 D NetWorkUtils: mVSimCurCardType is -1
05-16 15:36:21.754  2465  2465 I Tile.WifiTile: setWifiIndicators  CallbackInfo = CallbackInfo[enabled=true,connected=true,wifiSignalIconId=2130838423,enabledDesc="H2",activityIn=true,activityOut=true,wifiSignalContentDescription=WLAN 信号强度满格。]
05-16 15:36:21.758  1498  2342 D ConnectivityService: releasing NetworkRequest [ LISTEN id=76, [ Capabilities: INTERNET&NOT_RESTRICTED&TRUSTED&FOREGROUND] ] (release request)
05-16 15:36:21.762   765   786 E libnav  : CablComputeBacklightLevel(): UpdateType = DifferentSceneUpdate
05-16 15:36:21.787  1498  2766 I ActivityManager: Process com.google.android.webview:sandboxed_process2 (pid 17826) has died: cch  CEM 
05-16 15:36:21.787 16920 16953 W cr_ChildProcessConn: onServiceDisconnected (crash or killed by oom): pid=17826
05-16 15:36:21.787  1498  1786 W zygote64: Failed to open process cgroup uid 99007 pid 17826: No such file or directory
05-16 15:36:21.787  1498  1786 E zygote64: Error encountered killing process cgroup uid 99007 pid 17826: No such file or directory
05-16 15:36:21.787  1498  2766 D ActivityManager: cleanUpApplicationRecord app: ProcessRecord{bf9e77d 17826:com.google.android.webview:sandboxed_process2/u0a51i7}, app.bad: false, restarting: false, allowRestart: true
05-16 15:36:21.788  1498  2766 W ActivityManager: Scheduling restart of crashed service com.android.htmlviewer/org.chromium.content.app.SandboxedProcessService2 in 1000ms
05-16 15:36:21.790  2660  5029 E AwareLog: GameDataHandler: GameSdkLog: handleProcessChanged: pid: 17826 is dead
05-16 15:36:21.790  1498  2163 W AwareLog: SchedLevelBoost: onProcessDied config not set!
05-16 15:36:21.791  2646  4513 E HsmCoreServiceImpl: onTransact in code is: 102
05-16 15:36:21.791  2660  5029 E AwareLog: GameSdkStatus: GameSdkLog: removeGameStatus, input null.
05-16 15:36:21.791  2646  4513 I MediaProcessHandler: processOp opType: 1, uid: 10051, pid: 17826
05-16 15:36:21.791  2646  4513 W MediaProcessHandler: remove target not exist, maybe the UI process: uid: 10051, pid: 17826
05-16 15:36:21.791  2646  4513 I MediaProcessHandler: executedCallBack opType: 1 mMediaStatusObservers.size=0
05-16 15:36:21.797  1498  1819 E KernelCpuSpeedReader: Failed to read cpu-freq: /sys/devices/system/cpu/cpu0/cpufreq/stats/time_in_state (No such file or directory)
05-16 15:36:21.797  1498  1819 E KernelCpuSpeedReader: Failed to read cpu-freq: /sys/devices/system/cpu/cpu4/cpufreq/stats/time_in_state (No such file or directory)
05-16 15:36:21.803  1498  1819 D KernelUidCpuTimeReader: Removing uids 99007-99007
05-16 15:36:21.873   570 17959 W libc    : Set property "hw.wifi.dns_stat" to "7324,5401,3835,1,175375"
05-16 15:36:21.937  1498  1498 I HwNormalizedSpline: DayMode:getBrightnessLevel lux =235.0, mDefaultBrightnessFromLux =57.338085
05-16 15:36:21.985  1498  1508 I zygote64: NativeAlloc concurrent copying GC freed 323239(13MB) AllocSpace objects, 39(876KB) LOS objects, 42% free, 25MB/44MB, paused 306us total 233.018ms
05-16 15:36:22.002  1498  1498 I TrafficMonitor: update:rxPkts:1,txPkts:2,rxBytes:34,txBytes:120
05-16 15:36:22.002  1498  1498 I TrafficMonitor: start expired. level:-1
05-16 15:36:22.003  1498  1498 I TrafficMonitor: gettimer:interval=2000
05-16 15:36:22.025   714   750 E ANDR-PERF-MPCTL: Invalid profile no. 0, total profiles 0 only
05-16 15:36:22.036  2704  2911 W OpenGLRenderer: Incorrectly called buildLayer on View: ShortcutAndWidgetContainer, destroying layer...
05-16 15:36:22.036  2704  2911 W OpenGLRenderer: Incorrectly called buildLayer on View: ShortcutAndWidgetContainer, destroying layer...
05-16 15:36:22.065  1498  2159 I LocationManagerService: getLastLocation: Request[POWER_LOW network requested=0 fastest=0 num=1]
05-16 15:36:22.065  1498  2159 I LocationManagerService: getLastLocation: Request[ACCURACY_FINE gps requested=0 fastest=0 num=1]
05-16 15:36:22.067  2600 24034 I HwLBSService.HwGeoCodeCache: find cached result
05-16 15:36:22.067  1498  2766 D HwGeocoderProxy: getFromLocation null
05-16 15:36:22.147  1498  2325 E WificondControl: Noise: 0, Snr: -1, Chload: -1
05-16 15:36:22.147  1498  2325 E HwWifiStatStore: updateLinkSpeed  linkSpeed =72 lastSpdLev=2 index=2
05-16 15:36:22.148  1498  2327 D HwWifiCHRStateManager: handleMessage : 1001
05-16 15:36:22.148  1498  2327 D HwWifiCHRStateManager: handleUpdateChannel:2457
05-16 15:36:22.149  2411  2411 D wpa_supplicant: sta hidl pwrPercentBoostModesetInternal
05-16 15:36:22.151  1498  2325 D WifiScoreReport: Score = 100, wifiConnectivityManagerEnabled = false, lowScoreCount = 0
05-16 15:36:22.288   682  1366 D Huawei_audio_cust: huawei_cust_get_parameters: returns 
05-16 15:36:22.289   682  1366 D audio_hw_spkr_prot: audio_extn_fbsp_get_parameters: Speaker protection disabled
05-16 15:36:22.289   682  1366 D audio_hw_extn: audio_extn_get_parameters: returns 
05-16 15:36:22.289   682  1366 I audio_hw_primary: adev_get_parameters: exit: returns - 
05-16 15:36:22.289   813  1191 I hash_map_utils: key: 'typec_need_show_hires' value: ''
05-16 15:36:22.290  1498  1498 I HwAudioService: check HiRes Icon false
05-16 15:36:22.291  1498  1498 W ActivityManager: Sending non-protected broadcast huawei.intent.action.hideHiResIcon from system 1498:system/1000 pkg android
05-16 15:36:22.291  1498  1498 W ActivityManager: Sending non-protected broadcast huawei.intent.action.hideHiResIcon from system 1498:system/1000 pkg android
05-16 15:36:22.292  2465  2465 D StatusBarIconController: setIconVisibility icon is null or visibility not change visibility=false
05-16 15:36:22.418  2465  2465 D StatusBarIconController: setIconVisibility icon is null or visibility not change visibility=false
05-16 15:36:22.420  2465  2465 D NetWorkUtils: mVSimCurCardType is -1
05-16 15:36:22.425  2465  2465 D StatusBarIconController: setIconVisibility icon is null or visibility not change visibility=false
05-16 15:36:22.425  2465  2465 D NetWorkUtils: mVSimCurCardType is -1
05-16 15:36:22.427  2465  2465 D StatusBarIconController: setIconVisibility icon is null or visibility not change visibility=false
05-16 15:36:22.427  2465  2465 D NetWorkUtils: mVSimCurCardType is -1
05-16 15:36:22.428  2465  2465 I Tile.WifiTile: setWifiIndicators  CallbackInfo = CallbackInfo[enabled=true,connected=true,wifiSignalIconId=2130838423,enabledDesc="H2",activityIn=false,activityOut=true,wifiSignalContentDescription=WLAN 信号强度满格。]
05-16 15:36:22.932   707   958 I qti_sensors_hal: [LightSensor]processReportInd: the skip  luxValue  ItemData[0]:bd0000,ItemData[1]:641c45, lux:189.000000,cct:6560837.000000
05-16 15:36:22.932   707  1041 I qti_sensors_hal: processInd: handle:56
05-16 15:36:22.932   707  1041 I qti_sensors_hal: [p-sensor]reportSingleEvent: proximity data = 0.000000, pdata=390.000000
05-16 15:36:23.075   714   750 E ANDR-PERF-MPCTL: Invalid profile no. 0, total profiles 0 only
05-16 15:36:23.107  1498  2326 D HwWifiStatStore: handleMessage : 200
05-16 15:36:23.124  2704  2704 V AudioManager: playSoundEffect   effectType: 0
05-16 15:36:23.133   707   958 I qti_sensors_hal: [LightSensor]processReportInd: the skip  luxValue  ItemData[0]:210000,ItemData[1]:641f0d, lux:33.000000,cct:6561549.000000
05-16 15:36:23.336   707   958 I qti_sensors_hal: [LightSensor]processReportInd: the skip  luxValue  ItemData[0]:9f0000,ItemData[1]:6419c4, lux:159.000000,cct:6560196.000000
05-16 15:36:23.535   707  1041 I qti_sensors_hal: processInd: handle:56
05-16 15:36:23.535   707  1041 I qti_sensors_hal: [p-sensor]reportSingleEvent: proximity data = 5.000305, pdata=51.000000
05-16 15:36:23.537   707   958 I qti_sensors_hal: [LightSensor]processReportInd: the skip  luxValue  ItemData[0]:f20000,ItemData[1]:6417ef, lux:242.000000,cct:6559727.000000
05-16 15:36:23.616   765   786 E libnav  : CablComputeBacklightLevel(): UpdateType = DifferentSceneUpdate
05-16 15:36:23.811   714   750 E ANDR-PERF-MPCTL: Invalid profile no. 0, total profiles 0 only
05-16 15:36:23.852  2704  2704 V AudioManager: playSoundEffect   effectType: 0
05-16 15:36:23.858  1498  2159 I ActivityManager: START u0 {act=android.intent.action.MAIN cat=[android.intent.category.LAUNCHER] flg=0x10200000 hwFlg=0x10 cmp=com.huawei.hidisk/.filemanager.FileManager bnds=[86,568][269,756]} from uid 10056
05-16 15:36:23.860   714   750 E ANDR-PERF-OPTSHANDLER: Perflock resource /proc/sys/kernel/sched_spill_nr_run not supported
05-16 15:36:23.860   714   750 E ANDR-PERF-RESOURCEQS: Failed to apply optimization [3, 11]
05-16 15:36:23.860   714   750 E ANDR-PERF-OPTSHANDLER: Perflock resource /proc/sys/kernel/sched_restrict_cluster_spill not supported
05-16 15:36:23.860   714   750 E ANDR-PERF-RESOURCEQS: Failed to apply optimization [3, 13]
05-16 15:36:23.860  2660  3205 I ash     : front pkg : com.huawei.hidisk launcher: false
05-16 15:36:23.860  2660  3205 I ash     : above launcher front pkgs: [com.huawei.hidisk]
05-16 15:36:23.860  1498  2159 I ActivityManager: ActivityRecord info: ActivityInfo{e7ef974 com.huawei.hidisk.filemanager.FileManager}
05-16 15:36:23.864  2660  2686 I PGServer: android calls fast hibernateApps
05-16 15:36:23.864  2660  2686 I AppFastHibernation: fast hibernate duration: 3000 reason: start activity
05-16 15:36:23.865   834  1040 I Pged-IPgedBinderService: ****action is 1, pid num is 3***
05-16 15:36:23.865   834  1040 I Pged-Freezer: freezePids
05-16 15:36:23.865   834  1040 I Pged-Freezer: Freeze process: 21425
05-16 15:36:23.866   834  1040 I Pged-Freezer: Freeze process: 17355
05-16 15:36:23.869  2660  3175 D PgedBinderAdapter: frz ok, pid: [21425, 17355]
05-16 15:36:23.878  1498  2159 D ActivityManager: allPausedActivitiesComplete: r=ActivityRecord{c735bb u0 com.huawei.android.launcher/.unihome.UniHomeLauncher t1} state=PAUSING
05-16 15:36:23.887  2704 17966 D MotionDetectionManager: stopMotionAppsReco motionApps: 403
05-16 15:36:23.887  2704 17966 D MotionDetectionManager: stopMotionAppsReco not recognition motionApps 403
05-16 15:36:23.887  2704 17966 W HwLauncher: Launcher.MotionManager stopMotionAppsReco service flg 403 is unavailable
05-16 15:36:23.888  1498  2159 V WindowManager: No longer Stopped: AppWindowToken{e5a74a5 token=Token{78229c ActivityRecord{e5e820f u0 com.huawei.hidisk/.filemanager.FileManager t54}}}
05-16 15:36:23.888  1498  2159 V WindowManager: findFocusedWindow: AppWindowToken{ba17916 token=Token{2399e31 ActivityRecord{c735bb u0 com.huawei.android.launcher/.unihome.UniHomeLauncher t1}}} below Reached focused app=AppWindowToken{e5a74a5 token=Token{78229c ActivityRecord{e5e820f u0 com.huawei.hidisk/.filemanager.FileManager t54}}}
05-16 15:36:23.893  2660  2800 D ScenarioService: front pkg : com.huawei.hidisk launcher: false
05-16 15:36:23.893  2660  2800 D ScenarioService: new above launcher front pkgs: [com.huawei.hidisk]
05-16 15:36:23.893  2660  2800 I AppManager: handleAppFrontEvent: com.huawei.hidisk
05-16 15:36:23.893  2660  2800 I AppsUsage: scnOff:false FgAPP:com.huawei.hidisk BgAPP:com.huawei.android.launcher
05-16 15:36:23.893  2660  3227 I BacklightControl: Ratio: 95 Auto: true
05-16 15:36:23.893  2660  2800 D PG_DBS_WIFI: mBgScanTimer == null, switch error!
05-16 15:36:23.894  1498 13930 I LightsService: setLcdRatio ratio:95 autoAdjust:true
05-16 15:36:23.894  2660  4928 E AwareLog: LCDSchedFeature: DisplayServices setData FAILED
05-16 15:36:23.895  2660  3803 I PGServer: report state:10010 event type:2 pid:0 uid:0 pkg:com.huawei.android.launcher to pid: 2660
05-16 15:36:23.895  2660  3803 I SceneReceiver: state type: 10010 eventType:2 pid:0 uid:0 pkg:com.huawei.android.launcher
05-16 15:36:23.895  2660  3803 I PGServer: report state:10010 event type:2 pid:0 uid:0 pkg:com.huawei.android.launcher to pid: 1498
05-16 15:36:23.895  1498  2374 D EmcomManagerService: forePackage name is com.huawei.hidisk
05-16 15:36:23.895  1498  2374 D HicomMonitor: notifyForegroundAppChanged: begin
05-16 15:36:23.895  1498  2374 D XEngineProcessor: onForegroundAppChanged, pkgName:com.huawei.hidisk
05-16 15:36:23.895  2660  3803 I PGServer: report state:10000 event type:1 pid:0 uid:0 pkg:com.huawei.hidisk to pid: 2660
05-16 15:36:23.895  1498  2374 I XEngineProcessor: Feature is not enable.
05-16 15:36:23.895  1498  2374 D HicomMonitor: onForegroundAppChanged is called
05-16 15:36:23.895  2660  3803 I SceneReceiver: state type: 10000 eventType:1 pid:0 uid:0 pkg:com.huawei.hidisk
05-16 15:36:23.895  2660  3803 I PGServer: report state:10000 event type:1 pid:0 uid:0 pkg:com.huawei.hidisk to pid: 1498
05-16 15:36:23.895  2660  4929 D HwThermalStateManager: current foreapp pkg : com.huawei.hidisk
05-16 15:36:23.895  2660  4929 D HwThermalStateManager: really app:com.huawei.hidisk
05-16 15:36:23.896  2660  2686 I PGServer: checkPkgType. calling pkg: android
05-16 15:36:23.897  2660  2686 I PGServer: checkPkgType. calling pkg: android
05-16 15:36:23.912  1498  2159 I WindowManager: rotationForOrientationLw(orient=-1, last=0); user=0 USER_ROTATION_LOCKED
05-16 15:36:23.912  1498  2159 D HwPhoneWindowManager: face_rotation: not enabled,use sensor real
05-16 15:36:23.912  1498  2159 D HwPhoneWindowManager: face_rotation:real sensor rotation = -1
05-16 15:36:23.912  1498  2159 D HwPhoneWindowManager: face_rotation: rotation = 0
05-16 15:36:23.912  1498  2159 I WindowManager: Selected orientation -1, got rotation 0 which has compatible metrics
05-16 15:36:23.914  1498  2159 V WindowManager: notifyAppResumed: wasStopped=true AppWindowToken{e5a74a5 token=Token{78229c ActivityRecord{e5e820f u0 com.huawei.hidisk/.filemanager.FileManager t54}}}
05-16 15:36:23.914  1498  2159 V WindowManager: No longer Stopped: AppWindowToken{e5a74a5 token=Token{78229c ActivityRecord{e5e820f u0 com.huawei.hidisk/.filemanager.FileManager t54}}}
05-16 15:36:23.920   714   750 E ANDR-PERF-OPTSHANDLER: Perflock resource /proc/sys/kernel/sched_spill_nr_run not supported
05-16 15:36:23.921 16689 16689 E FileManager-10.4.0.301 | FileManager: onRestart FileManager
05-16 15:36:23.921   714   750 E ANDR-PERF-RESOURCEQS: Failed to apply optimization [3, 11]
05-16 15:36:23.921   714   750 E ANDR-PERF-OPTSHANDLER: Perflock resource /proc/sys/kernel/sched_restrict_cluster_spill not supported
05-16 15:36:23.921   714   750 E ANDR-PERF-RESOURCEQS: Failed to apply optimization [3, 13]
05-16 15:36:23.926  1498  2159 V WindowManager: Checking 1 opening apps (frozen=false timeout=false)...
05-16 15:36:23.926  1498  2159 V WindowManager: Check opening app=AppWindowToken{e5a74a5 token=Token{78229c ActivityRecord{e5e820f u0 com.huawei.hidisk/.filemanager.FileManager t54}}}: allDrawn=false startingDisplayed=false startingMoved=false isRelaunching()=false
05-16 15:36:23.928 16689 16689 I FileManager-10.4.0.301 | RecentMainFragment: notifyMediaScanSpecialPath delayMillis:0
05-16 15:36:23.929 16689 16689 I FileManager-10.4.0.301 | RecentMainFragment: querySourceFromDB
05-16 15:36:23.929  1498  2163 W AwareLog: SchedLevelBoost: onFgActivitiesChanged config not set!
05-16 15:36:23.930  1498  1782 D HiDATA_ContentAware: mForegroundAppPackageName: com.huawei.hidisk ,score: 0
05-16 15:36:23.930  1498  1782 D HiDATA  : onForegroundAppWifiSleepChange: config:false, sleeptime:-1,type: 15, appname:com.huawei.hidisk
05-16 15:36:23.930  2660  5029 E AwareLog: GameSdkConfigReader: GameSdkLog: idNameMap: null
05-16 15:36:23.930  1498  1782 D MSSArbitrager: setGameForeground:false
05-16 15:36:23.930  1498  1782 D HiDATA  : APP type: 15 appName= com.huawei.hidisk
05-16 15:36:23.931  1498  1782 D HiDATA  : no game, APP_TYPE_GAME, appName =com.huawei.hidisk
05-16 15:36:23.931  1498  1782 D HiDATA_ContentAware: packageName = com.huawei.hidisk, uid = 1001
05-16 15:36:23.934  1498 13930 I HwAudioService: now type = 255,reportForegroundAppType = 15,systemload = 255
05-16 15:36:23.934  1498 13930 W libc    : Set property "sys.iaware.type" to "15"
05-16 15:36:23.935  1498  2159 I HwNetworkPolicy: onTransact, code = 203
05-16 15:36:23.935  2955  3142 I HwNetworkPolicyManager: getHwUidPolicy uid = 1001 policy = 0
05-16 15:36:23.938   707  1041 I qti_sensors_hal: processInd: handle:56
05-16 15:36:23.938   707  1041 I qti_sensors_hal: [p-sensor]reportSingleEvent: proximity data = 0.000000, pdata=432.000000
05-16 15:36:23.940 16689 17969 I FileManager-10.4.0.301 | ScanSourceFromDBTask: doTask start
05-16 15:36:23.941 16689 17969 I FileManager-10.4.0.301 | SourceBeanPresenter: getSourceBeanList
05-16 15:36:23.942 16689 16689 I FileManager-10.4.0.301 | HiDiskCommonUtil: hwid login
05-16 15:36:23.943 16689 17969 I FileManager-10.4.0.301 | ScanSourceFromDBTask: doTask end, sourceList.size = 4
05-16 15:36:23.943 16689 16689 I FileManager-10.4.0.301 | HiDiskCommonUtil: hwid login
05-16 15:36:23.945 16689 16689 I FileManager-10.4.0.301 | HiDiskCommonUtil: hwid login
05-16 15:36:23.945 16689 16689 I FileManager-10.4.0.301 | HiDiskCommonUtil: disable ShareActivity with class
05-16 15:36:23.948 16689 16689 I FileManager-10.4.0.301 | HiDiskCommonUtil: hwid login
05-16 15:36:23.949  1498  2766 I HwPCUtils#HwPCMultiWindowManager: requestedOrientation: -1
05-16 15:36:23.951  1498  2766 I HwPCUtils#HwPCMultiWindowManager: requestedOrientation: -1
05-16 15:36:23.954 16689 16689 I FileManager-10.4.0.301 | HiDiskCommonUtil: hwid login
05-16 15:36:23.956  1498  2766 D HwGameAssistantController: pid=16689, uid=1001, component=ComponentInfo{com.huawei.hidisk/com.huawei.hidisk.filemanager.FileManager}
05-16 15:36:23.956  1498  1931 D HwGameAssistantController: UPDATE: mCurFgPkg=com.huawei.hidisk, mCurFgPid=16689, mCurIsGame=false
05-16 15:36:23.957  1498  1772 W HwActivityManagerServiceEx: HwActivityNotifier end call android.app.IHwActivityNotifier$Stub$Proxy@33d0546 for activityLifeState under user 0 cost 1
05-16 15:36:23.972 16689 16689 I FileManager-10.4.0.301 | XListView: stopRefresh mPullRefreshing false
05-16 15:36:23.974 16689 16689 I FileManager-10.4.0.301 | HiDiskCommonUtil: hwid login
05-16 15:36:23.977 16689 16689 I FileManager-10.4.0.301 | HiDiskCommonUtil: getTestDemo --> null
05-16 15:36:23.979 16689 16689 I HwActionMenuItemView: HwActionMenuItemView
05-16 15:36:23.981 16689 16689 I ReflectUtil: reflect mIcon success in set object
05-16 15:36:23.982 16689 16689 I HwActionMenuItemView: HwActionMenuItemView
05-16 15:36:23.982 16689 16689 I ReflectUtil: reflect mIcon success in set object
05-16 15:36:23.983   728   728 W surfaceflinger: type=1400 audit(0.0:26437): avc: denied { read } for name="cust" dev="mmcblk0p53" ino=60288 scontext=u:r:surfaceflinger:s0 tcontext=u:object_r:cust_data_file:s0 tclass=lnk_file permissive=0
05-16 15:36:23.986   532   532 E SELinux : avc:  denied  { find } for interface=vendor.huawei.hardware.hwsched::ISched sid=u:r:surfaceflinger:s0 pid=728 scontext=u:r:surfaceflinger:s0 tcontext=u:object_r:default_android_hwservice:s0 tclass=hwservice_manager permissive=0
05-16 15:36:23.987   728   728 E BufferQueueProducer: [] [hwsched]Can not get hwsched service
05-16 15:36:23.987   728   728 E BufferQueueProducer: [] [hwsched] Sched_config_cust.xml is not exit or file is invalid!
05-16 15:36:23.987   728   728 E BufferQueueProducer: [] [hwsched] LoadFile error, path:(null), error code:3
05-16 15:36:23.989  1498  2766 V HwPhoneWindowManager: updateSystemUiColorLw window=Window{7766de2 u0 com.huawei.hidisk/com.huawei.hidisk.filemanager.FileManager},EmuiStyle=1,StatusBarColor=0xf2f2f2f2,NavigationBarColor=0xffffffff, mLastIsEmuiLightStyle=1, mForceNotchStatusBar=false
05-16 15:36:23.989  1498  1782 D HwPhoneWindowManager: Transact:setSystemUIColor to status bar service
05-16 15:36:23.989  2465 17653 I CommandQueue: updateBarBgColor
05-16 15:36:23.989  2465 17653 D CommandQueue: CommandQueue, setBarBackgroundColor
05-16 15:36:23.990  2465  2465 D TintManager: statusBarIconTint=99000000,navigationBarIconTint=99000000
05-16 15:36:23.991  2465  2465 D StatusBarIconController: setIconVisibility icon is null or visibility not change visibility=false
05-16 15:36:23.994  1498  2766 V WindowManager: Checking 1 opening apps (frozen=false timeout=false)...
05-16 15:36:23.994  1498  2766 V WindowManager: Check opening app=AppWindowToken{e5a74a5 token=Token{78229c ActivityRecord{e5e820f u0 com.huawei.hidisk/.filemanager.FileManager t54}}}: allDrawn=false startingDisplayed=false startingMoved=false isRelaunching()=false
05-16 15:36:23.996   728  2229 E BufferQueueProducer: [] mConsumerName == NULL!!!!!!
05-16 15:36:24.004  1498  1498 I TrafficMonitor: update:rxPkts:0,txPkts:2,rxBytes:0,txBytes:120
05-16 15:36:24.004  1498  1498 I TrafficMonitor: start expired. level:-1
05-16 15:36:24.004  1498  1498 I TrafficMonitor: gettimer:interval=2000
05-16 15:36:24.006   728   728 W surfaceflinger: type=1400 audit(0.0:26438): avc: denied { read } for name="cust" dev="mmcblk0p53" ino=60288 scontext=u:r:surfaceflinger:s0 tcontext=u:object_r:cust_data_file:s0 tclass=lnk_file permissive=0
05-16 15:36:24.008  1498  2170 V WindowManager: Checking 1 opening apps (frozen=false timeout=false)...
05-16 15:36:24.008  1498  2170 V WindowManager: Check opening app=AppWindowToken{e5a74a5 token=Token{78229c ActivityRecord{e5e820f u0 com.huawei.hidisk/.filemanager.FileManager t54}}}: allDrawn=false startingDisplayed=false startingMoved=false isRelaunching()=false
05-16 15:36:24.009   728   728 W surfaceflinger: type=1400 audit(0.0:26439): avc: denied { read } for name="cust" dev="mmcblk0p53" ino=60288 scontext=u:r:surfaceflinger:s0 tcontext=u:object_r:cust_data_file:s0 tclass=lnk_file permissive=0
05-16 15:36:24.011 16689 16689 I FileManager-10.4.0.301 | RecentMainFragment:  onLoadMore 
05-16 15:36:24.011   532   532 E SELinux : avc:  denied  { find } for interface=vendor.huawei.hardware.hwsched::ISched sid=u:r:surfaceflinger:s0 pid=728 scontext=u:r:surfaceflinger:s0 tcontext=u:object_r:default_android_hwservice:s0 tclass=hwservice_manager permissive=0
05-16 15:36:24.011   728   728 E BufferQueueProducer: [] [hwsched]Can not get hwsched service
05-16 15:36:24.011   728   728 E BufferQueueProducer: [] [hwsched] Sched_config_cust.xml is not exit or file is invalid!
05-16 15:36:24.011   728   728 E BufferQueueProducer: [] [hwsched] LoadFile error, path:(null), error code:3
05-16 15:36:24.012 16689 16689 I FileManager-10.4.0.301 | RecentMainFragment: onLoadMore isQueryEnd return
05-16 15:36:24.013   532   532 E SELinux : avc:  denied  { find } for interface=vendor.huawei.hardware.hwsched::ISched sid=u:r:surfaceflinger:s0 pid=728 scontext=u:r:surfaceflinger:s0 tcontext=u:object_r:default_android_hwservice:s0 tclass=hwservice_manager permissive=0
05-16 15:36:24.013   728   728 E BufferQueueProducer: [] [hwsched]Can not get hwsched service
05-16 15:36:24.013   728   728 E BufferQueueProducer: [] [hwsched] Sched_config_cust.xml is not exit or file is invalid!
05-16 15:36:24.013   728   728 E BufferQueueProducer: [] [hwsched] LoadFile error, path:(null), error code:3
05-16 15:36:24.014 16689 16689 I FileManager-10.4.0.301 | RecentMainFragment: Source ScanHandler --> 12
05-16 15:36:24.014 16689 17970 I FileManager-10.4.0.301 | RecentMainFragment: mediaScanPath :[/tencent/MicroMsg/Download, /Tencent/QQfile_recv]
05-16 15:36:24.015 16689 16689 I FileManager-10.4.0.301 | RecentMainFragment: from DB list size :4
05-16 15:36:24.015  1498  2170 D WindowManager: finishDrawingWindow: Window{857b6ce u0 GestureNavLeft} mDrawState=HAS_DRAWN
05-16 15:36:24.017 16689 16689 I FileManager-10.4.0.301 | RecentMainFragment: fragment.sourceBeenList.size4
05-16 15:36:24.018 16689 17970 I FileManager-10.4.0.301 | MediaScanUtils: SupportScanFolder action = huawei.intent.action.MEDIA_SCANNER_SCAN_FOLDER
05-16 15:36:24.018 16689 16689 I FileManager-10.4.0.301 | RecentMainFragment: queryRecentConfig
05-16 15:36:24.019   728   728 W surfaceflinger: type=1400 audit(0.0:26440): avc: denied { read } for name="cust" dev="mmcblk0p53" ino=60288 scontext=u:r:surfaceflinger:s0 tcontext=u:object_r:cust_data_file:s0 tclass=lnk_file permissive=0
05-16 15:36:24.020 16689 17970 I FileManager-10.4.0.301 | MediaScanUtils: SupportScanFolder action = huawei.intent.action.MEDIA_SCANNER_SCAN_FOLDER
05-16 15:36:24.021  1498  2766 W ActivityManager: Sending non-protected broadcast huawei.intent.action.MEDIA_SCANNER_SCAN_FOLDER from system 16689:com.huawei.hidisk/1001 pkg com.huawei.hidisk
05-16 15:36:24.022  1498  2170 V WindowManager: Checking 1 opening apps (frozen=false timeout=false)...
05-16 15:36:24.022  1498  2170 V WindowManager: Check opening app=AppWindowToken{e5a74a5 token=Token{78229c ActivityRecord{e5e820f u0 com.huawei.hidisk/.filemanager.FileManager t54}}}: allDrawn=false startingDisplayed=false startingMoved=false isRelaunching()=false
05-16 15:36:24.023   728   728 W surfaceflinger: type=1400 audit(0.0:26441): avc: denied { read } for name="cust" dev="mmcblk0p53" ino=60288 scontext=u:r:surfaceflinger:s0 tcontext=u:object_r:cust_data_file:s0 tclass=lnk_file permissive=0
05-16 15:36:24.025  5602  5602 D MediaScannerReceiver: action: huawei.intent.action.MEDIA_SCANNER_SCAN_FOLDER
05-16 15:36:24.025   532   532 E SELinux : avc:  denied  { find } for interface=vendor.huawei.hardware.hwsched::ISched sid=u:r:surfaceflinger:s0 pid=728 scontext=u:r:surfaceflinger:s0 tcontext=u:object_r:default_android_hwservice:s0 tclass=hwservice_manager permissive=0
05-16 15:36:24.025   728   728 E BufferQueueProducer: [] [hwsched]Can not get hwsched service
05-16 15:36:24.026  2465 17653 D HwRecentsLockUtils: Search
05-16 15:36:24.026   728   728 E BufferQueueProducer: [] [hwsched] Sched_config_cust.xml is not exit or file is invalid!
05-16 15:36:24.026   728   728 E BufferQueueProducer: [] [hwsched] LoadFile error, path:(null), error code:3
05-16 15:36:24.026  2646  4513 E HsmCoreServiceImpl: onTransact in code is: 103
05-16 15:36:24.026  2646  4513 I MediaProcessHandler: playingUids: 
05-16 15:36:24.027  5602  5602 D MediaScannerReceiver: scanFolder 
05-16 15:36:24.027   532   532 E SELinux : avc:  denied  { find } for interface=vendor.huawei.hardware.hwsched::ISched sid=u:r:surfaceflinger:s0 pid=728 scontext=u:r:surfaceflinger:s0 tcontext=u:object_r:default_android_hwservice:s0 tclass=hwservice_manager permissive=0
05-16 15:36:24.028   728   728 E BufferQueueProducer: [] [hwsched]Can not get hwsched service
05-16 15:36:24.028   728   728 E BufferQueueProducer: [] [hwsched] Sched_config_cust.xml is not exit or file is invalid!
05-16 15:36:24.028   728   728 E BufferQueueProducer: [] [hwsched] LoadFile error, path:(null), error code:3
05-16 15:36:24.029 16689 16689 I FileManager-10.4.0.301 | RecentMainFragment:  showSourceAndRecentLoad 3
05-16 15:36:24.029 16689 17971 I FileManager-10.4.0.301 | RecentConfigDownloadTask: doTask
05-16 15:36:24.029  1498  2140 V WindowManager: Checking 1 opening apps (frozen=false timeout=false)...
05-16 15:36:24.029  1498  2140 V WindowManager: Check opening app=AppWindowToken{e5a74a5 token=Token{78229c ActivityRecord{e5e820f u0 com.huawei.hidisk/.filemanager.FileManager t54}}}: allDrawn=false startingDisplayed=false startingMoved=false isRelaunching()=false
05-16 15:36:24.030 16689 17971 E [10.4.0.301]HiCloud.ParseUtil: parseLong error java.lang.NumberFormatException: For input string: ""
05-16 15:36:24.030 16689 17971 I FileManager-10.4.0.301 | RecentConfigDownloadTask: etag  is not empty
05-16 15:36:24.031  1498  2170 D WindowManager: finishDrawingWindow: Window{789160b u0 GestureNavRight} mDrawState=HAS_DRAWN
05-16 15:36:24.036 16689 17971 I FileManager-10.4.0.301 | HiDiskCommonUtil: hwid login
05-16 15:36:24.036 16689 16689 I FileManager-10.4.0.301 | RecentMainFragment:  onLoadMore 
05-16 15:36:24.037 16689 17971 I FileManager-10.4.0.301 | RecentConfigDownloadTask: sendRequest
05-16 15:36:24.037 16689 16689 I FileManager-10.4.0.301 | RecentMainFragment: onLoadMore isQueryEnd return
05-16 15:36:24.037 16689 17971 I FileManager-10.4.0.301 | RecentConfigDownloadTask: initURLConnection
05-16 15:36:24.040  1498  2666 I DeviceIdentifiers: udid has been read success, return!
05-16 15:36:24.044  1498  2666 I DeviceIdentifiers: udid has been read success, return!
05-16 15:36:24.045  1498  2159 V BroadcastQueue: Finished with ordered broadcast BroadcastRecord{415a2cd u0 huawei.intent.action.MEDIA_SCANNER_SCAN_FOLDER}
05-16 15:36:24.048  1498  2170 D WindowManager: finishDrawingWindow: Window{857b6ce u0 GestureNavLeft} mDrawState=HAS_DRAWN
05-16 15:36:24.053  1498  2170 D WindowManager: finishDrawingWindow: Window{789160b u0 GestureNavRight} mDrawState=HAS_DRAWN
05-16 15:36:24.075  1498  2159 D WindowManager: finishDrawingWindow: Window{7766de2 u0 com.huawei.hidisk/com.huawei.hidisk.filemanager.FileManager} mDrawState=DRAW_PENDING
05-16 15:36:24.075 16689 16689 I ViewRootImpl: jank_removeInvalidNode all the node in jank list is out of time
05-16 15:36:24.077 16689 16689 W InputMethodManager: startInputReason = 1
05-16 15:36:24.079  1498  2140 V WindowManager: Checking 1 opening apps (frozen=false timeout=false)...
05-16 15:36:24.079  1498  2140 V WindowManager: Check opening app=AppWindowToken{e5a74a5 token=Token{78229c ActivityRecord{e5e820f u0 com.huawei.hidisk/.filemanager.FileManager t54}}}: allDrawn=true startingDisplayed=false startingMoved=false isRelaunching()=false
05-16 15:36:24.079  1498  2140 I WindowManager: closing apps count = 1
05-16 15:36:24.094  2465  2465 D BarTransitions.HwNavigationBarView: MODE_TRANSLUCENT -> MODE_OPAQUE animate=false
05-16 15:36:24.095  2465  2465 D BarTransitions.HwNavigationBarView: applyModeBackground oldMode=MODE_TRANSLUCENT newMode=MODE_OPAQUE animate=false
05-16 15:36:24.097 16689 17971 I FileManager-10.4.0.301 | RecentConfigDownloadTask: responseCode = 304
05-16 15:36:24.098 16689 17971 I FileManager-10.4.0.301 | RecentConfigDownloadTask: inputStream null
05-16 15:36:24.098  6765  6765 I wangchen: SysInfo.getSysParam: orientation=1||config d=2.0,w=720,h=1520||metrics d=2.0,w=720,h=1520||sdk=27,bar_h=56
05-16 15:36:24.098  6765  6765 I KeymapLoader: w=720 h=1520 ori=true appScale=2.25 s1=2.0
05-16 15:36:24.098 16689 17971 E FileManager-10.4.0.301 | RecentConfigDownloadTask: CException{code='1009', message='inputStream null'}
05-16 15:36:24.099 16689 17971 E FileManager-10.4.0.301 | RecentConfigDownloadTask: query cloud notify config failed
05-16 15:36:24.100 16689 16689 I FileManager-10.4.0.301 | RecentMainFragment: SYNC_RECENT_CONFIG_END
05-16 15:36:24.107 16689 16689 I FileManager-10.4.0.301 | RecentMainFragment:  onLoadMore 
05-16 15:36:24.107 16689 16689 I FileManager-10.4.0.301 | RecentMainFragment: onLoadMore isQueryEnd return
05-16 15:36:24.139   707  1041 I qti_sensors_hal: processInd: handle:56
05-16 15:36:24.139   707  1041 I qti_sensors_hal: [p-sensor]reportSingleEvent: proximity data = 5.000305, pdata=74.000000
05-16 15:36:24.140   707   958 I qti_sensors_hal: [LightSensor]processReportInd: the skip  luxValue  ItemData[0]:b80000,ItemData[1]:6416eb, lux:184.000000,cct:6559467.000000
05-16 15:36:24.142   833   905 E dubaid  : [CpuHandler.cpp] readFreqTime# Failed to open cpufreq node of cluster: 0
