05-16 15:36:18.912  2704 17947 W HwLauncher: Launcher.MotionManager stopMotionAppsReco service flg 403 is unavailable
05-16 15:36:18.912  1498  2766 V WindowManager: No longer Stopped: AppWindowToken{ed9593c token=Token{17def2f ActivityRecord{8ae290e u0 com.android.systemui/.recents.RecentsActivity t5}}}
05-16 15:36:18.913  1498  2766 V WindowManager: findFocusedWindow: AppWindowToken{ba17916 token=Token{2399e31 ActivityRecord{c735bb u0 com.huawei.android.launcher/.unihome.UniHomeLauncher t1}}} below Reached focused app=AppWindowToken{ed9593c token=Token{17def2f ActivityRecord{8ae290e u0 com.android.systemui/.recents.RecentsActivity t5}}}
05-16 15:36:18.913  2660  2800 I DeviceMonitor: WKLOCK EVT:160 uid:10022 flags:1 pid:-2 tag:*launch*
05-16 15:36:18.917  2660  2800 D ScenarioService: front pkg : com.android.systemui launcher: false
05-16 15:36:18.917  2660  2800 D ScenarioService: new above launcher front pkgs: [com.android.systemui]
05-16 15:36:18.917  2660  2800 I AppManager: handleAppFrontEvent: com.android.systemui
05-16 15:36:18.917  2660  2800 I AppsUsage: scnOff:false FgAPP:com.android.systemui BgAPP:com.huawei.android.launcher
05-16 15:36:18.918  2660  2800 D PG_DBS_WIFI: mBgScanTimer == null, switch error!
05-16 15:36:18.919  2660  3803 I PGServer: report state:10010 event type:2 pid:0 uid:0 pkg:com.huawei.android.launcher to pid: 2660
05-16 15:36:18.919  2660  3803 I SceneReceiver: state type: 10010 eventType:2 pid:0 uid:0 pkg:com.huawei.android.launcher
05-16 15:36:18.919  2660  3803 I PGServer: report state:10010 event type:2 pid:0 uid:0 pkg:com.huawei.android.launcher to pid: 1498
05-16 15:36:18.919  1498  2374 D EmcomManagerService: forePackage name is com.android.systemui
05-16 15:36:18.919  1498  2374 D HicomMonitor: notifyForegroundAppChanged: begin
05-16 15:36:18.919  1498  2374 D XEngineProcessor: onForegroundAppChanged, pkgName:com.android.systemui
05-16 15:36:18.919  1498  2374 I XEngineProcessor: Feature is not enable.
05-16 15:36:18.919  1498  2374 D HicomMonitor: onForegroundAppChanged is called
05-16 15:36:18.919  2660  3803 I PGServer: report state:10000 event type:1 pid:0 uid:0 pkg:com.android.systemui to pid: 2660
05-16 15:36:18.919  2660  3803 I SceneReceiver: state type: 10000 eventType:1 pid:0 uid:0 pkg:com.android.systemui
05-16 15:36:18.919  2660  3803 I PGServer: report state:10000 event type:1 pid:0 uid:0 pkg:com.android.systemui to pid: 1498
05-16 15:36:18.919  2660  4929 D HwThermalStateManager: current foreapp pkg : com.android.systemui
05-16 15:36:18.920  2660  4929 D HwThermalStateManager: really app:com.android.systemui
05-16 15:36:18.920  2660  8731 I PGServer: checkPkgType. calling pkg: android
05-16 15:36:18.922  1498  2170 E Input   : getAxisValue(): y-999.3--1484.0--484.7
05-16 15:36:18.922  2660  8731 I PGServer: checkPkgType. calling pkg: android
05-16 15:36:18.922  1498  2170 E Input   : getAxisValue(): y-999.3--1484.0--484.7
05-16 15:36:18.929  1498  2766 V WindowManager: notifyAppResumed: wasStopped=true AppWindowToken{ed9593c token=Token{17def2f ActivityRecord{8ae290e u0 com.android.systemui/.recents.RecentsActivity t5}}}
05-16 15:36:18.930  1498  2766 V WindowManager: No longer Stopped: AppWindowToken{ed9593c token=Token{17def2f ActivityRecord{8ae290e u0 com.android.systemui/.recents.RecentsActivity t5}}}
05-16 15:36:18.935  1498  2766 V WindowManager: Checking 1 opening apps (frozen=false timeout=false)...
05-16 15:36:18.936  1498  2766 V WindowManager: Check opening app=AppWindowToken{ed9593c token=Token{17def2f ActivityRecord{8ae290e u0 com.android.systemui/.recents.RecentsActivity t5}}}: allDrawn=false startingDisplayed=false startingMoved=false isRelaunching()=false
05-16 15:36:18.937  2465  2465 I RecentsImpl: startActivityAsUser 53
05-16 15:36:18.938  1498  2170 E Input   : getAxisValue(): y-999.3--1484.0--484.7
05-16 15:36:18.938  1498  2170 E Input   : getAxisValue(): y-999.3--1484.0--484.7
05-16 15:36:18.941  1498  8644 V WindowManager: Checking 1 opening apps (frozen=false timeout=false)...
05-16 15:36:18.941  1498  8644 V WindowManager: Check opening app=AppWindowToken{ed9593c token=Token{17def2f ActivityRecord{8ae290e u0 com.android.systemui/.recents.RecentsActivity t5}}}: allDrawn=false startingDisplayed=false startingMoved=false isRelaunching()=false
05-16 15:36:18.942  2465  2465 I SystemUiUtil:  isSimpleModeOn simpleModeValue = 1
05-16 15:36:18.942  2465  2465 I SystemUiUtil:  isNewSimpleModeOn newSimpleModeValue = 0
05-16 15:36:18.945  2465  2465 I SystemUiUtil:  isSimpleModeOn simpleModeValue = 1
05-16 15:36:18.945  2465  2465 I SystemUiUtil:  isNewSimpleModeOn newSimpleModeValue = 0
05-16 15:36:18.949   714   750 E ANDR-PERF-OPTSHANDLER: Perflock resource /proc/sys/kernel/sched_spill_nr_run not supported
05-16 15:36:18.949   714   750 E ANDR-PERF-RESOURCEQS: Failed to apply optimization [3, 11]
05-16 15:36:18.949   714   750 E ANDR-PERF-OPTSHANDLER: Perflock resource /proc/sys/kernel/sched_restrict_cluster_spill not supported
05-16 15:36:18.949   714   750 E ANDR-PERF-RESOURCEQS: Failed to apply optimization [3, 13]
05-16 15:36:18.955  1498  2170 E Input   : getAxisValue(): y-999.3--1484.0--484.7
05-16 15:36:18.955  1498  2170 E Input   : getAxisValue(): y-999.3--1484.0--484.7
05-16 15:36:18.960  1498  2766 D HwGameAssistantController: pid=2465, uid=10022, component=ComponentInfo{com.android.systemui/com.android.systemui.recents.RecentsActivity}
05-16 15:36:18.960 16774 16774 E HwThemeManager: BroadcastHomeKeyReceiver error:==========onReceiveMsg action : android.intent.action.CLOSE_SYSTEM_DIALOGS
05-16 15:36:18.960  1498  1931 D HwGameAssistantController: UPDATE: mCurFgPkg=com.android.systemui, mCurFgPid=2465, mCurIsGame=false
05-16 15:36:18.960 16774 16774 E HwThemeManager: BroadcastHomeKeyReceiver error:==========onReceiveMsg reason : recentapps
05-16 15:36:18.960 16774 16774 I HwThemeManager: BroadcastHomeKeyReceiver info:===========long press home key or activity switch==============
05-16 15:36:18.960  1498  1772 W HwActivityManagerServiceEx: HwActivityNotifier end call android.app.IHwActivityNotifier$Stub$Proxy@33d0546 for activityLifeState under user 0 cost 0
05-16 15:36:18.960  1498  2551 D LocationManagerService: request from uid 10030 is now background)
05-16 15:36:18.960  1498  2551 I LocationManagerService: applyRequirementsLocked to passive
05-16 15:36:18.961  1498  2551 D WorkSource: Insert in WorkSource{} @ 0 uid 1000 name android
05-16 15:36:18.961  1498  2551 D WorkSource: Insert in WorkSource{1000 android} @ 1 uid 1000 name com.huawei.lbs
05-16 15:36:18.961  1498  2551 D WorkSource: Insert in WorkSource{1000 android, 1000 com.huawei.lbs} @ 2 uid 1000 name com.qualcomm.location
05-16 15:36:18.961  1498  2551 I LocationManagerService: provider request: passive ProviderRequest[ON interval=0] mCHRFirstReqFlag:false
05-16 15:36:18.962  2465  2465 I SystemUiUtil:  isSimpleModeOn simpleModeValue = 1
05-16 15:36:18.962  2465  2465 I SystemUiUtil:  isNewSimpleModeOn newSimpleModeValue = 0
05-16 15:36:18.963   728   728 W surfaceflinger: type=1400 audit(0.0:26424): avc: denied { read } for name="cust" dev="mmcblk0p53" ino=60288 scontext=u:r:surfaceflinger:s0 tcontext=u:object_r:cust_data_file:s0 tclass=lnk_file permissive=0
05-16 15:36:18.966  1498  2766 I WindowManager: relayoutVisibleWindow: set isFormatChanged
05-16 15:36:18.968   532   532 E SELinux : avc:  denied  { find } for interface=vendor.huawei.hardware.hwsched::ISched sid=u:r:surfaceflinger:s0 pid=728 scontext=u:r:surfaceflinger:s0 tcontext=u:object_r:default_android_hwservice:s0 tclass=hwservice_manager permissive=0
05-16 15:36:18.968   728   728 E BufferQueueProducer: [] [hwsched]Can not get hwsched service
05-16 15:36:18.968   728   728 E BufferQueueProducer: [] [hwsched] Sched_config_cust.xml is not exit or file is invalid!
05-16 15:36:18.968   728   728 E BufferQueueProducer: [] [hwsched] LoadFile error, path:(null), error code:3
05-16 15:36:18.970  1498  2766 V HwPhoneWindowManager: updateSystemUiColorLw window=Window{dfd5cc3 u0 com.android.systemui/com.android.systemui.recents.RecentsActivity},EmuiStyle=0,StatusBarColor=0x0,NavigationBarColor=0x0, mLastIsEmuiLightStyle=-1, mForceNotchStatusBar=false
05-16 15:36:18.970  1498  1782 D HwPhoneWindowManager: Transact:setSystemUIColor to status bar service
05-16 15:36:18.971  2465 17576 I CommandQueue: updateBarBgColor
05-16 15:36:18.971  2465 17576 D CommandQueue: CommandQueue, setBarBackgroundColor
05-16 15:36:18.972  1498  2170 E Input   : getAxisValue(): y-999.3--1484.0--484.7
05-16 15:36:18.972  1498  2170 E Input   : getAxisValue(): y-999.3--1484.0--484.7
05-16 15:36:18.977  1498  2766 V WindowManager: Checking 1 opening apps (frozen=false timeout=false)...
05-16 15:36:18.977  1498  2766 V WindowManager: Check opening app=AppWindowToken{ed9593c token=Token{17def2f ActivityRecord{8ae290e u0 com.android.systemui/.recents.RecentsActivity t5}}}: allDrawn=false startingDisplayed=false startingMoved=false isRelaunching()=false
05-16 15:36:18.979   728  2164 E BufferQueueProducer: [] mConsumerName == NULL!!!!!!
05-16 15:36:18.980  2465  2465 I FixedSizeFrameLayout: onLayout: measureWidth= 656 ,measureHeight=1144,left=32 ,top88 ,right=688 ,bottom=1232
05-16 15:36:18.980  2465  2465 I chatty  : uid=10022(com.huawei.HwMultiScreenShot) com.android.systemui identical 2 lines
05-16 15:36:18.981  2465  2465 I FixedSizeFrameLayout: onLayout: measureWidth= 656 ,measureHeight=1144,left=32 ,top88 ,right=688 ,bottom=1232
05-16 15:36:18.982  2465  2465 W HwKeyguardDragHelper: AnimationBlocked
05-16 15:36:18.983   728   728 W surfaceflinger: type=1400 audit(0.0:26425): avc: denied { read } for name="cust" dev="mmcblk0p53" ino=60288 scontext=u:r:surfaceflinger:s0 tcontext=u:object_r:cust_data_file:s0 tclass=lnk_file permissive=0
05-16 15:36:18.984  2465  2465 D TintManager: statusBarIconTint=99ffffff,navigationBarIconTint=99ffffff
05-16 15:36:18.984  2465  2465 W InputMethodManager: startInputReason = 1
05-16 15:36:18.985  1498  2170 V WindowManager: Checking 1 opening apps (frozen=false timeout=false)...
05-16 15:36:18.985  1498  2170 V WindowManager: Check opening app=AppWindowToken{ed9593c token=Token{17def2f ActivityRecord{8ae290e u0 com.android.systemui/.recents.RecentsActivity t5}}}: allDrawn=false startingDisplayed=false startingMoved=false isRelaunching()=false
05-16 15:36:18.988   532   532 E SELinux : avc:  denied  { find } for interface=vendor.huawei.hardware.hwsched::ISched sid=u:r:surfaceflinger:s0 pid=728 scontext=u:r:surfaceflinger:s0 tcontext=u:object_r:default_android_hwservice:s0 tclass=hwservice_manager permissive=0
05-16 15:36:18.989   728   728 W surfaceflinger: type=1400 audit(0.0:26426): avc: denied { read } for name="cust" dev="mmcblk0p53" ino=60288 scontext=u:r:surfaceflinger:s0 tcontext=u:object_r:cust_data_file:s0 tclass=lnk_file permissive=0
05-16 15:36:18.989   728   728 E BufferQueueProducer: [] [hwsched]Can not get hwsched service
05-16 15:36:18.989   728   728 E BufferQueueProducer: [] [hwsched] Sched_config_cust.xml is not exit or file is invalid!
05-16 15:36:18.989   728   728 E BufferQueueProducer: [] [hwsched] LoadFile error, path:(null), error code:3
05-16 15:36:18.991  1498  1498 I TrafficMonitor: expired arrive. level:-1
05-16 15:36:18.991  1498  1498 I TrafficMonitor: during_ms:2004,period_ms:2000
05-16 15:36:18.991  1498  1498 I TrafficMonitor: count:157,rx_sum:0,tx_sum:0,rxBytes:0,during_ms:2004,rx_speed:0.0,tx_speed:0.0,rto:0.0
05-16 15:36:18.992   532   532 E SELinux : avc:  denied  { find } for interface=vendor.huawei.hardware.hwsched::ISched sid=u:r:surfaceflinger:s0 pid=728 scontext=u:r:surfaceflinger:s0 tcontext=u:object_r:default_android_hwservice:s0 tclass=hwservice_manager permissive=0
05-16 15:36:18.992   728   728 E BufferQueueProducer: [] [hwsched]Can not get hwsched service
05-16 15:36:18.993   728   728 E BufferQueueProducer: [] [hwsched] Sched_config_cust.xml is not exit or file is invalid!
05-16 15:36:18.993   728   728 E BufferQueueProducer: [] [hwsched] LoadFile error, path:(null), error code:3
05-16 15:36:18.999  1498 13930 V WindowManager: Checking 1 opening apps (frozen=false timeout=false)...
05-16 15:36:18.999  1498 13930 V WindowManager: Check opening app=AppWindowToken{ed9593c token=Token{17def2f ActivityRecord{8ae290e u0 com.android.systemui/.recents.RecentsActivity t5}}}: allDrawn=false startingDisplayed=false startingMoved=false isRelaunching()=false
05-16 15:36:19.003  1498  2170 D WindowManager: finishDrawingWindow: Window{857b6ce u0 GestureNavLeft} mDrawState=HAS_DRAWN
05-16 15:36:19.003  1498 13930 D WindowManager: finishDrawingWindow: Window{dfd5cc3 u0 com.android.systemui/com.android.systemui.recents.RecentsActivity} mDrawState=DRAW_PENDING
05-16 15:36:19.003  1498  6258 V WindowManager: notifyAppStopped: AppWindowToken{ba17916 token=Token{2399e31 ActivityRecord{c735bb u0 com.huawei.android.launcher/.unihome.UniHomeLauncher t1}}}
05-16 15:36:19.007  2660  5029 E AwareLog: GameSdkConfigReader: GameSdkLog: idNameMap: null
05-16 15:36:19.009  1498  2163 W AwareLog: SchedLevelBoost: onFgActivitiesChanged config not set!
05-16 15:36:19.010  2465  2465 D StatusBarIconController: setIconVisibility icon is null or visibility not change visibility=false
05-16 15:36:19.010  1498  2140 V WindowManager: Checking 1 opening apps (frozen=false timeout=false)...
05-16 15:36:19.010  1498  2140 V WindowManager: Check opening app=AppWindowToken{ed9593c token=Token{17def2f ActivityRecord{8ae290e u0 com.android.systemui/.recents.RecentsActivity t5}}}: allDrawn=true startingDisplayed=false startingMoved=false isRelaunching()=false
05-16 15:36:19.011  1498  2140 I WindowManager: closing apps count = 1
05-16 15:36:19.012  6765  6765 I wangchen: SysInfo.getSysParam: orientation=1||config d=2.0,w=720,h=1520||metrics d=2.0,w=720,h=1520||sdk=27,bar_h=56
05-16 15:36:19.013  6765  6765 I KeymapLoader: w=720 h=1520 ori=true appScale=2.25 s1=2.0
05-16 15:36:19.029   728   728 W surfaceflinger: type=1400 audit(0.0:26427): avc: denied { read } for name="cust" dev="mmcblk0p53" ino=60288 scontext=u:r:surfaceflinger:s0 tcontext=u:object_r:cust_data_file:s0 tclass=lnk_file permissive=0
05-16 15:36:19.031  2465  2465 D BarTransitions.HwPhoneStatusBarView: MODE_TRANSLUCENT -> MODE_TRANSPARENT animate=false
05-16 15:36:19.031  2465  2465 D BarTransitions.HwPhoneStatusBarView: applyModeBackground oldMode=MODE_TRANSLUCENT newMode=MODE_TRANSPARENT animate=false
05-16 15:36:19.033   728   728 W surfaceflinger: type=1400 audit(0.0:26428): avc: denied { read } for name="cust" dev="mmcblk0p53" ino=60288 scontext=u:r:surfaceflinger:s0 tcontext=u:object_r:cust_data_file:s0 tclass=lnk_file permissive=0
05-16 15:36:19.034   532   532 E SELinux : avc:  denied  { find } for interface=vendor.huawei.hardware.hwsched::ISched sid=u:r:surfaceflinger:s0 pid=728 scontext=u:r:surfaceflinger:s0 tcontext=u:object_r:default_android_hwservice:s0 tclass=hwservice_manager permissive=0
05-16 15:36:19.034   728   728 E BufferQueueProducer: [] [hwsched]Can not get hwsched service
05-16 15:36:19.034   728   728 E BufferQueueProducer: [] [hwsched] Sched_config_cust.xml is not exit or file is invalid!
05-16 15:36:19.034   728   728 E BufferQueueProducer: [] [hwsched] LoadFile error, path:(null), error code:3
05-16 15:36:19.036   532   532 E SELinux : avc:  denied  { find } for interface=vendor.huawei.hardware.hwsched::ISched sid=u:r:surfaceflinger:s0 pid=728 scontext=u:r:surfaceflinger:s0 tcontext=u:object_r:default_android_hwservice:s0 tclass=hwservice_manager permissive=0
05-16 15:36:19.036   728   728 E BufferQueueProducer: [] [hwsched]Can not get hwsched service
05-16 15:36:19.037   728   728 E BufferQueueProducer: [] [hwsched] Sched_config_cust.xml is not exit or file is invalid!
05-16 15:36:19.037   728   728 E BufferQueueProducer: [] [hwsched] LoadFile error, path:(null), error code:3
05-16 15:36:19.040  2465 17653 D HwRecentsLockUtils: Search
05-16 15:36:19.041  2646  4513 E HsmCoreServiceImpl: onTransact in code is: 103
05-16 15:36:19.041  2646  4513 I MediaProcessHandler: playingUids: 
05-16 15:36:19.043  1498  2170 D WindowManager: finishDrawingWindow: Window{789160b u0 GestureNavRight} mDrawState=HAS_DRAWN
05-16 15:36:19.045  1498  2140 V WindowManager: Exit animation finished in Window{9ef8008 u0 com.huawei.android.launcher/com.huawei.android.launcher.unihome.UniHomeLauncher EXITING}: remove=false
05-16 15:36:19.045  1498  2140 E WindowManager: win=Window{9ef8008 u0 com.huawei.android.launcher/com.huawei.android.launcher.unihome.UniHomeLauncher EXITING} destroySurfaces: appStopped=true win.mWindowRemovalAllowed=false win.mRemoveOnExit=false
05-16 15:36:19.045  1498  2170 E Input   : getAxisValue(): y-999.3--1484.0--484.7
05-16 15:36:19.045  1498  2170 E Input   : getAxisValue(): y-999.3--1484.0--484.7
05-16 15:36:19.046  2465  2465 I SystemUiUtil:  isSimpleModeOn simpleModeValue = 1
05-16 15:36:19.046  2465  2465 I SystemUiUtil:  isNewSimpleModeOn newSimpleModeValue = 0
05-16 15:36:19.048  2465  2465 I SystemUiUtil:  isSimpleModeOn simpleModeValue = 1
05-16 15:36:19.048  2465  2465 I SystemUiUtil:  isNewSimpleModeOn newSimpleModeValue = 0
05-16 15:36:19.049  2465  2465 I SystemUiUtil:  isSimpleModeOn simpleModeValue = 1
05-16 15:36:19.050  2465  2465 I SystemUiUtil:  isNewSimpleModeOn newSimpleModeValue = 0
05-16 15:36:19.059  1498  2170 D WindowManager: finishDrawingWindow: Window{857b6ce u0 GestureNavLeft} mDrawState=HAS_DRAWN
05-16 15:36:19.061  2465  2465 D BarTransitions.HwNavigationBarView: MODE_TRANSLUCENT -> MODE_TRANSPARENT animate=false
05-16 15:36:19.061  2465  2465 D BarTransitions.HwNavigationBarView: applyModeBackground oldMode=MODE_TRANSLUCENT newMode=MODE_TRANSPARENT animate=false
05-16 15:36:19.062  1498  2381 D HwArpVerifier: getIpRouteTable
05-16 15:36:19.063  1498  2170 D WindowManager: finishDrawingWindow: Window{789160b u0 GestureNavRight} mDrawState=HAS_DRAWN
05-16 15:36:19.064  1498  2170 E Input   : getAxisValue(): y-999.3--1484.0--484.7
05-16 15:36:19.105  1498  2170 I chatty  : uid=1000(system) GestureNavManag identical 6 lines
05-16 15:36:19.105  1498  2170 E Input   : getAxisValue(): y-999.3--1484.0--484.7
05-16 15:36:19.118  1498  2325 E WificondControl: Noise: 0, Snr: -1, Chload: -1
05-16 15:36:19.118  1498  2325 E HwWifiStatStore: updateLinkSpeed  linkSpeed =72 lastSpdLev=2 index=2
05-16 15:36:19.118  1498  2327 D HwWifiCHRStateManager: handleMessage : 1001
05-16 15:36:19.118  1498  2327 D HwWifiCHRStateManager: handleUpdateChannel:2457
05-16 15:36:19.118  2411  2411 D wpa_supplicant: sta hidl pwrPercentBoostModesetInternal
05-16 15:36:19.120  1498  2325 D WifiScoreReport: Score = 100, wifiConnectivityManagerEnabled = false, lowScoreCount = 0
05-16 15:36:19.122  1498  2170 E Input   : getAxisValue(): y-999.3--1484.0--484.7
05-16 15:36:19.122  1498  2170 E Input   : getAxisValue(): y-999.3--1484.0--484.7
05-16 15:36:19.137   765   786 E libnav  : CablComputeBacklightLevel(): UpdateType = DifferentSceneUpdate
05-16 15:36:19.138  1498  2170 E Input   : getAxisValue(): y-999.3--1484.0--484.7
05-16 15:36:19.139  1498  2170 E Input   : getAxisValue(): y-999.3--1484.0--484.7
05-16 15:36:19.143  1498  2381 D HwArpVerifier: Notify wifi default route is ok
05-16 15:36:19.154   833   905 E dubaid  : [CpuHandler.cpp] readFreqTime# Failed to open cpufreq node of cluster: 0
05-16 15:36:19.154   833   905 E dubaid  : [CpuHandler.cpp] accountingComponentData# Invalid delta time: Cluster0 total frequency time: 0
05-16 15:36:19.155  1498  2170 E Input   : getAxisValue(): y-999.3--1484.0--484.7
05-16 15:36:19.205  1498  2170 I chatty  : uid=1000(system) GestureNavManag identical 6 lines
05-16 15:36:19.205  1498  2170 E Input   : getAxisValue(): y-999.3--1484.0--484.7
05-16 15:36:19.207  2465  2545 I EventCenter: ContentChange for slot: 1
05-16 15:36:19.208  2465  2465 I HwBrightnessUtils: APS brightness=57.0,ConvertToPercentage=0.42148194
05-16 15:36:19.209  2660  2800 I DeviceMonitor: WKLOCK EVT:161 uid:10022 flags:1 pid:-2 tag:*launch*
05-16 15:36:19.210  2465  2545 I EventCenter: ContentChange for slot: 1
05-16 15:36:19.222  1498  2170 E Input   : getAxisValue(): y-999.3--1484.0--484.7
05-16 15:36:19.322  1498  2170 I chatty  : uid=1000(system) GestureNavManag identical 12 lines
05-16 15:36:19.322  1498  2170 E Input   : getAxisValue(): y-999.3--1484.0--484.7
05-16 15:36:19.338   765   786 E libnav  : CablComputeBacklightLevel(): UpdateType = DifferentSceneUpdate
05-16 15:36:19.339  1498  2170 E Input   : getAxisValue(): y-999.3--1484.0--484.7
05-16 15:36:19.406  1498  2170 I chatty  : uid=1000(system) GestureNavManag identical 8 lines
05-16 15:36:19.406  1498  2170 E Input   : getAxisValue(): y-999.3--1484.0--484.7
05-16 15:36:19.408  2465  2465 D StatusBarIconController: setIconVisibility icon is null or visibility not change visibility=false
05-16 15:36:19.409  2465  2465 D NetWorkUtils: mVSimCurCardType is -1
05-16 15:36:19.409  2465  2465 D StatusBarIconController: setIconVisibility icon is null or visibility not change visibility=false
05-16 15:36:19.409  2465  2465 D NetWorkUtils: mVSimCurCardType is -1
05-16 15:36:19.410  2465  2465 D StatusBarIconController: setIconVisibility icon is null or visibility not change visibility=false
05-16 15:36:19.410  2465  2465 D NetWorkUtils: mVSimCurCardType is -1
05-16 15:36:19.410  2465  2465 I Tile.WifiTile: setWifiIndicators  CallbackInfo = CallbackInfo[enabled=true,connected=true,wifiSignalIconId=2130838423,enabledDesc="H2",activityIn=true,activityOut=true,wifiSignalContentDescription=WLAN 信号强度满格。]
05-16 15:36:19.422  1498  1498 I HwNormalizedSpline: DayMode:getBrightnessLevel lux =235.0, mDefaultBrightnessFromLux =57.338085
05-16 15:36:19.423  1498  2170 E Input   : getAxisValue(): y-999.3--1484.0--484.7
05-16 15:36:19.575  1498  2170 I chatty  : uid=1000(system) GestureNavManag identical 18 lines
05-16 15:36:19.575  1498  2170 E Input   : getAxisValue(): y-999.3--1484.0--484.7
05-16 15:36:19.592   704   704 E qdlights: set_light_backlight: brightness 54: 
05-16 15:36:19.594  1498  2170 E Input   : getAxisValue(): y-999.3--1484.0--484.7
05-16 15:36:19.594  1498  2170 I chatty  : uid=1000(system) GestureNavManag identical 1 line
05-16 15:36:19.595  1498  2170 E Input   : getAxisValue(): y-999.3--1484.0--484.7
05-16 15:36:19.595  1498  2170 I GestureNav_Strategy: gesture success, reallyStarted=true, slowStarted=true, velocity=0.028128127, fastChecking=false, fastGesture=false
05-16 15:36:19.595  1498  2170 I GestureNavAnim: Recent started, notify success up
05-16 15:36:19.622   704   704 D qdlights: write_init ok
05-16 15:36:19.626  1498  2170 I GestureNavAnim: transact code:122 , name:notifyRecentEnd, param:2
05-16 15:36:19.627  2465 17653 D CommandQueue: onGestureEvent
05-16 15:36:19.627  2465 17653 D CommandQueue: CommandQueue, onGestureEvent
05-16 15:36:19.628  2465  2465 I HwRecentsView: updateClearBox will send mSubThreadHandler message!
05-16 15:36:19.745  2465  2465 D WeatherHelper: City info empty
05-16 15:36:19.746  2465  2465 D WeatherHelper: City info empty
05-16 15:36:19.780  2465 13910 I HwRecentsView: handleMessage deal with msg : { when=-1ms what=8 target=com.android.systemui.recents.views.HwRecentsView$SubThreadHandler }
05-16 15:36:19.781  2465 13910 I HwRecentsView: Before getAvaildMemSize 
05-16 15:36:19.814   570 17950 W libc    : Set property "hw.wifi.dns_stat" to "7323,5400,3835,1,175375"
05-16 15:36:19.843  2465  2465 D WeatherHelper: City info empty
05-16 15:36:19.843  2465  2465 D DateTimeView: Change to single clock mode!
05-16 15:36:19.844  2465  2465 D WeatherHelper: City info empty
05-16 15:36:19.844  2465  2465 I ColorPickUitls: type = 2
05-16 15:36:19.845  2465  2465 D WeatherHelper: City info empty
05-16 15:36:19.845  2465  2465 D DateTimeView: Change to single clock mode!
05-16 15:36:19.846  2465  2465 D WeatherHelper: City info empty
05-16 15:36:19.846  2465  2465 I ColorPickUitls: type = 2
05-16 15:36:20.001  1498  1498 I TrafficMonitor: update:rxPkts:1,txPkts:3,rxBytes:80,txBytes:184
05-16 15:36:20.001  1498  1498 I TrafficMonitor: start expired. level:-1
05-16 15:36:20.001  1498  1498 I TrafficMonitor: gettimer:interval=2000
05-16 15:36:20.103  1498  2326 D HwWifiStatStore: handleMessage : 200
05-16 15:36:20.124  2465  2465 V AudioManager: playSoundEffect   effectType: 0
05-16 15:36:20.126  2465  2529 D ReporterUtil:  e id:338 type:{status:false,pkg:com.android.htmlviewer}
05-16 15:36:20.133  2660  2800 I DeviceMonitor: WKLOCK EVT:160 uid:10051 flags:1 pid:-2 tag:*launch*
05-16 15:36:20.143  2465  2465 I ViewRootImpl: jank_removeInvalidNode all the node in jank list is out of time
05-16 15:36:20.143 16774 16774 E HwThemeManager: BroadcastHomeKeyReceiver error:==========onReceiveMsg action : android.intent.action.CLOSE_SYSTEM_DIALOGS
05-16 15:36:20.143 16774 16774 E HwThemeManager: BroadcastHomeKeyReceiver error:==========onReceiveMsg reason : homekey
05-16 15:36:20.144 16774 16774 I HwThemeManager: BroadcastHomeKeyReceiver info:=======homekey======
05-16 15:36:20.145  1498  6258 E ActivityManager: applyOptionsLocked: Unknown animationType=0
05-16 15:36:20.145  1498  6258 V WindowManager: No longer Stopped: AppWindowToken{f4b7174 token=Token{b34e547 ActivityRecord{91d4886 u0 com.android.htmlviewer/.HTMLViewerActivity t59}}}
05-16 15:36:20.145  1498  6258 V WindowManager: findFocusedWindow: AppWindowToken{ed9593c token=Token{17def2f ActivityRecord{8ae290e u0 com.android.systemui/.recents.RecentsActivity t5}}} below Reached focused app=AppWindowToken{f4b7174 token=Token{b34e547 ActivityRecord{91d4886 u0 com.android.htmlviewer/.HTMLViewerActivity t59}}}
05-16 15:36:20.149  2660  2800 D ScenarioService: front pkg : com.android.htmlviewer launcher: false
05-16 15:36:20.150  2660  2800 D ScenarioService: new above launcher front pkgs: [com.android.htmlviewer]
05-16 15:36:20.150  2660  2800 I AppManager: handleAppFrontEvent: com.android.htmlviewer
05-16 15:36:20.150  2660  2800 I AppsUsage: scnOff:false FgAPP:com.android.htmlviewer BgAPP:com.android.systemui
05-16 15:36:20.150  2660  2800 D PG_DBS_WIFI: mBgScanTimer == null, switch error!
05-16 15:36:20.150  2660  3205 I ash     : front pkg : com.android.htmlviewer launcher: false
05-16 15:36:20.150  2660  3205 I ash     : above launcher front pkgs: [com.android.htmlviewer]
05-16 15:36:20.151  2660  4928 E AwareLog: LCDSchedFeature: DisplayServices setData FAILED
05-16 15:36:20.151  2660  3227 I BacklightControl: Ratio: 70 Auto: true
05-16 15:36:20.152  2660  3803 I PGServer: report state:10000 event type:2 pid:0 uid:0 pkg:com.android.systemui to pid: 2660
05-16 15:36:20.152  2660  3803 I SceneReceiver: state type: 10000 eventType:2 pid:0 uid:0 pkg:com.android.systemui
05-16 15:36:20.152  1498  2374 D EmcomManagerService: forePackage name is com.android.htmlviewer
05-16 15:36:20.152  2660  3803 I PGServer: report state:10000 event type:2 pid:0 uid:0 pkg:com.android.systemui to pid: 1498
05-16 15:36:20.152  1498  2374 D HicomMonitor: notifyForegroundAppChanged: begin
05-16 15:36:20.152  1498  2374 D XEngineProcessor: onForegroundAppChanged, pkgName:com.android.htmlviewer
05-16 15:36:20.152  1498  2374 I XEngineProcessor: Feature is not enable.
05-16 15:36:20.152  1498  2374 D HicomMonitor: onForegroundAppChanged is called
05-16 15:36:20.152  2660  3803 I PGServer: report state:10003 event type:1 pid:0 uid:0 pkg:com.android.htmlviewer to pid: 2660
05-16 15:36:20.152  2660  3803 I SceneReceiver: state type: 10003 eventType:1 pid:0 uid:0 pkg:com.android.htmlviewer
05-16 15:36:20.152  2660  4929 D HwThermalStateManager: current foreapp pkg : com.android.htmlviewer
05-16 15:36:20.152  2660  4929 D HwThermalStateManager: really app:com.android.htmlviewer
05-16 15:36:20.152  2660  2686 I PGServer: checkPkgType. calling pkg: android
05-16 15:36:20.153  1498  2159 I LightsService: setLcdRatio ratio:70 autoAdjust:true
05-16 15:36:20.153  2660  3803 I PGServer: report state:10003 event type:1 pid:0 uid:0 pkg:com.android.htmlviewer to pid: 1498
05-16 15:36:20.154  2660  2686 I PGServer: checkPkgType. calling pkg: android
05-16 15:36:20.159  1498  6258 I WindowManager: rotationForOrientationLw(orient=-1, last=0); user=0 USER_ROTATION_LOCKED
05-16 15:36:20.159  1498  6258 D HwPhoneWindowManager: face_rotation: not enabled,use sensor real
05-16 15:36:20.159  1498  6258 D HwPhoneWindowManager: face_rotation:real sensor rotation = -1
05-16 15:36:20.159  1498  6258 D HwPhoneWindowManager: face_rotation: rotation = 0
05-16 15:36:20.159  1498  6258 I WindowManager: Selected orientation -1, got rotation 0 which has compatible metrics
05-16 15:36:20.161  1498  6258 V WindowManager: notifyAppResumed: wasStopped=true AppWindowToken{f4b7174 token=Token{b34e547 ActivityRecord{91d4886 u0 com.android.htmlviewer/.HTMLViewerActivity t59}}}
05-16 15:36:20.161  1498  6258 V WindowManager: No longer Stopped: AppWindowToken{f4b7174 token=Token{b34e547 ActivityRecord{91d4886 u0 com.android.htmlviewer/.HTMLViewerActivity t59}}}
05-16 15:36:20.162  2465 17576 I RecentsTransitionHelper: SPECS_WAITING to wait
05-16 15:36:20.166  1498  6258 V WindowManager: Checking 1 opening apps (frozen=false timeout=false)...
05-16 15:36:20.166  1498  6258 V WindowManager: Check opening app=AppWindowToken{f4b7174 token=Token{b34e547 ActivityRecord{91d4886 u0 com.android.htmlviewer/.HTMLViewerActivity t59}}}: allDrawn=false startingDisplayed=false startingMoved=false isRelaunching()=false
05-16 15:36:20.166   714   750 E ANDR-PERF-MPCTL: Invalid profile no. 0, total profiles 0 only
05-16 15:36:20.167   714   750 E ANDR-PERF-OPTSHANDLER: Perflock resource /proc/sys/kernel/sched_spill_nr_run not supported
05-16 15:36:20.167   714   750 E ANDR-PERF-RESOURCEQS: Failed to apply optimization [3, 11]
05-16 15:36:20.167   714   750 E ANDR-PERF-OPTSHANDLER: Perflock resource /proc/sys/kernel/sched_restrict_cluster_spill not supported
05-16 15:36:20.167   714   750 E ANDR-PERF-RESOURCEQS: Failed to apply optimization [3, 13]
05-16 15:36:20.169  1498  2163 W AwareLog: SchedLevelBoost: onFgActivitiesChanged config not set!
05-16 15:36:20.169  2660  5029 E AwareLog: GameSdkConfigReader: GameSdkLog: idNameMap: null
05-16 15:36:20.170  2465  2465 W HwKeyguardDragHelper: AnimationBlocked
05-16 15:36:20.170  1498  1782 D HiDATA_ContentAware: mForegroundAppPackageName: com.android.htmlviewer ,score: 0
05-16 15:36:20.170  1498  1782 D HiDATA  : onForegroundAppWifiSleepChange: config:false, sleeptime:-1,type: 255, appname:com.android.htmlviewer
05-16 15:36:20.170  1498  1782 D MSSArbitrager: setGameForeground:false
05-16 15:36:20.171  1498  1782 D HiDATA  : APP type: 255 appName= com.android.htmlviewer
05-16 15:36:20.171  1498  2159 D HwGameAssistantController: pid=16920, uid=10051, component=ComponentInfo{com.android.htmlviewer/com.android.htmlviewer.HTMLViewerActivity}
05-16 15:36:20.171  1498  1782 D HiDATA  : no game, APP_TYPE_GAME, appName =com.android.htmlviewer
05-16 15:36:20.171  1498  1782 D HiDATA_ContentAware: packageName = com.android.htmlviewer, uid = 10051
05-16 15:36:20.171  1498  1931 D HwGameAssistantController: UPDATE: mCurFgPkg=com.android.htmlviewer, mCurFgPid=16920, mCurIsGame=false
05-16 15:36:20.172  1498  1772 W HwActivityManagerServiceEx: HwActivityNotifier end call android.app.IHwActivityNotifier$Stub$Proxy@33d0546 for activityLifeState under user 0 cost 1
05-16 15:36:20.174  1498  2159 I HwAudioService: now type = 255,reportForegroundAppType = 255,systemload = 255
05-16 15:36:20.175   532   532 E SELinux : avc:  denied  { find } for interface=vendor.huawei.hardware.hwsched::ISched sid=u:r:platform_app:s0:c512,c768 pid=2465 scontext=u:r:platform_app:s0:c512,c768 tcontext=u:object_r:default_android_hwservice:s0 tclass=hwservice_manager permissive=0
05-16 15:36:20.176   728   728 W surfaceflinger: type=1400 audit(0.0:26429): avc: denied { read } for name="cust" dev="mmcblk0p53" ino=60288 scontext=u:r:surfaceflinger:s0 tcontext=u:object_r:cust_data_file:s0 tclass=lnk_file permissive=0
05-16 15:36:20.176  2465  2465 E BufferQueueProducer: [] [hwsched]Can not get hwsched service
05-16 15:36:20.177  2465  2465 E BufferQueueProducer: [] [hwsched] Sched_config_cust.xml is not exit or file is invalid!
05-16 15:36:20.177  2465  2465 E BufferQueueProducer: [] [hwsched] LoadFile error, path:(null), error code:3
05-16 15:36:20.178  2465  2888 D OpenGLRenderer:   HWUI Binary is  disabled
05-16 15:36:20.180  1498  2159 I HwNetworkPolicy: onTransact, code = 203
05-16 15:36:20.180   532   532 E SELinux : avc:  denied  { find } for interface=vendor.huawei.hardware.hwsched::ISched sid=u:r:surfaceflinger:s0 pid=728 scontext=u:r:surfaceflinger:s0 tcontext=u:object_r:default_android_hwservice:s0 tclass=hwservice_manager permissive=0
05-16 15:36:20.180  2955  3142 I HwNetworkPolicyManager: getHwUidPolicy uid = 10051 policy = 0
05-16 15:36:20.180   728   728 E BufferQueueProducer: [] [hwsched]Can not get hwsched service
05-16 15:36:20.180   728   728 E BufferQueueProducer: [] [hwsched] Sched_config_cust.xml is not exit or file is invalid!
05-16 15:36:20.181   728   728 E BufferQueueProducer: [] [hwsched] LoadFile error, path:(null), error code:3
05-16 15:36:20.182  1498 13930 V HwPhoneWindowManager: updateSystemUiColorLw window=Window{5eee7be u0 com.android.htmlviewer/com.android.htmlviewer.HTMLViewerActivity},EmuiStyle=1,StatusBarColor=0xfffcfcfc,NavigationBarColor=0xfffcfcfc, mLastIsEmuiLightStyle=1, mForceNotchStatusBar=false
05-16 15:36:20.183  2465  2465 E BufferItemConsumer: [unnamed-2465-5] Failed to release buffer: Unknown error -1 (1)
05-16 15:36:20.183  1498  1782 D HwPhoneWindowManager: Transact:setSystemUIColor to status bar service
05-16 15:36:20.183  2465  2465 I RecentsTransitionHelper: notifyAll,mAppTransitionAnimationSpecs=[{taskId: 59, buffer: android.graphics.GraphicBuffer@18e253f, rect: Rect(32, 344 - 688, 1488)}]
05-16 15:36:20.183  2465 17653 I CommandQueue: updateBarBgColor
05-16 15:36:20.183  2465 17653 D CommandQueue: CommandQueue, setBarBackgroundColor
05-16 15:36:20.183  2465  2465 W ImageWallpaper: trimMemory condition not ready!
05-16 15:36:20.189  1498 13930 V WindowManager: Checking 1 opening apps (frozen=false timeout=false)...
05-16 15:36:20.189  1498 13930 V WindowManager: Check opening app=AppWindowToken{f4b7174 token=Token{b34e547 ActivityRecord{91d4886 u0 com.android.htmlviewer/.HTMLViewerActivity t59}}}: allDrawn=false startingDisplayed=false startingMoved=false isRelaunching()=false
05-16 15:36:20.192   728  3236 E BufferQueueProducer: [] mConsumerName == NULL!!!!!!
05-16 15:36:20.194  2465  2465 D TintManager: statusBarIconTint=99000000,navigationBarIconTint=99000000
05-16 15:36:20.194  1498  2140 V WindowManager: Checking 1 opening apps (frozen=false timeout=false)...
05-16 15:36:20.194  1498  2140 V WindowManager: Check opening app=AppWindowToken{f4b7174 token=Token{b34e547 ActivityRecord{91d4886 u0 com.android.htmlviewer/.HTMLViewerActivity t59}}}: allDrawn=false startingDisplayed=false startingMoved=false isRelaunching()=false
05-16 15:36:20.199  2465  2465 D StatusBarIconController: setIconVisibility icon is null or visibility not change visibility=false
05-16 15:36:20.211  1498  6258 D WindowManager: finishDrawingWindow: Window{5eee7be u0 com.android.htmlviewer/com.android.htmlviewer.HTMLViewerActivity} mDrawState=DRAW_PENDING
05-16 15:36:20.211 16920 16920 I ViewRootImpl: jank_removeInvalidNode all the node in jank list is out of time
05-16 15:36:20.212 16920 16920 W InputMethodManager: startInputReason = 1
05-16 15:36:20.217  1498  2140 V WindowManager: Checking 1 opening apps (frozen=false timeout=false)...
05-16 15:36:20.217  1498  2140 V WindowManager: Check opening app=AppWindowToken{f4b7174 token=Token{b34e547 ActivityRecord{91d4886 u0 com.android.htmlviewer/.HTMLViewerActivity t59}}}: allDrawn=true startingDisplayed=false startingMoved=false isRelaunching()=false
05-16 15:36:20.217  1498  2140 I WindowManager: closing apps count = 1
05-16 15:36:20.244  2465  2465 D BarTransitions.HwPhoneStatusBarView: MODE_TRANSPARENT -> MODE_TRANSLUCENT animate=false
05-16 15:36:20.244  2465  2465 D BarTransitions.HwPhoneStatusBarView: applyModeBackground oldMode=MODE_TRANSPARENT newMode=MODE_TRANSLUCENT animate=false
05-16 15:36:20.244  2465  2465 D BarTransitions.HwNavigationBarView: MODE_TRANSPARENT -> MODE_OPAQUE animate=false
05-16 15:36:20.244  2465  2465 D BarTransitions.HwNavigationBarView: applyModeBackground oldMode=MODE_TRANSPARENT newMode=MODE_OPAQUE animate=false
05-16 15:36:20.247  2660  2800 I DeviceMonitor: WKLOCK EVT:161 uid:10051 flags:1 pid:-2 tag:*launch*
05-16 15:36:20.247  6765  6765 I wangchen: SysInfo.getSysParam: orientation=1||config d=2.0,w=720,h=1520||metrics d=2.0,w=720,h=1520||sdk=27,bar_h=56
05-16 15:36:20.248  6765  6765 I KeymapLoader: w=720 h=1520 ori=true appScale=2.25 s1=2.0
05-16 15:36:20.263  2465  2465 I HwRecentTaskRemove: notifyRemoveStart called, clickTime:1557984872553
05-16 15:36:20.265  2465 17576 D HwRecentsLockUtils: Search
05-16 15:36:20.266  2646  4513 E HsmCoreServiceImpl: onTransact in code is: 103
05-16 15:36:20.266  2646  4513 I MediaProcessHandler: playingUids: 
05-16 15:36:20.275  1498  2159 V WindowManager: notifyAppStopped: AppWindowToken{ed9593c token=Token{17def2f ActivityRecord{8ae290e u0 com.android.systemui/.recents.RecentsActivity t5}}}
05-16 15:36:20.324   765   786 E libnav  : CablComputeBacklightLevel(): UpdateType = DifferentSceneUpdate
05-16 15:36:20.325  1498  2140 V WindowManager: Exit animation finished in Window{dfd5cc3 u0 com.android.systemui/com.android.systemui.recents.RecentsActivity EXITING}: remove=false
05-16 15:36:20.325  1498  2140 E WindowManager: win=Window{dfd5cc3 u0 com.android.systemui/com.android.systemui.recents.RecentsActivity EXITING} destroySurfaces: appStopped=true win.mWindowRemovalAllowed=false win.mRemoveOnExit=false
05-16 15:36:20.333  2465  2465 D ImageWallpaper: onVisibilityChanged: mVisible, visible=true, false
05-16 15:36:20.333  2465  2465 D ImageWallpaper: Visibility changed to visible=false
05-16 15:36:20.405   833   905 E dubaid  : [CpuHandler.cpp] readFreqTime# Failed to open cpufreq node of cluster: 0
05-16 15:36:20.405   833   905 E dubaid  : [CpuHandler.cpp] accountingComponentData# Invalid delta time: Cluster0 total frequency time: 0
05-16 15:36:20.410  2465  2465 D StatusBarIconController: setIconVisibility icon is null or visibility not change visibility=false
05-16 15:36:20.410  2465  2465 D NetWorkUtils: mVSimCurCardType is -1
05-16 15:36:20.411  2465  2465 D StatusBarIconController: setIconVisibility icon is null or visibility not change visibility=false
05-16 15:36:20.411  2465  2465 D NetWorkUtils: mVSimCurCardType is -1
05-16 15:36:20.411  2465  2465 D StatusBarIconController: setIconVisibility icon is null or visibility not change visibility=false
05-16 15:36:20.411  2465  2465 D NetWorkUtils: mVSimCurCardType is -1
05-16 15:36:20.411  2465  2465 I Tile.WifiTile: setWifiIndicators  CallbackInfo = CallbackInfo[enabled=true,connected=true,wifiSignalIconId=2130838423,enabledDesc="H2",activityIn=false,activityOut=true,wifiSignalContentDescription=WLAN 信号强度满格。]
05-16 15:36:20.823  1498  2414 D lux trace:: [245.0/57520849, 244.0/57521050, 236.0/57521252, 235.0/57521454, 237.0/57521657, 243.0/57521861, 238.0/57522062, 235.0/57522264, 235.0/57522462, 239.0/57522663, 245.0/57522864, 239.0/57523064, 235.0/57523266, 234.0/57523467, 240.0/57523671, 244.0/57523872, 237.0/57524072, 234.0/57524274, 234.0/57524474, 242.0/57524676, 244.0/57524878]
05-16 15:36:21.247  2465 13910 I HwRecentsView: After getAvaildMemSize 
05-16 15:36:21.247  1498  2170 D GestureBackAnimation: GLGestureBackRender-setSide with false
05-16 15:36:21.255  2465 13910 I HwRecentsView: handleMessage deal with msg : { when=-1s126ms what=32 target=com.android.systemui.recents.views.HwRecentsView$SubThreadHandler }
05-16 15:36:21.263  1498  2170 E Input   : getAxisValue(): x-680.1--688.0--7.9
05-16 15:36:21.263  1498  2170 E Input   : getAxisValue(): x-680.1--688.0--7.9
05-16 15:36:21.263  1498  2170 I GestureNav_Strategy: angle:1.7369155662997118, velocity:3918.4463, checkTimeout:true, fastChecking:false, delayTime:0, slipOutMode:1, distanceX:38.90454, distanceY:1.1797485
05-16 15:36:21.263  1498  2170 I GestureNav_Strategy: gesture really started
05-16 15:36:21.264  1498  2170 D GestureBackAnimation: GLGestureBackRender-setDraw with true
05-16 15:36:21.264  1498  2170 D GestureBackAnimation: GLGestureBackRender-setAnimPosition with 830.4537
05-16 15:36:21.264  1498  2170 I GestureNav_Strategy: gesture slow process started
05-16 15:36:21.264  1498  2170 D GestureBackAnimation: GLGestureBackRender-setAnimProcess with 0.17117998
05-16 15:36:21.264  1498  2170 D GestureBackAnimation: GLGestureBackRender-setAnimProcess with 0.17117998
05-16 15:36:21.265  1498  2170 I WindowManager: rotationForOrientationLw(orient=14, last=0); user=0 USER_ROTATION_LOCKED
05-16 15:36:21.265  1498  2170 D HwPhoneWindowManager: face_rotation: not enabled,use sensor real
05-16 15:36:21.265  1498  2170 D HwPhoneWindowManager: face_rotation:real sensor rotation = -1
05-16 15:36:21.265  1498  2170 D HwPhoneWindowManager: face_rotation: rotation = 0
05-16 15:36:21.265  1498  2170 I WindowManager: Selected orientation 14, got rotation 0 which has compatible metrics
05-16 15:36:21.269   728   728 W surfaceflinger: type=1400 audit(0.0:26430): avc: denied { read } for name="cust" dev="mmcblk0p53" ino=60288 scontext=u:r:surfaceflinger:s0 tcontext=u:object_r:cust_data_file:s0 tclass=lnk_file permissive=0
05-16 15:36:21.273   728   728 W surfaceflinger: type=1400 audit(0.0:26431): avc: denied { read } for name="cust" dev="mmcblk0p53" ino=60288 scontext=u:r:surfaceflinger:s0 tcontext=u:object_r:cust_data_file:s0 tclass=lnk_file permissive=0
05-16 15:36:21.275   532   532 E SELinux : avc:  denied  { find } for interface=vendor.huawei.hardware.hwsched::ISched sid=u:r:surfaceflinger:s0 pid=728 scontext=u:r:surfaceflinger:s0 tcontext=u:object_r:default_android_hwservice:s0 tclass=hwservice_manager permissive=0
05-16 15:36:21.275   728   728 E BufferQueueProducer: [] [hwsched]Can not get hwsched service
05-16 15:36:21.275   728   728 E BufferQueueProducer: [] [hwsched] Sched_config_cust.xml is not exit or file is invalid!
05-16 15:36:21.275   728   728 E BufferQueueProducer: [] [hwsched] LoadFile error, path:(null), error code:3
05-16 15:36:21.278   532   532 E SELinux : avc:  denied  { find } for interface=vendor.huawei.hardware.hwsched::ISched sid=u:r:surfaceflinger:s0 pid=728 scontext=u:r:surfaceflinger:s0 tcontext=u:object_r:default_android_hwservice:s0 tclass=hwservice_manager permissive=0
05-16 15:36:21.278   728   728 E BufferQueueProducer: [] [hwsched]Can not get hwsched service
05-16 15:36:21.278   728   728 E BufferQueueProducer: [] [hwsched] Sched_config_cust.xml is not exit or file is invalid!
05-16 15:36:21.278   728   728 E BufferQueueProducer: [] [hwsched] LoadFile error, path:(null), error code:3
05-16 15:36:21.282  1498  2413 D GestureBackAnimation: GLGestureBackRender-onSurfaceChanged width 720, height 1520
05-16 15:36:21.293  1498  2413 D GestureBackAnimation: GLGestureBackRender-onSurfaceChanged width 720, height 1520
05-16 15:36:21.300  1498  2170 E Input   : getAxisValue(): x-602.8--688.0--85.2
05-16 15:36:21.300  1498  2170 E Input   : getAxisValue(): x-602.8--688.0--85.2
05-16 15:36:21.300  1498  2170 D GestureBackAnimation: GLGestureBackRender-setAnimProcess with 0.51128757
05-16 15:36:21.308  1498  2170 D WindowManager: finishDrawingWindow: Window{628ebcf u0 GestureNavAnimBack} mDrawState=HAS_DRAWN
05-16 15:36:21.311  1498  2170 E Input   : getAxisValue(): x-555.1--688.0--132.9
05-16 15:36:21.311  1498  2170 E Input   : getAxisValue(): x-555.1--688.0--132.9
05-16 15:36:21.312  1498  2170 D GestureBackAnimation: GLGestureBackRender-setAnimProcess with 0.7210578
05-16 15:36:21.328  1498  2170 E Input   : getAxisValue(): x-514.3--688.0--173.7
05-16 15:36:21.328  1498  2170 E Input   : getAxisValue(): x-514.3--688.0--173.7
05-16 15:36:21.328  1498  2170 D GestureBackAnimation: GLGestureBackRender-setAnimProcess with 0.88174653
05-16 15:36:21.345  1498  2170 E Input   : getAxisValue(): x-471.5--688.0--216.5
05-16 15:36:21.345  1498  2170 E Input   : getAxisValue(): x-471.5--688.0--216.5
05-16 15:36:21.345  1498  2170 D GestureBackAnimation: GLGestureBackRender-setAnimProcess with 0.89782906
05-16 15:36:21.346  1498  1498 W GestureNavManag: type=1400 audit(0.0:26432): avc: denied { open } for path="/dev/__properties__/u:object_r:mmi_prop:s0" dev="tmpfs" ino=15439 scontext=u:r:system_server:s0 tcontext=u:object_r:mmi_prop:s0 tclass=file permissive=0
05-16 15:36:21.349  1498  1498 W GestureNavManag: type=1400 audit(0.0:26433): avc: denied { open } for path="/dev/__properties__/u:object_r:mmi_prop:s0" dev="tmpfs" ino=15439 scontext=u:r:system_server:s0 tcontext=u:object_r:mmi_prop:s0 tclass=file permissive=0
05-16 15:36:21.349  1498  1498 W InputDispatcher: type=1400 audit(0.0:26434): avc: denied { open } for path="/dev/__properties__/u:object_r:mmi_prop:s0" dev="tmpfs" ino=15439 scontext=u:r:system_server:s0 tcontext=u:object_r:mmi_prop:s0 tclass=file permissive=0
05-16 15:36:21.350  1498  2170 E Input   : getAxisValue(): x-469.3--688.0--218.7
05-16 15:36:21.350  1498  2170 E Input   : getAxisValue(): x-469.3--688.0--218.7
05-16 15:36:21.350  1498  2170 D GestureBackAnimation: GLGestureBackRender-setAnimProcess with 0.89861995
05-16 15:36:21.350  1498  2170 E Input   : getAxisValue(): x-469.3--688.0--218.7
05-16 15:36:21.350  1498  2170 I GestureNav_Strategy: gesture success, reallyStarted=true, slowStarted=true, velocity=2255.8442, fastChecking=false, fastGesture=false
05-16 15:36:21.351  1498  2170 D KeyEvent: obtain, mHwFlags=0
05-16 15:36:21.351  1498  2170 D HwCustPhoneWindowManager: answer call by keyCode = 4, down = true, isSupVolumnkeyAnswerCall = false
05-16 15:36:21.351  1498  2170 D HwPhoneWindowManager: if the event is injected :true
05-16 15:36:21.352  1498  2170 E libc    : Access denied finding property "runtime.mmitest.isrunning"
05-16 15:36:21.353  1498  1498 W InputDispatcher: type=1400 audit(0.0:26435): avc: denied { open } for path="/dev/__properties__/u:object_r:mmi_prop:s0" dev="tmpfs" ino=15439 scontext=u:r:system_server:s0 tcontext=u:object_r:mmi_prop:s0 tclass=file permissive=0
05-16 15:36:21.353  1498  2170 D WindowManager: interceptKeyBeforeQueueing: key 4 , result : 1
05-16 15:36:21.353  1498  2170 D KeyEvent: obtain, mHwFlags=0
05-16 15:36:21.353  1498  2170 D HwCustPhoneWindowManager: answer call by keyCode = 4, down = false, isSupVolumnkeyAnswerCall = false
05-16 15:36:21.353  1498  2170 D HwPhoneWindowManager: if the event is injected :true
05-16 15:36:21.353  1498  2170 E libc    : Access denied finding property "runtime.mmitest.isrunning"
05-16 15:36:21.353  1498  2173 D KeyEvent: obtain, mHwFlags=0
05-16 15:36:21.353  1498  2170 D WindowManager: interceptKeyBeforeQueueing: key 4 , result : 1
05-16 15:36:21.353  1498  2170 D GestureBackAnimation: GLGestureBackRender-playDisappearAnim
05-16 15:36:21.355  1498  2173 D HwGameAssistantController: Keycontrol mode is 2 for user 0
05-16 15:36:21.355  1498  2173 D HwPhoneWindowManager: deviceId:-1 mFingerPrintId:-1 isGameKeyControlOn:false,EnableKey=false,mLastKeyDownDropped=false
05-16 15:36:21.355  1498  2173 E libc    : Access denied finding property "runtime.mmitest.isrunning"
05-16 15:36:21.356  1498  2173 D KeyEvent: obtain, mHwFlags=0
05-16 15:36:21.356 16920 16920 D KeyEvent: obtain, mHwFlags=0
05-16 15:36:21.357  1498  1782 D KeyEvent: obtain, mHwFlags=0
05-16 15:36:21.357  1498  1782 D KeyEvent: obtain, mHwFlags=0
05-16 15:36:21.357  1498  2173 D HwGameAssistantController: Keycontrol mode is 2 for user 0
05-16 15:36:21.357  1498  2173 D HwPhoneWindowManager: deviceId:-1 mFingerPrintId:-1 isGameKeyControlOn:false,EnableKey=false,mLastKeyDownDropped=false
05-16 15:36:21.358  1498  2173 E libc    : Access denied finding property "runtime.mmitest.isrunning"
05-16 15:36:21.358  1498  2173 I InputDispatcher: touch process [16920], send to pg
05-16 15:36:21.388  6765  6765 D KeyEvent: obtain, mHwFlags=0
05-16 15:36:21.395  1498  2170 D GestureBackAnimation: GLGestureBackRender-setAnimProcess with 0.89861995
05-16 15:36:21.395  1498  2170 D GestureBackAnimation: GLGestureBackRender-setAnimProcess with 0.89861995
05-16 15:36:21.395  1498  2170 D GestureBackAnimation: GLGestureBackRender-setAnimProcess with 0.8978167
05-16 15:36:21.401  1498  1782 D KeyEvent: obtain, mHwFlags=0
05-16 15:36:21.401  1498  1782 D KeyEvent: obtain, mHwFlags=0
05-16 15:36:21.401 16920 16920 D KeyEvent: obtain, mHwFlags=0
05-16 15:36:21.402  6765  6765 D KeyEvent: obtain, mHwFlags=0
05-16 15:36:21.404  2465  2465 E memtrack: Couldn't load memtrack module
05-16 15:36:21.404  2465  2465 W android.os.Debug: failed to get memory consumption info: -1
05-16 15:36:21.409  2660  2800 I DeviceMonitor: WKLOCK EVT:160 uid:10051 flags:1 pid:-2 tag:*launch*
05-16 15:36:21.411  1498  2170 D GestureBackAnimation: GLGestureBackRender-setAnimProcess with 0.8860783
05-16 15:36:21.415  1498 13918 E ReportTools: This is not beta user build
05-16 15:36:21.416  1498  2766 V WindowManager: No longer Stopped: AppWindowToken{ba17916 token=Token{2399e31 ActivityRecord{c735bb u0 com.huawei.android.launcher/.unihome.UniHomeLauncher t1}}}
05-16 15:36:21.419  2660  2800 I DeviceMonitor: WKLOCK EVT:161 uid:10051 flags:1 pid:-2 tag:*launch*
05-16 15:36:21.419  2660  2800 I DeviceMonitor: WKLOCK EVT:160 uid:10056 flags:1 pid:-2 tag:*launch*
05-16 15:36:21.428  1498  2170 D GestureBackAnimation: GLGestureBackRender-setAnimProcess with 0.8527215
05-16 15:36:21.430  2660  2800 D ScenarioService: front pkg : com.huawei.android.launcher launcher: true
05-16 15:36:21.431  2660  2800 I AppManager: handleAppFrontEvent: com.huawei.android.launcher
05-16 15:36:21.431  2660  3205 I ash     : front pkg : com.huawei.android.launcher launcher: true
